 DrawLine

 Timestamp is 6146aa74 (Sun Sep 19 04:11:48 2021)

 Preferred load address is 10000000

 Start         Length     Name                   Class
 0001:00000000 0000c4f0H .text$mn                CODE
 0001:0000c4ef 00000000H .text$x                 CODE
 0001:0000c4f0 0000003dH .text$yd                CODE
 0002:00000000 0000010cH .idata$5                DATA
 0002:0000010c 00000004H .00cfg                  DATA
 0002:00000110 00000004H .CRT$XCA                DATA
 0002:00000114 00000004H .CRT$XCZ                DATA
 0002:00000118 00000004H .CRT$XIA                DATA
 0002:0000011c 0000000cH .CRT$XIC                DATA
 0002:00000128 00000004H .CRT$XIZ                DATA
 0002:0000012c 00000004H .CRT$XPA                DATA
 0002:00000130 00000008H .CRT$XPX                DATA
 0002:00000138 00000004H .CRT$XPXA               DATA
 0002:0000013c 00000004H .CRT$XPZ                DATA
 0002:00000140 00000004H .CRT$XTA                DATA
 0002:00000144 0000000cH .CRT$XTZ                DATA
 0002:00000148 00000000H .gfids$y                DATA
 0002:00000150 00004f60H .rdata                  DATA
 0002:000050ac 00000000H .rdata$r                DATA
 0002:000050b0 0000000cH .rdata$sxdata           DATA
 0002:000050bc 000002d8H .rdata$zzzdbg           DATA
 0002:00005394 00000004H .rtc$IAA                DATA
 0002:00005398 00000004H .rtc$IZZ                DATA
 0002:0000539c 00000004H .rtc$TAA                DATA
 0002:000053a0 00000008H .rtc$TZZ                DATA
 0002:000053a8 000003e8H .xdata$x                DATA
 0002:00005790 00000094H .edata                  DATA
 0002:00005824 00000014H .idata$2                DATA
 0002:00005838 00000014H .idata$3                DATA
 0002:0000584c 0000010cH .idata$4                DATA
 0002:00005958 000004ceH .idata$6                DATA
 0003:00000000 00000860H .data                   DATA
 0003:00000860 00000000H .data$r                 DATA
 0003:00000860 00000b70H .bss                    DATA
 0004:00000000 00000060H .rsrc$01                DATA
 0004:00000060 00000340H .rsrc$02                DATA

  Address         Publics by Value              Rva+Base       Lib:Object

 0000:00000000       ___guard_longjmp_count     00000000     <absolute>
 0000:00000000       ___guard_iat_count         00000000     <absolute>
 0000:00000000       __except_list              00000000     <absolute>
 0000:00000000       ___guard_fids_count        00000000     <absolute>
 0000:00000000       ___guard_longjmp_table     00000000     <absolute>
 0000:00000000       ___hybrid_code_map_count   00000000     <absolute>
 0000:00000000       ___hybrid_auxiliary_iat    00000000     <absolute>
 0000:00000000       ___dynamic_value_reloc_table 00000000     <absolute>
 0000:00000000       ___guard_fids_table        00000000     <absolute>
 0000:00000000       ___volatile_metadata       00000000     <absolute>
 0000:00000000       ___guard_iat_table         00000000     <absolute>
 0000:00000000       ___AbsoluteZero            00000000     <absolute>
 0000:00000000       ___enclave_config          00000000     <absolute>
 0000:00000000       ___hybrid_code_map         00000000     <absolute>
 0000:00000003       ___safe_se_handler_count   00000003     <absolute>
 0000:00000100       ___guard_flags             00000100     <absolute>
 0000:00000000       ___ImageBase               10000000     <linker-defined>
 0001:00000000       _GetGlobalInfoW@4          10001000 f   DrawLine.obj
 0001:00000090       _SetStartupInfoW@4         10001090 f   DrawLine.obj
 0001:000000b0       _OpenW@4                   100010b0 f   DrawLine.obj
 0001:000003f0       ?SetTitle@@YA_NHH@Z        100013f0 f   DrawLine.obj
 0001:00000570       ?ProcessShiftKey@@YAXHH@Z  10001570 f   DrawLine.obj
 0001:00000be0       _GetPluginInfoW@4          10001be0 f   DrawLine.obj
 0001:00000c30       _EncodePointerWrapper@4    10001c30 f   vc_crt_fix_impl.obj
 0001:00000cf0       _DecodePointerWrapper@4    10001cf0 f   vc_crt_fix_impl.obj
 0001:00000d40       _GetModuleHandleExWWrapper@12 10001d40 f   vc_crt_fix_impl.obj
 0001:00001080       _InitializeSListHeadWrapper@4 10002080 f   vc_crt_fix_impl.obj
 0001:000010d0       _InterlockedFlushSListWrapper@4 100020d0 f   vc_crt_fix_impl.obj
 0001:00001120       _InterlockedPopEntrySListWrapper@4 10002120 f   vc_crt_fix_impl.obj
 0001:00001170       _InterlockedPushEntrySListWrapper@8 10002170 f   vc_crt_fix_impl.obj
 0001:000011c0       _InterlockedPushListSListExWrapper@16 100021c0 f   vc_crt_fix_impl.obj
 0001:00001210       _RtlFirstEntrySListWrapper@4 10002210 f   vc_crt_fix_impl.obj
 0001:00001260       _QueryDepthSListWrapper@4  10002260 f   vc_crt_fix_impl.obj
 0001:000012b0       _GetNumaHighestNodeNumberWrapper@4 100022b0 f   vc_crt_fix_impl.obj
 0001:00001320       _GetLogicalProcessorInformationWrapper@8 10002320 f   vc_crt_fix_impl.obj
 0001:00001380       _SetThreadStackGuaranteeWrapper@4 10002380 f   vc_crt_fix_impl.obj
 0001:000013e0       _InitializeCriticalSectionExWrapper@12 100023e0 f   vc_crt_fix_impl.obj
 0001:00001460       _CompareStringExWrapper@36 10002460 f   vc_crt_fix_impl.obj
 0001:000014e0       _LCMapStringExWrapper@36   100024e0 f   vc_crt_fix_impl.obj
 0001:00001560       @__security_check_cookie@4 10002560 f   LIBCMT:secchk.obj
 0001:000015b5       ___scrt_acquire_startup_lock 100025b5 f   LIBCMT:utility.obj
 0001:000015e7       ___scrt_dllmain_after_initialize_c 100025e7 f   LIBCMT:utility.obj
 0001:00001612       ___scrt_dllmain_before_initialize_c 10002612 f   LIBCMT:utility.obj
 0001:00001620       ___scrt_dllmain_crt_thread_attach 10002620 f   LIBCMT:utility.obj
 0001:0000163f       ___scrt_dllmain_crt_thread_detach 1000263f f   LIBCMT:utility.obj
 0001:0000164c       ___scrt_dllmain_exception_filter 1000264c f   LIBCMT:utility.obj
 0001:00001680       ___scrt_dllmain_uninitialize_c 10002680 f   LIBCMT:utility.obj
 0001:000016a3       ___scrt_dllmain_uninitialize_critical 100026a3 f   LIBCMT:utility.obj
 0001:000016b0       ___scrt_initialize_crt     100026b0 f   LIBCMT:utility.obj
 0001:000016e9       ___scrt_initialize_onexit_tables 100026e9 f   LIBCMT:utility.obj
 0001:00001770       ___scrt_is_nonwritable_in_current_image 10002770 f   LIBCMT:utility.obj
 0001:00001804       ___scrt_release_startup_lock 10002804 f   LIBCMT:utility.obj
 0001:00001821       ___scrt_uninitialize_crt   10002821 f   LIBCMT:utility.obj
 0001:00001849       __onexit                   10002849 f   LIBCMT:utility.obj
 0001:00001876       _atexit                    10002876 f   LIBCMT:utility.obj
 0001:00001bc6       __DllMainCRTStartup@12     10002bc6 f   LIBCMT:dll_dllmain.obj
 0001:00001be9       ___raise_securityfailure   10002be9 f   LIBCMT:gs_report.obj
 0001:00001c11       ___report_gsfailure        10002c11 f   LIBCMT:gs_report.obj
 0001:00001d0a       ___isa_available_init      10002d0a f   LIBCMT:cpu_disp.obj
 0001:00001eda       __get_startup_argv_mode    10002eda f   LIBCMT:argv_mode.obj
 0001:00001ede       ___scrt_is_ucrt_dll_in_use 10002ede f   LIBCMT:ucrt_detection.obj
 0001:00001eea       ___scrt_fastfail           10002eea f   LIBCMT:utility_desktop.obj
 0001:00002004       __crt_debugger_hook        10003004 f   LIBCMT:utility_desktop.obj
 0001:00002010       __SEH_prolog4              10003010 f   LIBCMT:sehprolg4.obj
 0001:00002056       __SEH_epilog4              10003056 f   LIBCMT:sehprolg4.obj
 0001:0000206b       @_guard_check_icall_nop@4  1000306b f i LIBCMT:guard_support.obj
 0001:000020b9       ___security_init_cookie    100030b9 f   LIBCMT:gs_support.obj
 0001:00002104       _DllMain@12                10003104 f   LIBCMT:dll_dllmain_stub.obj
 0001:0000210a       ?__scrt_initialize_type_info@@YAXXZ 1000310a f   LIBCMT:tncleanup.obj
 0001:00002116       ?__scrt_uninitialize_type_info@@YAXXZ 10003116 f   LIBCMT:tncleanup.obj
 0001:00002122       ___local_stdio_printf_options 10003122 f i LIBCMT:default_local_stdio_options.obj
 0001:00002128       ___local_stdio_scanf_options 10003128 f i LIBCMT:default_local_stdio_options.obj
 0001:0000212e       ___scrt_initialize_default_local_stdio_options 1000312e f   LIBCMT:default_local_stdio_options.obj
 0001:0000214b       ___scrt_get_dyn_tls_init_callback 1000314b f   LIBCMT:dyn_tls_init.obj
 0001:00002151       __RTC_Initialize           10003151 f   LIBCMT:initsect.obj
 0001:0000217d       __RTC_Terminate            1000317d f   LIBCMT:initsect.obj
 0001:000021a9       ___DestructExceptionObject 100031a9 f   libvcruntime:ehhelpers.obj
 0001:0000224a       ?_CallMemberFunction0@@YGXQAX0@Z 1000324a f i libvcruntime:ehhelpers.obj
 0001:000022af       ___vcrt_initialize         100032af f   libvcruntime:initialization.obj
 0001:000022ce       ___vcrt_thread_attach      100032ce f   libvcruntime:initialization.obj
 0001:000022d9       ___vcrt_thread_detach      100032d9 f   libvcruntime:initialization.obj
 0001:000022e4       ___vcrt_uninitialize       100032e4 f   libvcruntime:initialization.obj
 0001:000022fb       ___vcrt_uninitialize_critical 100032fb f   libvcruntime:initialization.obj
 0001:00002350       __except_handler4          10003350 f   libvcruntime:chandler4.obj
 0001:000024b0       _memset                    100034b0 f   libvcruntime:memset.obj
 0001:0000260a       ___std_type_info_destroy_list 1000360a f   libvcruntime:std_type_info.obj
 0001:0000262d       ___vcrt_freefls@4          1000362d f   libvcruntime:per_thread_data.obj
 0001:00002649       ___vcrt_freeptd            10003649 f   libvcruntime:per_thread_data.obj
 0001:0000267f       ___vcrt_getptd             1000367f f   libvcruntime:per_thread_data.obj
 0001:0000268d       ___vcrt_getptd_noexit      1000368d f   libvcruntime:per_thread_data.obj
 0001:0000271f       ___vcrt_initialize_ptd     1000371f f   libvcruntime:per_thread_data.obj
 0001:00002752       ___vcrt_uninitialize_ptd   10003752 f   libvcruntime:per_thread_data.obj
 0001:00002770       __CallSettingFrame@12      10003770 f   libvcruntime:lowhelpr.obj
 0001:00002797       __NLG_Return               10003797     libvcruntime:lowhelpr.obj
 0001:000027bc       ___except_validate_context_record 100037bc f   libvcruntime:jbcxrval.obj
 0001:000027ec       ___except_validate_jump_buffer 100037ec f   libvcruntime:jbcxrval.obj
 0001:00002819       ___vcrt_initialize_locks   10003819 f   libvcruntime:locks.obj
 0001:00002855       ___vcrt_uninitialize_locks 10003855 f   libvcruntime:locks.obj
 0001:00002890       __local_unwind4            10003890 f   libvcruntime:exsup4.obj
 0001:00002968       __seh_longjmp_unwind4@4    10003968 f   libvcruntime:exsup4.obj
 0001:00002990       @_EH4_CallFilterFunc@8     10003990 f   libvcruntime:exsup4.obj
 0001:000029a8       @_EH4_TransferToHandler@8  100039a8 f   libvcruntime:exsup4.obj
 0001:000029c4       @_EH4_GlobalUnwind2@8      100039c4 f   libvcruntime:exsup4.obj
 0001:000029e0       @_EH4_LocalUnwind@16       100039e0 f   libvcruntime:exsup4.obj
 0001:00002aec       ___vcrt_FlsAlloc           10003aec f   libvcruntime:winapi_downlevel.obj
 0001:00002b27       ___vcrt_FlsFree            10003b27 f   libvcruntime:winapi_downlevel.obj
 0001:00002b62       ___vcrt_FlsGetValue        10003b62 f   libvcruntime:winapi_downlevel.obj
 0001:00002b9d       ___vcrt_FlsSetValue        10003b9d f   libvcruntime:winapi_downlevel.obj
 0001:00002bdb       ___vcrt_InitializeCriticalSectionEx 10003bdb f   libvcruntime:winapi_downlevel.obj
 0001:00002c30       _memmove                   10003c30 f   libvcruntime:memmove.obj
 0001:000031b0       __global_unwind2           100041b0 f   libvcruntime:exsup.obj
 0001:00003216       __local_unwind2            10004216 f   libvcruntime:exsup.obj
 0001:0000329a       __abnormal_termination     1000429a f   libvcruntime:exsup.obj
 0001:000032c0       __NLG_Notify1              100042c0 f   libvcruntime:exsup.obj
 0001:000032cc       __NLG_Notify               100042cc f   libvcruntime:exsup.obj
 0001:000032e3       __NLG_Dispatch2            100042e3     libvcruntime:exsup.obj
 0001:000032e3       __NLG_Dispatch             100042e3     libvcruntime:exsup.obj
 0001:000032eb       __NLG_Call                 100042eb f   libvcruntime:exsup.obj
 0001:000032ed       __NLG_Return2              100042ed     libvcruntime:exsup.obj
 0001:000032f0       _memcpy                    100042f0 f   libvcruntime:memcpy.obj
 0001:00003864       _free                      10004864 f   libucrt:free.obj
 0001:0000387f       _malloc                    1000487f f   libucrt:malloc.obj
 0001:0000388a       __seh_filter_dll           1000488a f   libucrt:exception_filter.obj
 0001:000038aa       __seh_filter_exe           100048aa f   libucrt:exception_filter.obj
 0001:00003c78       ___acrt_initialize_thread_local_exit_callback 10004c78 f   libucrt:exit.obj
 0001:00003c87       __cexit                    10004c87 f   libucrt:exit.obj
 0001:00003c96       __exit                     10004c96 f   libucrt:exit.obj
 0001:00003cac       __is_c_termination_complete 10004cac f   libucrt:exit.obj
 0001:00003f60       ___acrt_allocate_buffer_for_argv 10004f60 f   libucrt:argv_parsing.obj
 0001:00003faf       __configure_narrow_argv    10004faf f   libucrt:argv_parsing.obj
 0001:0000410c       ??$uninitialize@A6AXAAPAPAD@Z@?$dual_state_global@PAPAD@__crt_state_management@@QAEXA6AXAAPAPAD@Z@Z 1000510c f i libucrt:environment_initialization.obj
 0001:0000410c       ??$uninitialize@A6AXAAPAPA_W@Z@?$dual_state_global@PAPA_W@__crt_state_management@@QAEXA6AXAAPAPA_W@Z@Z 1000510c f i libucrt:environment_initialization.obj
 0001:0000416b       ___dcrt_uninitialize_environments_nolock 1000516b f   libucrt:environment_initialization.obj
 0001:000041a2       __initialize_narrow_environment 100051a2 f   libucrt:environment_initialization.obj
 0001:0000425d       ??$__crt_fast_encode_pointer@PAP6AXXZ@@YAPAP6AXXZQAP6AXXZ@Z 1000525d f i libucrt:onexit.obj
 0001:0000425d       ??$__crt_fast_encode_pointer@PAX@@YAPAXQAX@Z 1000525d f i libucrt:initialization.obj
 0001:0000425d       ??$__crt_fast_encode_pointer@P6AHXZ@@YAP6AHXZQ6AHXZ@Z 1000525d f i libucrt:onexit.obj
 0001:0000447f       __crt_atexit               1000547f f   libucrt:onexit.obj
 0001:00004495       __execute_onexit_table     10005495 f   libucrt:onexit.obj
 0001:000044c2       __initialize_onexit_table  100054c2 f   libucrt:onexit.obj
 0001:000044eb       __register_onexit_function 100054eb f   libucrt:onexit.obj
 0001:0000451e       ___acrt_uninitialize_command_line 1000551e f   libucrt:argv_data.obj
 0001:0000461c       ___acrt_initialize         1000561c f   libucrt:initialization.obj
 0001:0000462e       ___acrt_thread_attach      1000562e f   libucrt:initialization.obj
 0001:00004639       ___acrt_thread_detach      10005639 f   libucrt:initialization.obj
 0001:00004641       ___acrt_uninitialize       10005641 f   libucrt:initialization.obj
 0001:00004671       ___acrt_uninitialize_critical 10005671 f   libucrt:initialization.obj
 0001:00004683       __initterm                 10005683 f   libucrt:initterm.obj
 0001:000046c8       __initterm_e               100056c8 f   libucrt:initterm.obj
 0001:000046f6       _terminate                 100056f6 f   libucrt:terminate.obj
 0001:00004732       _abort                     10005732 f   libucrt:abort.obj
 0001:00004776       _strcpy_s                  10005776 f   libucrt:strcpy_s.obj
 0001:000047d0       _calloc                    100057d0 f   libucrt:calloc.obj
 0001:000047db       ??0_LocaleUpdate@@QAE@QAU__crt_locale_pointers@@@Z 100057db f i libucrt:output.obj
 0001:0000485e       ___acrt_locale_get_ctype_array_value 1000585e f i libucrt:output.obj
 0001:00004880       _strncmp                   10005880 f   libucrt:strncmp.obj
 0001:000048f8       _wcsncmp                   100058f8 f   libucrt:wcsncmp.obj
 0001:00004932       __free_base                10005932 f   libucrt:free_base.obj
 0001:0000496c       __malloc_base              1000596c f   libucrt:malloc_base.obj
 0001:00004cf8       ___acrt_freeptd            10005cf8 f   libucrt:per_thread_data.obj
 0001:00004d24       ___acrt_getptd             10005d24 f   libucrt:per_thread_data.obj
 0001:00004de1       ___acrt_getptd_head        10005de1 f   libucrt:per_thread_data.obj
 0001:00004e7b       ___acrt_getptd_noexit      10005e7b f   libucrt:per_thread_data.obj
 0001:00004f30       ___acrt_initialize_ptd     10005f30 f   libucrt:per_thread_data.obj
 0001:00004f5c       ___acrt_uninitialize_ptd   10005f5c f   libucrt:per_thread_data.obj
 0001:00004f76       ___acrt_initialize_locks   10005f76 f   libucrt:locks.obj
 0001:00004fb7       ___acrt_lock               10005fb7 f   libucrt:locks.obj
 0001:00004fce       ___acrt_uninitialize_locks 10005fce f   libucrt:locks.obj
 0001:00004fff       ___acrt_unlock             10005fff f   libucrt:locks.obj
 0001:00005016       ___acrt_get_process_end_policy 10006016 f   libucrt:win_policies.obj
 0001:00005047       ___acrt_call_reportfault   10006047 f   libucrt:invalid_parameter.obj
 0001:00005180       ___acrt_initialize_invalid_parameter_handler 10006180 f   libucrt:invalid_parameter.obj
 0001:0000518f       __invalid_parameter        1000618f f   libucrt:invalid_parameter.obj
 0001:000051f3       __invalid_parameter_noinfo 100061f3 f   libucrt:invalid_parameter.obj
 0001:00005203       __invoke_watson            10006203 f   libucrt:invalid_parameter.obj
 0001:00005237       ___acrt_errno_from_os_error 10006237 f   libucrt:errno.obj
 0001:0000527a       ___acrt_errno_map_os_error 1000627a f   libucrt:errno.obj
 0001:0000529d       ___doserrno                1000629d f   libucrt:errno.obj
 0001:000052b0       __errno                    100062b0 f   libucrt:errno.obj
 0001:000052c3       __calloc_base              100062c3 f   libucrt:calloc_base.obj
 0001:000054b9       ??$__acrt_mbs_to_wcs_cp@U__crt_win32_buffer_internal_dynamic_resizing@@@@YAHQBDAAV?$__crt_win32_buffer@_WU__crt_win32_buffer_internal_dynamic_resizing@@@@I@Z 100064b9 f i libucrt:argv_wildcards.obj
 0001:000059cd       ?__acrt_get_utf8_acp_compatibility_codepage@@YAIXZ 100069cd f i libucrt:argv_wildcards.obj
 0001:00005a0c       ?_deallocate@?$__crt_win32_buffer@DU__crt_win32_buffer_internal_dynamic_resizing@@@@AAEXXZ 10006a0c f i libucrt:argv_wildcards.obj
 0001:00005a0c       ?_deallocate@?$__crt_win32_buffer@_WU__crt_win32_buffer_internal_dynamic_resizing@@@@AAEXXZ 10006a0c f i libucrt:argv_wildcards.obj
 0001:00005a26       ?allocate@?$__crt_win32_buffer@DU__crt_win32_buffer_internal_dynamic_resizing@@@@QAEHI@Z 10006a26 f i libucrt:argv_wildcards.obj
 0001:00005a62       ?allocate@?$__crt_win32_buffer@_WU__crt_win32_buffer_internal_dynamic_resizing@@@@QAEHI@Z 10006a62 f i libucrt:argv_wildcards.obj
 0001:00005aa1       ?allocate@__crt_win32_buffer_internal_dynamic_resizing@@SAHQAPAXIABV__crt_win32_buffer_empty_debug_info@@@Z 10006aa1 f i libucrt:argv_wildcards.obj
 0001:00005b47       ___acrt_expand_narrow_argv_wildcards 10006b47 f   libucrt:argv_wildcards.obj
 0001:00005c19       ?allocate@?$__crt_win32_buffer@DU__crt_win32_buffer_no_resizing@@@@QAEHI@Z 10006c19 f i libucrt:getmodulefilenamea.obj
 0001:00005c40       ?set_to_nullptr@?$__crt_win32_buffer@DU__crt_win32_buffer_no_resizing@@@@QAEXXZ 10006c40 f i libucrt:getmodulefilenamea.obj
 0001:00005c54       ___acrt_GetModuleFileNameA 10006c54 f   libucrt:getmodulefilenamea.obj
 0001:00006213       ___acrt_initialize_multibyte 10007213 f   libucrt:mbctype.obj
 0001:0000625b       ___acrt_update_thread_multibyte_data 1000725b f   libucrt:mbctype.obj
 0001:0000626e       __setmbcp_nolock           1000726e f   libucrt:mbctype.obj
 0001:00006539       __ismbblead                10007539 f   libucrt:ismbbyte.obj
 0001:00006551       ___acrt_initialize_command_line 10007551 f   libucrt:argv_data.obj
 0001:0000656a       ___acrt_MultiByteToWideChar 1000756a f   libucrt:multibytetowidechar.obj
 0001:000065e6       ___acrt_WideCharToMultiByte 100075e6 f   libucrt:widechartomultibyte.obj
 0001:000066ca       ___dcrt_get_narrow_environment_from_os 100076ca f   libucrt:get_environment_from_os.obj
 0001:0000674e       __recalloc_base            1000774e f   libucrt:recalloc.obj
 0001:00006953       ___acrt_AppPolicyGetProcessTerminationMethodInternal@4 10007953 f   libucrt:winapi_thunks.obj
 0001:00006993       ___acrt_AreFileApisANSI@0  10007993 f   libucrt:winapi_thunks.obj
 0001:000069b2       ___acrt_FlsAlloc@4         100079b2 f   libucrt:winapi_thunks.obj
 0001:000069f1       ___acrt_FlsFree@4          100079f1 f   libucrt:winapi_thunks.obj
 0001:00006a30       ___acrt_FlsGetValue@4      10007a30 f   libucrt:winapi_thunks.obj
 0001:00006a6f       ___acrt_FlsSetValue@8      10007a6f f   libucrt:winapi_thunks.obj
 0001:00006ab1       ___acrt_InitializeCriticalSectionEx@12 10007ab1 f   libucrt:winapi_thunks.obj
 0001:00006afc       ___acrt_LCMapStringEx@36   10007afc f   libucrt:winapi_thunks.obj
 0001:00006b59       ___acrt_LocaleNameToLCID@8 10007b59 f   libucrt:winapi_thunks.obj
 0001:00006b8a       ___acrt_initialize_winapi_thunks 10007b8a f   libucrt:winapi_thunks.obj
 0001:00006bb5       ___acrt_uninitialize_winapi_thunks 10007bb5 f   libucrt:winapi_thunks.obj
 0001:00006beb       ___acrt_initialize_heap    10007beb f   libucrt:heap_handle.obj
 0001:00006bfc       ___acrt_uninitialize_heap  10007bfc f   libucrt:heap_handle.obj
 0001:00006d70       ___acrt_initialize_lowio   10007d70 f   libucrt:ioinit.obj
 0001:00006dd0       ___acrt_uninitialize_lowio 10007dd0 f   libucrt:ioinit.obj
 0001:00006dfc       ___acrt_execute_initializers 10007dfc f   libucrt:shared_initialization.obj
 0001:00006e64       ___acrt_execute_uninitializers 10007e64 f   libucrt:shared_initialization.obj
 0001:00006e95       ___acrt_initialize_new_handler 10007e95 f   libucrt:new_handler.obj
 0001:00006ea4       __callnewh                 10007ea4 f   libucrt:new_handler.obj
 0001:00006ed1       __query_new_handler        10007ed1 f   libucrt:new_handler.obj
 0001:00006ffb       ___acrt_get_sigabrt_handler 10007ffb f   libucrt:signal.obj
 0001:00007022       ___acrt_initialize_signal_handlers 10008022 f   libucrt:signal.obj
 0001:00007040       ___fpecode                 10008040 f   libucrt:signal.obj
 0001:00007049       _raise                     10008049 f   libucrt:signal.obj
 0001:00007244       ___acrt_has_user_matherr   10008244 f   libucrt:matherr.obj
 0001:0000725c       ___acrt_initialize_user_matherr 1000825c f   libucrt:matherr.obj
 0001:0000726b       ___acrt_invoke_user_matherr 1000826b f   libucrt:matherr.obj
 0001:0000747a       ___acrt_stdio_flush_nolock 1000847a f   libucrt:fflush.obj
 0001:000074df       __fflush_nolock            100084df f   libucrt:fflush.obj
 0001:00007527       __flushall                 10008527 f   libucrt:fflush.obj
 0001:00007530       ___acrt_initialize_stdio   10008530 f   libucrt:_file.obj
 0001:000075f8       ___acrt_uninitialize_stdio 100085f8 f   libucrt:_file.obj
 0001:00007644       __lock_file                10008644 f   libucrt:_file.obj
 0001:00007658       __unlock_file              10008658 f   libucrt:_file.obj
 0001:0000766c       __mbtowc_l                 1000866c f   libucrt:mbtowc.obj
 0001:000077ae       _mbtowc                    100087ae f   libucrt:mbtowc.obj
 0001:000077c8       ___acrt_update_locale_info 100087c8 f   libucrt:locale_update.obj
 0001:000077f5       ___acrt_update_multibyte_info 100087f5 f   libucrt:locale_update.obj
 0001:00007822       __fileno                   10008822 f   libucrt:fileno.obj
 0001:000078b7       ___acrt_set_locale_changed 100088b7 f   libucrt:wsetlocale.obj
 0001:000078c2       ___acrt_uninitialize_locale 100088c2 f   libucrt:wsetlocale.obj
 0001:000078e9       ___pctype_func             100088e9 f   libucrt:ctype.obj
 0001:0000790d       __query_new_mode           1000890d f   libucrt:new_mode.obj
 0001:00007914       ___acrt_add_locale_ref     10008914 f   libucrt:locale_refcounting.obj
 0001:00007991       ___acrt_free_locale        10008991 f   libucrt:locale_refcounting.obj
 0001:00007ad9       ___acrt_locale_add_lc_time_reference 10008ad9 f   libucrt:locale_refcounting.obj
 0001:00007b02       ___acrt_locale_free_lc_time_if_unreferenced 10008b02 f   libucrt:locale_refcounting.obj
 0001:00007b33       ___acrt_locale_release_lc_time_reference 10008b33 f   libucrt:locale_refcounting.obj
 0001:00007b5c       ___acrt_release_locale_ref 10008b5c f   libucrt:locale_refcounting.obj
 0001:00007bdd       ___acrt_update_thread_locale_data 10008bdd f   libucrt:locale_refcounting.obj
 0001:00007c5e       __updatetlocinfoEx_nolock  10008c5e f   libucrt:locale_refcounting.obj
 0001:00007cf0       _qsort                     10008cf0 f   libucrt:qsort.obj
 0001:000081e7       _strncpy_s                 100091e7 f   libucrt:strncpy_s.obj
 0001:00008200       _strpbrk                   10009200 f   libucrt:strpbrk.obj
 0001:00008240       __mbsdec                   10009240 f   libucrt:mbsdec.obj
 0001:00008257       __mbsdec_l                 10009257 f   libucrt:mbsdec.obj
 0001:000082e4       ___acrt_GetStringTypeA     100092e4 f   libucrt:getstringtypea.obj
 0001:000083e7       __freea_crt                100093e7 f i libucrt:getstringtypea.obj
 0001:000085f1       ___acrt_LCMapStringA       100095f1 f   libucrt:lcmapstringa.obj
 0001:00008649       __msize_base               10009649 f   libucrt:msize.obj
 0001:0000867c       __realloc_base             1000967c f   libucrt:realloc_base.obj
 0001:00008735       ___acrt_DownlevelLocaleNameToLCID 10009735 f   libucrt:lcidtoname_downlevel.obj
 0001:00008761       ___acrt_lowio_create_handle_array 10009761 f   libucrt:osfinfo.obj
 0001:000087dc       ___acrt_lowio_destroy_handle_array 100097dc f   libucrt:osfinfo.obj
 0001:00008811       ___acrt_lowio_ensure_fh_exists 10009811 f   libucrt:osfinfo.obj
 0001:000088af       ___acrt_lowio_lock_fh      100098af f   libucrt:osfinfo.obj
 0001:000088d2       ___acrt_lowio_unlock_fh    100098d2 f   libucrt:osfinfo.obj
 0001:000088f5       __free_osfhnd              100098f5 f   libucrt:osfinfo.obj
 0001:00008986       __get_osfhandle            10009986 f   libucrt:osfinfo.obj
 0001:00008a92       __commit                   10009a92 f   libucrt:commit.obj
 0001:00009288       __write                    1000a288 f   libucrt:write.obj
 0001:0000937a       __write_nolock             1000a37a f   libucrt:write.obj
 0001:0000955c       __fcloseall                1000a55c f   libucrt:closeall.obj
 0001:00009607       ___acrt_stdio_free_buffer_nolock 1000a607 f   libucrt:_freebuf.obj
 0001:00009647       __isatty                   1000a647 f   libucrt:isatty.obj
 0001:0000969d       __isleadbyte_l             1000a69d f i libucrt:_wctype.obj
 0001:00009703       ?__mbrtowc_utf8@__crt_mbstring@@YAIPA_WPBDIPAU_Mbstatet@@@Z 1000a703 f   libucrt:mbrtowc.obj
 0001:00009743       ?__mbsrtowcs_utf8@__crt_mbstring@@YAIPA_WPAPBDIPAU_Mbstatet@@@Z 1000a743 f   libucrt:mbrtowc.obj
 0001:0000983e       ?return_illegal_sequence@__crt_mbstring@@YAIPAU_Mbstatet@@@Z 1000a83e f i libucrt:c32rtomb.obj
 0001:0000985d       ___acrt_locale_free_monetary 1000a85d f   libucrt:initmon.obj
 0001:0000995b       ___acrt_locale_free_numeric 1000a95b f   libucrt:initnum.obj
 0001:000099fc       ___acrt_locale_free_time   1000a9fc f   libucrt:inittime.obj
 0001:00009ae0       ___strncnt                 1000aae0 f   libucrt:strncnt.obj
 0001:00009afc       ___ascii_wcsnicmp          1000aafc f   libucrt:wcsnicmp.obj
 0001:00009b4b       __query_app_type           1000ab4b f   libucrt:report_runtime_error.obj
 0001:00009bcd       __lseeki64_nolock          1000abcd f   libucrt:lseek.obj
 0001:00009be8       __putwch_nolock            1000abe8 f   libucrt:putwch.obj
 0001:00009c1a       __fclose_nolock            1000ac1a f   libucrt:fclose.obj
 0001:00009c91       _fclose                    1000ac91 f   libucrt:fclose.obj
 0001:00009d15       ?__mbrtoc32_utf8@__crt_mbstring@@YAIPA_UPBDIPAU_Mbstatet@@@Z 1000ad15 f   libucrt:mbrtoc32.obj
 0001:00009ec0       __CIlog10                  1000aec0 f   libucrt:log10_impl.obj
 0001:00009efb       __CIlog10_default          1000aefb f   libucrt:log10_impl.obj
 0001:00009f0f       __log10_default            1000af0f     libucrt:log10_impl.obj
 0001:00009fd0       _ceil                      1000afd0 f   libucrt:ceil_pentium4.obj
 0001:0000a010       __ceil_pentium4            1000b010 f   libucrt:ceil_pentium4.obj
 0001:0000a0f0       ___ascii_strnicmp          1000b0f0 f   libucrt:_strnicm.obj
 0001:0000a170       ___dcrt_lowio_ensure_console_output_initialized 1000b170 f   libucrt:initcon.obj
 0001:0000a18f       ___dcrt_terminate_console_output 1000b18f f   libucrt:initcon.obj
 0001:0000a1a6       ___dcrt_write_console      1000b1a6 f   libucrt:initcon.obj
 0001:0000a287       __close                    1000b287 f   libucrt:close.obj
 0001:0000a314       __close_nolock             1000b314 f   libucrt:close.obj
 0001:0000a3b0       ?__acrt_stdio_free_stream@@YAXV__crt_stdio_stream@@@Z 1000b3b0 f   libucrt:stream.obj
 0001:0000a3eb       ___acrt_initialize_sse2    1000b3eb f   libucrt:mathfcns.obj
 0001:0000a400       __CIlog10_pentium4         1000b400 f   libucrt:log10_pentium4.obj
 0001:0000a418       __log10_pentium4           1000b418     libucrt:log10_pentium4.obj
 0001:0000a6b0       __fFEXP                    1000b6b0 f   libucrt:87tran.obj
 0001:0000a707       __rtinfpopse               1000b707     libucrt:87tran.obj
 0001:0000a709       __rtinfnpopse              1000b709     libucrt:87tran.obj
 0001:0000a719       __fFLN                     1000b719     libucrt:87tran.obj
 0001:0000a7ce       __rtinfpop                 1000b7ce     libucrt:87tran.obj
 0001:0000a7d0       __rtinfnpop                1000b7d0     libucrt:87tran.obj
 0001:0000a7e0       __rtforexpinf              1000b7e0 f   libucrt:87tran.obj
 0001:0000a7ed       __ffexpm1                  1000b7ed     libucrt:87tran.obj
 0001:0000a8a0       __trandisp1                1000b8a0 f   libucrt:87disp.obj
 0001:0000a915       __trandisp2                1000b915 f   libucrt:87disp.obj
 0001:0000a9af       __rttospopde               1000b9af     libucrt:87disp.obj
 0001:0000a9b4       __rttospop                 1000b9b4     libucrt:87disp.obj
 0001:0000a9c0       __rtnospop                 1000b9c0 f   libucrt:87disp.obj
 0001:0000a9d0       __rttosnpop                1000b9d0 f   libucrt:87disp.obj
 0001:0000a9d1       __rtnospopde               1000b9d1     libucrt:87disp.obj
 0001:0000a9d8       __rtzeropop                1000b9d8     libucrt:87disp.obj
 0001:0000a9da       __rtzeronpop               1000b9da     libucrt:87disp.obj
 0001:0000a9e0       __rtzerospop               1000b9e0 f   libucrt:87disp.obj
 0001:0000a9ed       __rtonepop                 1000b9ed     libucrt:87disp.obj
 0001:0000a9f0       __rtonenpop                1000b9f0 f   libucrt:87disp.obj
 0001:0000aa00       __tosnan1                  1000ba00 f   libucrt:87disp.obj
 0001:0000aa30       __nosnan2                  1000ba30 f   libucrt:87disp.obj
 0001:0000aa40       __tosnan2                  1000ba40 f   libucrt:87disp.obj
 0001:0000aa70       __nan2                     1000ba70 f   libucrt:87disp.obj
 0001:0000aab0       __rtindfpop                1000bab0 f   libucrt:87disp.obj
 0001:0000aab2       __rtindfnpop               1000bab2     libucrt:87disp.obj
 0001:0000aac3       __rttosnpopde              1000bac3     libucrt:87disp.obj
 0001:0000aad0       __rtatan2inf               1000bad0 f   libucrt:87disp.obj
 0001:0000aaed       __rtchsifneg               1000baed     libucrt:87disp.obj
 0001:0000ab00       __twoToTOS                 1000bb00 f   libucrt:common.obj
 0001:0000ab15       __load_CW                  1000bb15 f   libucrt:common.obj
 0001:0000ab2c       __convertTOStoQNaN         1000bb2c f   libucrt:common.obj
 0001:0000ab45       __fload_withFB             1000bb45 f   libucrt:common.obj
 0001:0000ab88       __checkTOS_withFB          1000bb88 f   libucrt:common.obj
 0001:0000ab9e       __fast_exit                1000bb9e f   libucrt:common.obj
 0001:0000abab       __math_exit                1000bbab f   libucrt:common.obj
 0001:0000abd5       __check_overflow_exit      1000bbd5 f   libucrt:common.obj
 0001:0000abe9       __check_range_exit         1000bbe9 f   libucrt:common.obj
 0001:0000ac90       __startTwoArgErrorHandling 1000bc90 f   libucrt:genexcep.obj
 0001:0000aca7       __startOneArgErrorHandling 1000bca7 f   libucrt:genexcep.obj
 0001:0000ace3       ___libm_error_support      1000bce3 f   libucrt:libm_error.obj
 0001:0000aed7       __ceil_default             1000bed7 f   libucrt:ceil.obj
 0001:0000af8c       __clrfp                    1000bf8c f   libucrt:fpctrl.obj
 0001:0000af9d       __ctrlfp                   1000bf9d f   libucrt:fpctrl.obj
 0001:0000afca       __set_statfp               1000bfca f   libucrt:fpctrl.obj
 0001:0000b023       __statfp                   1000c023 f   libucrt:fpctrl.obj
 0001:0000b033       __d_inttype                1000c033 f   libucrt:powhlp.obj
 0001:0000b09b       __powhlp                   1000c09b f   libucrt:powhlp.obj
 0001:0000b1c6       __87except                 1000c1c6 f   libucrt:87except.obj
 0001:0000b2d0       __frnd                     1000c2d0 f   libucrt:frnd.obj
 0001:0000b2e4       __errcode                  1000c2e4 f   libucrt:fpexcept.obj
 0001:0000b318       __except1                  1000c318 f   libucrt:fpexcept.obj
 0001:0000b3e6       __handle_exc               1000c3e6 f   libucrt:fpexcept.obj
 0001:0000b5d1       __raise_exc                1000c5d1 f   libucrt:fpexcept.obj
 0001:0000b5f4       __raise_exc_ex             1000c5f4 f   libucrt:fpexcept.obj
 0001:0000b8ea       __set_errno_from_matherr   1000c8ea f   libucrt:fpexcept.obj
 0001:0000b919       __umatherr                 1000c919 f   libucrt:fpexcept.obj
 0001:0000b9b9       __decomp                   1000c9b9 f   libucrt:util.obj
 0001:0000ba8b       __set_exp                  1000ca8b f   libucrt:util.obj
 0001:0000bab8       __sptype                   1000cab8 f   libucrt:util.obj
 0001:0000bb16       __fpclass                  1000cb16 f   libucrt:ieeemisc.obj
 0001:0000bbba       _IsProcessorFeaturePresent@4 1000cbba f   kernel32:KERNEL32.dll
 0001:0000bbc0       __FindPESection            1000cbc0 f   LIBCMT:pesect.obj
 0001:0000bc10       __IsNonwritableInCurrentImage 1000cc10 f   LIBCMT:pesect.obj
 0001:0000bcd0       __ValidateImageBase        1000ccd0 f   LIBCMT:pesect.obj
 0001:0000bd10       __aulldvrm                 1000cd10 f   LIBCMT:ulldvrm.obj
 0001:0000bdb0       __allmul                   1000cdb0 f   LIBCMT:llmul.obj
 0001:0000bdf0       __alldvrm                  1000cdf0 f   LIBCMT:lldvrm.obj
 0001:0000bed0       __aullshr                  1000ced0 f   LIBCMT:ullshr.obj
 0001:0000bef0       __alloca_probe_16          1000cef0 f   LIBCMT:alloca16.obj
 0001:0000bf06       __alloca_probe_8           1000cf06     LIBCMT:alloca16.obj
 0001:0000bf20       __chkstk                   1000cf20 f   LIBCMT:chkstk.obj
 0001:0000bf20       __alloca_probe             1000cf20 f   LIBCMT:chkstk.obj
 0001:0000bf50       __allshl                   1000cf50 f   LIBCMT:llshl.obj
 0001:0000bf70       __ftol2_sse_excpt          1000cf70     LIBCMT:ftol2.obj
 0001:0000bf70       __ftol2_sse                1000cf70     LIBCMT:ftol2.obj
 0001:0000bf70       __ftoi2                    1000cf70 f   LIBCMT:ftol2.obj
 0001:0000bff0       __ftoui2                   1000cff0 f   LIBCMT:ftol2.obj
 0001:0000c0a0       __ftol2                    1000d0a0 f   LIBCMT:ftol2.obj
 0001:0000c150       __ftoul2                   1000d150 f   LIBCMT:ftol2.obj
 0001:0000c210       _strchr                    1000d210 f   libvcruntime:strchr.obj
 0001:0000c27e       ___from_strstr_to_strchr   1000d27e     libvcruntime:strchr.obj
 0001:0000c340       _strrchr                   1000d340 f   libvcruntime:strrchr.obj
 0001:0000c477       __filter_x86_sse2_floating_point_exception 1000d477 f   LIBCMT:x86_exception_filter.obj
 0001:0000c477       __filter_x86_sse2_floating_point_exception_default 1000d477 f   LIBCMT:x86_exception_filter.obj
 0002:00000000       __imp__CompareStringW@24   1000e000     kernel32:KERNEL32.dll
 0002:00000004       __imp__SetLastError@4      1000e004     kernel32:KERNEL32.dll
 0002:00000008       __imp__EnterCriticalSection@4 1000e008     kernel32:KERNEL32.dll
 0002:0000000c       __imp__GetModuleFileNameW@12 1000e00c     kernel32:KERNEL32.dll
 0002:00000010       __imp__LeaveCriticalSection@4 1000e010     kernel32:KERNEL32.dll
 0002:00000014       __imp__InitializeCriticalSection@4 1000e014     kernel32:KERNEL32.dll
 0002:00000018       __imp__GetCurrentThread@0  1000e018     kernel32:KERNEL32.dll
 0002:0000001c       __imp__LoadLibraryW@4      1000e01c     kernel32:KERNEL32.dll
 0002:00000020       __imp__GetProcAddress@8    1000e020     kernel32:KERNEL32.dll
 0002:00000024       __imp__DeleteCriticalSection@4 1000e024     kernel32:KERNEL32.dll
 0002:00000028       __imp__LCMapStringW@24     1000e028     kernel32:KERNEL32.dll
 0002:0000002c       __imp__GetModuleHandleW@4  1000e02c     kernel32:KERNEL32.dll
 0002:00000030       __imp__GetThreadTimes@20   1000e030     kernel32:KERNEL32.dll
 0002:00000034       __imp__VirtualQuery@12     1000e034     kernel32:KERNEL32.dll
 0002:00000038       __imp__CloseHandle@4       1000e038     kernel32:KERNEL32.dll
 0002:0000003c       __imp__UnhandledExceptionFilter@4 1000e03c     kernel32:KERNEL32.dll
 0002:00000040       __imp__SetUnhandledExceptionFilter@4 1000e040     kernel32:KERNEL32.dll
 0002:00000044       __imp__GetCurrentProcess@0 1000e044     kernel32:KERNEL32.dll
 0002:00000048       __imp__TerminateProcess@8  1000e048     kernel32:KERNEL32.dll
 0002:0000004c       __imp__IsProcessorFeaturePresent@4 1000e04c     kernel32:KERNEL32.dll
 0002:00000050       __imp__IsDebuggerPresent@0 1000e050     kernel32:KERNEL32.dll
 0002:00000054       __imp__GetStartupInfoW@4   1000e054     kernel32:KERNEL32.dll
 0002:00000058       __imp__QueryPerformanceCounter@4 1000e058     kernel32:KERNEL32.dll
 0002:0000005c       __imp__GetCurrentProcessId@0 1000e05c     kernel32:KERNEL32.dll
 0002:00000060       __imp__GetCurrentThreadId@0 1000e060     kernel32:KERNEL32.dll
 0002:00000064       __imp__GetSystemTimeAsFileTime@4 1000e064     kernel32:KERNEL32.dll
 0002:00000068       __imp__RtlUnwind@16        1000e068     kernel32:KERNEL32.dll
 0002:0000006c       __imp__GetLastError@0      1000e06c     kernel32:KERNEL32.dll
 0002:00000070       __imp__InitializeCriticalSectionAndSpinCount@8 1000e070     kernel32:KERNEL32.dll
 0002:00000074       __imp__TlsAlloc@0          1000e074     kernel32:KERNEL32.dll
 0002:00000078       __imp__TlsGetValue@4       1000e078     kernel32:KERNEL32.dll
 0002:0000007c       __imp__TlsSetValue@8       1000e07c     kernel32:KERNEL32.dll
 0002:00000080       __imp__TlsFree@4           1000e080     kernel32:KERNEL32.dll
 0002:00000084       __imp__FreeLibrary@4       1000e084     kernel32:KERNEL32.dll
 0002:00000088       __imp__LoadLibraryExW@12   1000e088     kernel32:KERNEL32.dll
 0002:0000008c       __imp__RaiseException@16   1000e08c     kernel32:KERNEL32.dll
 0002:00000090       __imp__ExitProcess@4       1000e090     kernel32:KERNEL32.dll
 0002:00000094       __imp__HeapFree@12         1000e094     kernel32:KERNEL32.dll
 0002:00000098       __imp__HeapAlloc@12        1000e098     kernel32:KERNEL32.dll
 0002:0000009c       __imp__FindClose@4         1000e09c     kernel32:KERNEL32.dll
 0002:000000a0       __imp__FindFirstFileExW@24 1000e0a0     kernel32:KERNEL32.dll
 0002:000000a4       __imp__FindNextFileW@8     1000e0a4     kernel32:KERNEL32.dll
 0002:000000a8       __imp__IsValidCodePage@4   1000e0a8     kernel32:KERNEL32.dll
 0002:000000ac       __imp__GetACP@0            1000e0ac     kernel32:KERNEL32.dll
 0002:000000b0       __imp__GetOEMCP@0          1000e0b0     kernel32:KERNEL32.dll
 0002:000000b4       __imp__GetCPInfo@8         1000e0b4     kernel32:KERNEL32.dll
 0002:000000b8       __imp__GetCommandLineA@0   1000e0b8     kernel32:KERNEL32.dll
 0002:000000bc       __imp__GetCommandLineW@0   1000e0bc     kernel32:KERNEL32.dll
 0002:000000c0       __imp__MultiByteToWideChar@24 1000e0c0     kernel32:KERNEL32.dll
 0002:000000c4       __imp__WideCharToMultiByte@32 1000e0c4     kernel32:KERNEL32.dll
 0002:000000c8       __imp__GetEnvironmentStringsW@0 1000e0c8     kernel32:KERNEL32.dll
 0002:000000cc       __imp__FreeEnvironmentStringsW@4 1000e0cc     kernel32:KERNEL32.dll
 0002:000000d0       __imp__GetProcessHeap@0    1000e0d0     kernel32:KERNEL32.dll
 0002:000000d4       __imp__GetStdHandle@4      1000e0d4     kernel32:KERNEL32.dll
 0002:000000d8       __imp__GetFileType@4       1000e0d8     kernel32:KERNEL32.dll
 0002:000000dc       __imp__GetStringTypeW@16   1000e0dc     kernel32:KERNEL32.dll
 0002:000000e0       __imp__HeapSize@12         1000e0e0     kernel32:KERNEL32.dll
 0002:000000e4       __imp__HeapReAlloc@16      1000e0e4     kernel32:KERNEL32.dll
 0002:000000e8       __imp__SetStdHandle@8      1000e0e8     kernel32:KERNEL32.dll
 0002:000000ec       __imp__FlushFileBuffers@4  1000e0ec     kernel32:KERNEL32.dll
 0002:000000f0       __imp__WriteFile@20        1000e0f0     kernel32:KERNEL32.dll
 0002:000000f4       __imp__GetConsoleCP@0      1000e0f4     kernel32:KERNEL32.dll
 0002:000000f8       __imp__GetConsoleMode@8    1000e0f8     kernel32:KERNEL32.dll
 0002:000000fc       __imp__SetFilePointerEx@20 1000e0fc     kernel32:KERNEL32.dll
 0002:00000100       __imp__CreateFileW@28      1000e100     kernel32:KERNEL32.dll
 0002:00000104       __imp__WriteConsoleW@20    1000e104     kernel32:KERNEL32.dll
 0002:00000108       \177KERNEL32_NULL_THUNK_DATA 1000e108     kernel32:KERNEL32.dll
 0002:0000010c       ___guard_check_icall_fptr  1000e10c     LIBCMT:guard_support.obj
 0002:00000110       ___xc_a                    1000e110     LIBCMT:initializers.obj
 0002:00000114       ___xc_z                    1000e114     LIBCMT:initializers.obj
 0002:00000118       ___xi_a                    1000e118     LIBCMT:initializers.obj
 0002:0000011c       ___acrt_multibyte_initializer 1000e11c     libucrt:multibyte_initializer.obj
 0002:00000120       ___acrt_stdio_initializer  1000e120     libucrt:stdio_initializer.obj
 0002:00000124       ___acrt_tran_sse2_initializer 1000e124     libucrt:sse2_initializer.obj
 0002:00000128       ___xi_z                    1000e128     LIBCMT:initializers.obj
 0002:0000012c       ___xp_a                    1000e12c     LIBCMT:initializers.obj
 0002:00000130       ___acrt_locale_terminator  1000e130     libucrt:locale_initializer.obj
 0002:00000134       ___dcrt_console_output_terminator 1000e134     libucrt:console_output_initializer.obj
 0002:00000138       ___acrt_stdio_terminator   1000e138     libucrt:stdio_initializer.obj
 0002:0000013c       ___xp_z                    1000e13c     LIBCMT:initializers.obj
 0002:00000140       ___xt_a                    1000e140     LIBCMT:initializers.obj
 0002:00000144       ___xt_z                    1000e144     LIBCMT:initializers.obj
 0002:00000150       __imp__EncodePointer@4     1000e150     vc_crt_fix.obj
 0002:00000154       __imp__DecodePointer@4     1000e154     vc_crt_fix.obj
 0002:00000158       __imp__GetModuleHandleExW@12 1000e158     vc_crt_fix.obj
 0002:0000015c       __imp__InitializeSListHead@4 1000e15c     vc_crt_fix.obj
 0002:00000160       __imp__InterlockedFlushSList@4 1000e160     vc_crt_fix.obj
 0002:00000164       __imp__InterlockedPopEntrySList@4 1000e164     vc_crt_fix.obj
 0002:00000168       __imp__InterlockedPushEntrySList@8 1000e168     vc_crt_fix.obj
 0002:0000016c       __imp__InterlockedPushListSListEx@16 1000e16c     vc_crt_fix.obj
 0002:00000170       __imp__RtlFirstEntrySList@4 1000e170     vc_crt_fix.obj
 0002:00000174       __imp__QueryDepthSList@4   1000e174     vc_crt_fix.obj
 0002:00000178       __imp__GetNumaHighestNodeNumber@4 1000e178     vc_crt_fix.obj
 0002:0000017c       __imp__GetLogicalProcessorInformation@8 1000e17c     vc_crt_fix.obj
 0002:00000180       __imp__SetThreadStackGuarantee@4 1000e180     vc_crt_fix.obj
 0002:00000184       __imp__InitializeCriticalSectionEx@12 1000e184     vc_crt_fix.obj
 0002:00000188       __imp__CompareStringEx@36  1000e188     vc_crt_fix.obj
 0002:0000018c       __imp__LCMapStringEx@36    1000e18c     vc_crt_fix.obj
 0002:00000190       __pDefaultRawDllMain       1000e190     LIBCMT:dll_dllmain.obj
 0002:00000190       __pRawDllMain              1000e190     LIBCMT:dll_dllmain.obj
 0002:0000019c       __pDestructExceptionObject 1000e19c     libvcruntime:ehhelpers.obj
 0002:00000520       ??_C@_08EHJDFFNH@__based?$CI@ 1000e520     libvcruntime:undname.obj
 0002:0000052c       ??_C@_07KOLFKCDI@__cdecl@  1000e52c     libvcruntime:undname.obj
 0002:00000534       ??_C@_08GHMPAG@__pascal@   1000e534     libvcruntime:undname.obj
 0002:00000540       ??_C@_09IFJBGAPI@__stdcall@ 1000e540     libvcruntime:undname.obj
 0002:0000054c       ??_C@_0L@NPHFGOKO@__thiscall@ 1000e54c     libvcruntime:undname.obj
 0002:00000558       ??_C@_0L@JMKHOMEK@__fastcall@ 1000e558     libvcruntime:undname.obj
 0002:00000564       ??_C@_0N@BCKKPABJ@__vectorcall@ 1000e564     libvcruntime:undname.obj
 0002:00000574       ??_C@_09HIJEGCPM@__clrcall@ 1000e574     libvcruntime:undname.obj
 0002:00000580       ??_C@_06GHPCKEAG@__eabi@   1000e580     libvcruntime:undname.obj
 0002:00000588       ??_C@_09IOPIDJLG@__swift_1@ 1000e588     libvcruntime:undname.obj
 0002:00000594       ??_C@_09KFNFGKHF@__swift_2@ 1000e594     libvcruntime:undname.obj
 0002:000005a0       ??_C@_07JOMMBBKO@__ptr64@  1000e5a0     libvcruntime:undname.obj
 0002:000005a8       ??_C@_0L@PILCLIHE@__restrict@ 1000e5a8     libvcruntime:undname.obj
 0002:000005b4       ??_C@_0M@GFIIJFMG@__unaligned@ 1000e5b4     libvcruntime:undname.obj
 0002:000005c0       ??_C@_09DHDLOLLB@restrict?$CI@ 1000e5c0     libvcruntime:undname.obj
 0002:000005ca       ??_C@_00CNPNBAHC@@         1000e5ca     libvcruntime:undname.obj
 0002:000005cc       ??_C@_04NIHEBCM@?5new@     1000e5cc     libvcruntime:undname.obj
 0002:000005d4       ??_C@_07FPCDHGMM@?5delete@ 1000e5d4     libvcruntime:undname.obj
 0002:000005dc       ??_C@_01NEMOKFLO@?$DN@     1000e5dc     libvcruntime:undname.obj
 0002:000005e0       ??_C@_02GPIOPFAK@?$DO?$DO@ 1000e5e0     libvcruntime:undname.obj
 0002:000005e4       ??_C@_02FODMEDOG@?$DM?$DM@ 1000e5e4     libvcruntime:undname.obj
 0002:000005e8       ??_C@_01DCLJPIOD@?$CB@     1000e5e8     libvcruntime:undname.obj
 0002:000005ec       ??_C@_02EGOFBIJA@?$DN?$DN@ 1000e5ec     libvcruntime:undname.obj
 0002:000005f0       ??_C@_02FDNJECIE@?$CB?$DN@ 1000e5f0     libvcruntime:undname.obj
 0002:000005f4       ??_C@_02GPECMEKF@?$FL?$FN@ 1000e5f4     libvcruntime:undname.obj
 0002:000005f8       ??_C@_08LHJFAFGD@operator@ 1000e5f8     libvcruntime:undname.obj
 0002:00000604       ??_C@_02HBOOOICD@?9?$DO@   1000e604     libvcruntime:undname.obj
 0002:00000608       ??_C@_01NBENCBCI@?$CK@     1000e608     libvcruntime:undname.obj
 0002:0000060c       ??_C@_02ECNGHCIF@?$CL?$CL@ 1000e60c     libvcruntime:undname.obj
 0002:00000610       ??_C@_02BAABKJLB@?9?9@     1000e610     libvcruntime:undname.obj
 0002:00000614       ??_C@_01JOAMLHOP@?9@       1000e614     libvcruntime:undname.obj
 0002:00000618       ??_C@_01MIFGBAGJ@?$CL@     1000e618     libvcruntime:undname.obj
 0002:0000061c       ??_C@_01HNPIGOCE@?$CG@     1000e61c     libvcruntime:undname.obj
 0002:00000620       ??_C@_03MNHNFDLC@?9?$DO?$CK@ 1000e620     libvcruntime:undname.obj
 0002:00000624       ??_C@_01KMDKNFGN@?1@       1000e624     libvcruntime:undname.obj
 0002:00000628       ??_C@_01FGNFDNOH@?$CF@     1000e628     libvcruntime:undname.obj
 0002:0000062c       ??_C@_01MNNFJEPP@?$DM@     1000e62c     libvcruntime:undname.obj
 0002:00000630       ??_C@_02EHCHHCKH@?$DM?$DN@ 1000e630     libvcruntime:undname.obj
 0002:00000634       ??_C@_01PPODPGHN@?$DO@     1000e634     libvcruntime:undname.obj
 0002:00000638       ??_C@_02EEKDKGMJ@?$DO?$DN@ 1000e638     libvcruntime:undname.obj
 0002:0000063c       ??_C@_01IHBHIGKO@?0@       1000e63c     libvcruntime:undname.obj
 0002:00000640       ??_C@_02HCKGKOFO@?$CI?$CJ@ 1000e640     libvcruntime:undname.obj
 0002:00000644       ??_C@_01PJKLJHI@?$HO@      1000e644     libvcruntime:undname.obj
 0002:00000648       ??_C@_01JKBOJNNK@?$FO@     1000e648     libvcruntime:undname.obj
 0002:0000064c       ??_C@_01DNKMNLPK@?$HM@     1000e64c     libvcruntime:undname.obj
 0002:00000650       ??_C@_02PPKAJPJL@?$CG?$CG@ 1000e650     libvcruntime:undname.obj
 0002:00000654       ??_C@_02NONPIBCD@?$HM?$HM@ 1000e654     libvcruntime:undname.obj
 0002:00000658       ??_C@_02FPIMKNGF@?$CK?$DN@ 1000e658     libvcruntime:undname.obj
 0002:0000065c       ??_C@_02FOEOMHFC@?$CL?$DN@ 1000e65c     libvcruntime:undname.obj
 0002:00000660       ??_C@_02FKMDLLOA@?9?$DN@   1000e660     libvcruntime:undname.obj
 0002:00000664       ??_C@_02FJEHGPIO@?1?$DN@   1000e664     libvcruntime:undname.obj
 0002:00000668       ??_C@_02FENAOKFI@?$CF?$DN@ 1000e668     libvcruntime:undname.obj
 0002:0000066c       ??_C@_03IKFCCPFF@?$DO?$DO?$DN@ 1000e66c     libvcruntime:undname.obj
 0002:00000670       ??_C@_03CDNPDDLA@?$DM?$DM?$DN@ 1000e670     libvcruntime:undname.obj
 0002:00000674       ??_C@_02FGJGFEAB@?$CG?$DN@ 1000e674     libvcruntime:undname.obj
 0002:00000678       ??_C@_02DHLNPPGH@?$HM?$DN@ 1000e678     libvcruntime:undname.obj
 0002:0000067c       ??_C@_02MHEGNOJ@?$FO?$DN@  1000e67c     libvcruntime:undname.obj
 0002:00000680       ??_C@_09IFPLHPGF@?$GAvftable?8@ 1000e680     libvcruntime:undname.obj
 0002:0000068c       ??_C@_09BLBHBJP@?$GAvbtable?8@ 1000e68c     libvcruntime:undname.obj
 0002:00000698       ??_C@_07FEEIOKP@?$GAvcall?8@ 1000e698     libvcruntime:undname.obj
 0002:000006a0       ??_C@_08LLFFHHDJ@?$GAtypeof?8@ 1000e6a0     libvcruntime:undname.obj
 0002:000006ac       ??_C@_0BF@KDPPACIK@?$GAlocal?5static?5guard?8@ 1000e6ac     libvcruntime:undname.obj
 0002:000006c4       ??_C@_08OBABFOLI@?$GAstring?8@ 1000e6c4     libvcruntime:undname.obj
 0002:000006d0       ??_C@_0BD@JDLKDPAB@?$GAvbase?5destructor?8@ 1000e6d0     libvcruntime:undname.obj
 0002:000006e4       ??_C@_0BN@DEGPLNFK@?$GAvector?5deleting?5destructor?8@ 1000e6e4     libvcruntime:undname.obj
 0002:00000704       ??_C@_0BO@OBMKPJIG@?$GAdefault?5constructor?5closure?8@ 1000e704     libvcruntime:undname.obj
 0002:00000724       ??_C@_0BN@IMDCHIKM@?$GAscalar?5deleting?5destructor?8@ 1000e724     libvcruntime:undname.obj
 0002:00000744       ??_C@_0BO@PFGOCPJJ@?$GAvector?5constructor?5iterator?8@ 1000e744     libvcruntime:undname.obj
 0002:00000764       ??_C@_0BN@LFPFMEDL@?$GAvector?5destructor?5iterator?8@ 1000e764     libvcruntime:undname.obj
 0002:00000784       ??_C@_0CE@IKBNEHA@?$GAvector?5vbase?5constructor?5itera@ 1000e784     libvcruntime:undname.obj
 0002:000007a8       ??_C@_0BL@NILFHHPC@?$GAvirtual?5displacement?5map?8@ 1000e7a8     libvcruntime:undname.obj
 0002:000007c4       ??_C@_0CB@JONCMFFK@?$GAeh?5vector?5constructor?5iterator@ 1000e7c4     libvcruntime:undname.obj
 0002:000007e8       ??_C@_0CA@GCEOPDGL@?$GAeh?5vector?5destructor?5iterator?8@ 1000e7e8     libvcruntime:undname.obj
 0002:00000808       ??_C@_0CH@OOJPLCPH@?$GAeh?5vector?5vbase?5constructor?5it@ 1000e808     libvcruntime:undname.obj
 0002:00000830       ??_C@_0BL@LLKPOHJI@?$GAcopy?5constructor?5closure?8@ 1000e830     libvcruntime:undname.obj
 0002:0000084c       ??_C@_0BA@KBCDOMBN@?$GAudt?5returning?8@ 1000e84c     libvcruntime:undname.obj
 0002:0000085c       ??_C@_03KLGMFNMG@?$GAEH@   1000e85c     libvcruntime:undname.obj
 0002:00000860       ??_C@_05KHLCHHI@?$GARTTI@  1000e860     libvcruntime:undname.obj
 0002:00000868       ??_C@_0BA@KKLDJDLB@?$GAlocal?5vftable?8@ 1000e868     libvcruntime:undname.obj
 0002:00000878       ??_C@_0CE@IIHCMGGL@?$GAlocal?5vftable?5constructor?5clos@ 1000e878     libvcruntime:undname.obj
 0002:0000089c       ??_C@_06FHBGPFGH@?5new?$FL?$FN@ 1000e89c     libvcruntime:undname.obj
 0002:000008a4       ??_C@_09LBNFPBCA@?5delete?$FL?$FN@ 1000e8a4     libvcruntime:undname.obj
 0002:000008b0       ??_C@_0P@HJKNJFNN@?$GAomni?5callsig?8@ 1000e8b0     libvcruntime:undname.obj
 0002:000008c0       ??_C@_0BL@CNOONJFP@?$GAplacement?5delete?5closure?8@ 1000e8c0     libvcruntime:undname.obj
 0002:000008dc       ??_C@_0BN@CKNJLHMB@?$GAplacement?5delete?$FL?$FN?5closure?8@ 1000e8dc     libvcruntime:undname.obj
 0002:000008fc       ??_C@_0CG@CFDHKGGD@?$GAmanaged?5vector?5constructor?5ite@ 1000e8fc     libvcruntime:undname.obj
 0002:00000924       ??_C@_0CF@IMGKMJNO@?$GAmanaged?5vector?5destructor?5iter@ 1000e924     libvcruntime:undname.obj
 0002:0000094c       ??_C@_0CG@HLDDJMAG@?$GAeh?5vector?5copy?5constructor?5ite@ 1000e94c     libvcruntime:undname.obj
 0002:00000974       ??_C@_0CM@FCBBDIGB@?$GAeh?5vector?5vbase?5copy?5construct@ 1000e974     libvcruntime:undname.obj
 0002:000009a0       ??_C@_0BL@CLIPGLGB@?$GAdynamic?5initializer?5for?5?8@ 1000e9a0     libvcruntime:undname.obj
 0002:000009bc       ??_C@_0CB@PDBIFEP@?$GAdynamic?5atexit?5destructor?5for?5@ 1000e9bc     libvcruntime:undname.obj
 0002:000009e0       ??_C@_0CD@CGAJBKEJ@?$GAvector?5copy?5constructor?5iterat@ 1000e9e0     libvcruntime:undname.obj
 0002:00000a04       ??_C@_0CJ@GJELGAMM@?$GAvector?5vbase?5copy?5constructor?5@ 1000ea04     libvcruntime:undname.obj
 0002:00000a30       ??_C@_0CL@FGIJHLCE@?$GAmanaged?5vector?5copy?5constructo@ 1000ea30     libvcruntime:undname.obj
 0002:00000a5c       ??_C@_0BM@PMGGMLDN@?$GAlocal?5static?5thread?5guard?8@ 1000ea5c     libvcruntime:undname.obj
 0002:00000a78       ??_C@_0N@BDNMDMOL@operator?5?$CC?$CC?5@ 1000ea78     libvcruntime:undname.obj
 0002:00000a88       ??_C@_0BC@GGEBGALA@operator?5co_await@ 1000ea88     libvcruntime:undname.obj
 0002:00000a9c       ??_C@_0M@GAAIMMOH@operator?$DM?$DN?$DO@ 1000ea9c     libvcruntime:undname.obj
 0002:00000aa8       ??_C@_0BC@DAFEJGAK@?5Type?5Descriptor?8@ 1000eaa8     libvcruntime:undname.obj
 0002:00000abc       ??_C@_0BM@LDKODKLH@?5Base?5Class?5Descriptor?5at?5?$CI@ 1000eabc     libvcruntime:undname.obj
 0002:00000ad8       ??_C@_0BD@LGICGFMM@?5Base?5Class?5Array?8@ 1000ead8     libvcruntime:undname.obj
 0002:00000aec       ??_C@_0BN@MECKDCOJ@?5Class?5Hierarchy?5Descriptor?8@ 1000eaec     libvcruntime:undname.obj
 0002:00000b0c       ??_C@_0BK@CFCOFLF@?5Complete?5Object?5Locator?8@ 1000eb0c     libvcruntime:undname.obj
 0002:00000b28       ??_C@_0BG@JNJLAMPM@?$GAanonymous?5namespace?8@ 1000eb28     libvcruntime:undname.obj
 0002:00000b4c       ??_C@_1DM@KHCHBNEB@?$AAa?$AAp?$AAi?$AA?9?$AAm?$AAs?$AA?9?$AAw?$AAi?$AAn?$AA?9?$AAc?$AAo?$AAr?$AAe@ 1000eb4c     libvcruntime:winapi_downlevel.obj
 0002:00000b88       ??_C@_1DK@LPPGFMPP@?$AAa?$AAp?$AAi?$AA?9?$AAm?$AAs?$AA?9?$AAw?$AAi?$AAn?$AA?9?$AAc?$AAo?$AAr?$AAe@ 1000eb88     libvcruntime:winapi_downlevel.obj
 0002:00000bc4       ??_C@_1BC@GDMECMAK@?$AAk?$AAe?$AAr?$AAn?$AAe?$AAl?$AA3?$AA2@ 1000ebc4     libvcruntime:winapi_downlevel.obj
 0002:00000bd8       ??_C@_1BA@PFFKHIOG@?$AAa?$AAp?$AAi?$AA?9?$AAm?$AAs?$AA?9@ 1000ebd8     libvcruntime:winapi_downlevel.obj
 0002:00000bf0       ??_C@_08KNHFBNJ@FlsAlloc@  1000ebf0     libvcruntime:winapi_downlevel.obj
 0002:00000c04       ??_C@_07PEJMOBNF@FlsFree@  1000ec04     libvcruntime:winapi_downlevel.obj
 0002:00000c14       ??_C@_0M@GDNOONDI@FlsGetValue@ 1000ec14     libvcruntime:winapi_downlevel.obj
 0002:00000c28       ??_C@_0M@JCPCPOEF@FlsSetValue@ 1000ec28     libvcruntime:winapi_downlevel.obj
 0002:00000c40       ___acrt_exception_action_table 1000ec40     libucrt:exception_filter.obj
 0002:00000cd0       ___acrt_signal_action_table_count 1000ecd0     libucrt:exception_filter.obj
 0002:00000cd4       ___acrt_signal_action_first_fpe_index 1000ecd4     libucrt:exception_filter.obj
 0002:00000cd8       ___acrt_signal_action_fpe_count 1000ecd8     libucrt:exception_filter.obj
 0002:00000cdc       ??_C@_1BI@BGOHAHKC@?$AAm?$AAs?$AAc?$AAo?$AAr?$AAe?$AAe?$AA?4?$AAd?$AAl?$AAl@ 1000ecdc     libucrt:exit.obj
 0002:00000cf4       ??_C@_0P@MIGLKIOC@CorExitProcess@ 1000ecf4     libucrt:exit.obj
 0002:00000f00       ??_C@_1M@HPNHIDJI@?$AAj?$AAa?$AA?9?$AAJ?$AAP@ 1000ef00     libucrt:mbctype.obj
 0002:00000f0c       ??_C@_1M@BIBDDEMK@?$AAz?$AAh?$AA?9?$AAC?$AAN@ 1000ef0c     libucrt:mbctype.obj
 0002:00000f18       ??_C@_1M@JLOOOEGK@?$AAk?$AAo?$AA?9?$AAK?$AAR@ 1000ef18     libucrt:mbctype.obj
 0002:00000f24       ??_C@_1M@CLNBBOPM@?$AAz?$AAh?$AA?9?$AAT?$AAW@ 1000ef24     libucrt:mbctype.obj
 0002:00000f80       ??_C@_1EA@JGEFHKEI@?$AAa?$AAp?$AAi?$AA?9?$AAm?$AAs?$AA?9?$AAw?$AAi?$AAn?$AA?9?$AAc?$AAo?$AAr?$AAe@ 1000ef80     libucrt:winapi_thunks.obj
 0002:00000fc0       ??_C@_1DI@IJCEHOCB@?$AAa?$AAp?$AAi?$AA?9?$AAm?$AAs?$AA?9?$AAw?$AAi?$AAn?$AA?9?$AAc?$AAo?$AAr?$AAe@ 1000efc0     libucrt:winapi_thunks.obj
 0002:00000ff8       ??_C@_1EI@MPIAOHOC@?$AAa?$AAp?$AAi?$AA?9?$AAm?$AAs?$AA?9?$AAw?$AAi?$AAn?$AA?9?$AAc?$AAo?$AAr?$AAe@ 1000eff8     libucrt:winapi_thunks.obj
 0002:00001040       ??_C@_1FK@FPHCKFIE@?$AAa?$AAp?$AAi?$AA?9?$AAm?$AAs?$AA?9?$AAw?$AAi?$AAn?$AA?9?$AAc?$AAo?$AAr?$AAe@ 1000f040     libucrt:winapi_thunks.obj
 0002:000010a0       ??_C@_1EM@DILCGIIO@?$AAa?$AAp?$AAi?$AA?9?$AAm?$AAs?$AA?9?$AAw?$AAi?$AAn?$AA?9?$AAc?$AAo?$AAr?$AAe@ 1000f0a0     libucrt:winapi_thunks.obj
 0002:000010ec       ??_C@_1DM@LNCGDDPN@?$AAa?$AAp?$AAi?$AA?9?$AAm?$AAs?$AA?9?$AAw?$AAi?$AAn?$AA?9?$AAc?$AAo?$AAr?$AAe@ 1000f0ec     libucrt:winapi_thunks.obj
 0002:00001128       ??_C@_1DO@FPAPJEMD@?$AAa?$AAp?$AAi?$AA?9?$AAm?$AAs?$AA?9?$AAw?$AAi?$AAn?$AA?9?$AAc?$AAo?$AAr?$AAe@ 1000f128     libucrt:winapi_thunks.obj
 0002:00001168       ??_C@_1DK@NDHNAHIO@?$AAa?$AAp?$AAi?$AA?9?$AAm?$AAs?$AA?9?$AAw?$AAi?$AAn?$AA?9?$AAc?$AAo?$AAr?$AAe@ 1000f168     libucrt:winapi_thunks.obj
 0002:000011a4       ??_C@_1DM@KGHDGBCM@?$AAa?$AAp?$AAi?$AA?9?$AAm?$AAs?$AA?9?$AAw?$AAi?$AAn?$AA?9?$AAc?$AAo?$AAr?$AAe@ 1000f1a4     libucrt:winapi_thunks.obj
 0002:000011e0       ??_C@_1EO@IJIOEFOH@?$AAa?$AAp?$AAi?$AA?9?$AAm?$AAs?$AA?9?$AAw?$AAi?$AAn?$AA?9?$AAr?$AAt?$AAc?$AAo@ 1000f1e0     libucrt:winapi_thunks.obj
 0002:00001230       ??_C@_1FG@HHGEKANL@?$AAa?$AAp?$AAi?$AA?9?$AAm?$AAs?$AA?9?$AAw?$AAi?$AAn?$AA?9?$AAs?$AAe?$AAc?$AAu@ 1000f230     libucrt:winapi_thunks.obj
 0002:00001288       ??_C@_1EG@DBIOJECG@?$AAe?$AAx?$AAt?$AA?9?$AAm?$AAs?$AA?9?$AAw?$AAi?$AAn?$AA?9?$AAn?$AAt?$AAu?$AAs@ 1000f288     libucrt:winapi_thunks.obj
 0002:000012d0       ??_C@_1EO@FIHMJCLF@?$AAe?$AAx?$AAt?$AA?9?$AAm?$AAs?$AA?9?$AAw?$AAi?$AAn?$AA?9?$AAn?$AAt?$AAu?$AAs@ 1000f2d0     libucrt:winapi_thunks.obj
 0002:00001320       ??_C@_1BC@DNHGCMLG@?$AAa?$AAd?$AAv?$AAa?$AAp?$AAi?$AA3?$AA2@ 1000f320     libucrt:winapi_thunks.obj
 0002:00001334       ??_C@_1M@OAIMIKLP@?$AAn?$AAt?$AAd?$AAl?$AAl@ 1000f334     libucrt:winapi_thunks.obj
 0002:00001340       ??_C@_1EG@DPGNFKGC@?$AAa?$AAp?$AAi?$AA?9?$AAm?$AAs?$AA?9?$AAw?$AAi?$AAn?$AA?9?$AAa?$AAp?$AAp?$AAm@ 1000f340     libucrt:winapi_thunks.obj
 0002:00001388       ??_C@_1O@BCCLBEOE@?$AAu?$AAs?$AAe?$AAr?$AA3?$AA2@ 1000f388     libucrt:winapi_thunks.obj
 0002:00001398       ??_C@_1BA@IAIFMGEF@?$AAe?$AAx?$AAt?$AA?9?$AAm?$AAs?$AA?9@ 1000f398     libucrt:winapi_thunks.obj
 0002:000013ac       ??_C@_0BA@FHFNEAED@AreFileApisANSI@ 1000f3ac     libucrt:winapi_thunks.obj
 0002:000013ec       ??_C@_0O@KKBNKAPF@LCMapStringEx@ 1000f3ec     libucrt:winapi_thunks.obj
 0002:00001404       ??_C@_0BB@HBDEELFH@LocaleNameToLCID@ 1000f404     libucrt:winapi_thunks.obj
 0002:0000141c       ??_C@_0CF@OJOFEIGO@AppPolicyGetProcessTerminationM@ 1000f41c     libucrt:winapi_thunks.obj
 0002:00001448       ___lc_time_c               1000f448     libucrt:nlsdata.obj
 0002:000015ac       ??_C@_03KOEHGMDN@Sun@      1000f5ac     libucrt:nlsdata.obj
 0002:000015b0       ??_C@_03PDAGKDH@Mon@       1000f5b0     libucrt:nlsdata.obj
 0002:000015b4       ??_C@_03NAGEINEP@Tue@      1000f5b4     libucrt:nlsdata.obj
 0002:000015b8       ??_C@_03MHOMLAJA@Wed@      1000f5b8     libucrt:nlsdata.obj
 0002:000015bc       ??_C@_03IOFIKPDN@Thu@      1000f5bc     libucrt:nlsdata.obj
 0002:000015c0       ??_C@_03IDIOELNC@Fri@      1000f5c0     libucrt:nlsdata.obj
 0002:000015c4       ??_C@_03FEFJNEK@Sat@       1000f5c4     libucrt:nlsdata.obj
 0002:000015c8       ??_C@_06OOPIFAJ@Sunday@    1000f5c8     libucrt:nlsdata.obj
 0002:000015d0       ??_C@_06JLEDEDGH@Monday@   1000f5d0     libucrt:nlsdata.obj
 0002:000015d8       ??_C@_07BAAGCFCM@Tuesday@  1000f5d8     libucrt:nlsdata.obj
 0002:000015e0       ??_C@_09DLIGFAKA@Wednesday@ 1000f5e0     libucrt:nlsdata.obj
 0002:000015ec       ??_C@_08HACCIKIA@Thursday@ 1000f5ec     libucrt:nlsdata.obj
 0002:000015f8       ??_C@_06JECMNKMI@Friday@   1000f5f8     libucrt:nlsdata.obj
 0002:00001600       ??_C@_08INBOOONO@Saturday@ 1000f600     libucrt:nlsdata.obj
 0002:0000160c       ??_C@_03JIHJHPIE@Jan@      1000f60c     libucrt:nlsdata.obj
 0002:00001610       ??_C@_03HJBDCHOM@Feb@      1000f610     libucrt:nlsdata.obj
 0002:00001614       ??_C@_03ODNJBKGA@Mar@      1000f614     libucrt:nlsdata.obj
 0002:00001618       ??_C@_03LEOLGMJP@Apr@      1000f618     libucrt:nlsdata.obj
 0002:0000161c       ??_C@_03CNMDKL@May@        1000f61c     libucrt:nlsdata.obj
 0002:00001620       ??_C@_03IDFGHECI@Jun@      1000f620     libucrt:nlsdata.obj
 0002:00001624       ??_C@_03LBGABGKK@Jul@      1000f624     libucrt:nlsdata.obj
 0002:00001628       ??_C@_03IFJFEIGA@Aug@      1000f628     libucrt:nlsdata.obj
 0002:0000162c       ??_C@_03GGCAPAJC@Sep@      1000f62c     libucrt:nlsdata.obj
 0002:00001630       ??_C@_03BMAOKBAD@Oct@      1000f630     libucrt:nlsdata.obj
 0002:00001634       ??_C@_03JPJOFNIA@Nov@      1000f634     libucrt:nlsdata.obj
 0002:00001638       ??_C@_03MKABNOCG@Dec@      1000f638     libucrt:nlsdata.obj
 0002:0000163c       ??_C@_07CGJPFGJA@January@  1000f63c     libucrt:nlsdata.obj
 0002:00001644       ??_C@_08GNJGEPFN@February@ 1000f644     libucrt:nlsdata.obj
 0002:00001650       ??_C@_05HPCKOFNC@March@    1000f650     libucrt:nlsdata.obj
 0002:00001658       ??_C@_05DMJDNLEJ@April@    1000f658     libucrt:nlsdata.obj
 0002:00001660       ??_C@_04CNLMGBGM@June@     1000f660     libucrt:nlsdata.obj
 0002:00001668       ??_C@_04MIEPOIFP@July@     1000f668     libucrt:nlsdata.obj
 0002:00001670       ??_C@_06LBBHFDDG@August@   1000f670     libucrt:nlsdata.obj
 0002:00001678       ??_C@_09BHHEALKD@September@ 1000f678     libucrt:nlsdata.obj
 0002:00001684       ??_C@_07JJNFCEND@October@  1000f684     libucrt:nlsdata.obj
 0002:0000168c       ??_C@_08HCHEGEOA@November@ 1000f68c     libucrt:nlsdata.obj
 0002:00001698       ??_C@_08EDHMEBNP@December@ 1000f698     libucrt:nlsdata.obj
 0002:000016a4       ??_C@_02DEDBPAFC@AM@       1000f6a4     libucrt:nlsdata.obj
 0002:000016a8       ??_C@_02CJNFDJBF@PM@       1000f6a8     libucrt:nlsdata.obj
 0002:000016ac       ??_C@_08BPBNCDIB@MM?1dd?1yy@ 1000f6ac     libucrt:nlsdata.obj
 0002:000016b8       ??_C@_0BE@CKGJFCPC@dddd?0?5MMMM?5dd?0?5yyyy@ 1000f6b8     libucrt:nlsdata.obj
 0002:000016cc       ??_C@_08JCCMCCIL@HH?3mm?3ss@ 1000f6cc     libucrt:nlsdata.obj
 0002:000016d8       ??_C@_17MBGCMIPB@?$AAS?$AAu?$AAn@ 1000f6d8     libucrt:nlsdata.obj
 0002:000016e0       ??_C@_17KBOMKBF@?$AAM?$AAo?$AAn@ 1000f6e0     libucrt:nlsdata.obj
 0002:000016e8       ??_C@_17BMKGEGOJ@?$AAT?$AAu?$AAe@ 1000f6e8     libucrt:nlsdata.obj
 0002:000016f0       ??_C@_17CJEDCEPE@?$AAW?$AAe?$AAd@ 1000f6f0     libucrt:nlsdata.obj
 0002:000016f8       ??_C@_17PDPHAADD@?$AAT?$AAh?$AAu@ 1000f6f8     libucrt:nlsdata.obj
 0002:00001700       ??_C@_17HFOLPPLP@?$AAF?$AAr?$AAi@ 1000f700     libucrt:nlsdata.obj
 0002:00001708       ??_C@_17GGIBDPIH@?$AAS?$AAa?$AAt@ 1000f708     libucrt:nlsdata.obj
 0002:00001710       ??_C@_1O@IHNHDHPB@?$AAS?$AAu?$AAn?$AAd?$AAa?$AAy@ 1000f710     libucrt:nlsdata.obj
 0002:00001720       ??_C@_1O@MMNBFLIA@?$AAM?$AAo?$AAn?$AAd?$AAa?$AAy@ 1000f720     libucrt:nlsdata.obj
 0002:00001730       ??_C@_1BA@ENFBFFEK@?$AAT?$AAu?$AAe?$AAs?$AAd?$AAa?$AAy@ 1000f730     libucrt:nlsdata.obj
 0002:00001740       ??_C@_1BE@EBOGMDOH@?$AAW?$AAe?$AAd?$AAn?$AAe?$AAs?$AAd?$AAa?$AAy@ 1000f740     libucrt:nlsdata.obj
 0002:00001754       ??_C@_1BC@HHMNLIHE@?$AAT?$AAh?$AAu?$AAr?$AAs?$AAd?$AAa?$AAy@ 1000f754     libucrt:nlsdata.obj
 0002:00001768       ??_C@_1O@PDICJHAG@?$AAF?$AAr?$AAi?$AAd?$AAa?$AAy@ 1000f768     libucrt:nlsdata.obj
 0002:00001778       ??_C@_1BC@ENMNNPAJ@?$AAS?$AAa?$AAt?$AAu?$AAr?$AAd?$AAa?$AAy@ 1000f778     libucrt:nlsdata.obj
 0002:0000178c       ??_C@_17DKNBKCHM@?$AAJ?$AAa?$AAn@ 1000f78c     libucrt:nlsdata.obj
 0002:00001794       ??_C@_17LMDJEKJN@?$AAF?$AAe?$AAb@ 1000f794     libucrt:nlsdata.obj
 0002:0000179c       ??_C@_17CKNLEDEC@?$AAM?$AAa?$AAr@ 1000f79c     libucrt:nlsdata.obj
 0002:000017a4       ??_C@_17LFPOIHDD@?$AAA?$AAp?$AAr@ 1000f7a4     libucrt:nlsdata.obj
 0002:000017ac       ??_C@_17PNNKMEED@?$AAM?$AAa?$AAy@ 1000f7ac     libucrt:nlsdata.obj
 0002:000017b4       ??_C@_17KCJGOCPB@?$AAJ?$AAu?$AAn@ 1000f7b4     libucrt:nlsdata.obj
 0002:000017bc       ??_C@_17IJPCKHK@?$AAJ?$AAu?$AAl@ 1000f7bc     libucrt:nlsdata.obj
 0002:000017c4       ??_C@_17ICPELBCN@?$AAA?$AAu?$AAg@ 1000f7c4     libucrt:nlsdata.obj
 0002:000017cc       ??_C@_17HCHCOKMG@?$AAS?$AAe?$AAp@ 1000f7cc     libucrt:nlsdata.obj
 0002:000017d4       ??_C@_17FNLKOI@?$AAO?$AAc?$AAt@ 1000f7d4     libucrt:nlsdata.obj
 0002:000017dc       ??_C@_17BBDMLCIG@?$AAN?$AAo?$AAv@ 1000f7dc     libucrt:nlsdata.obj
 0002:000017e4       ??_C@_17EGKACKIF@?$AAD?$AAe?$AAc@ 1000f7e4     libucrt:nlsdata.obj
 0002:000017ec       ??_C@_1BA@EFMEIEBA@?$AAJ?$AAa?$AAn?$AAu?$AAa?$AAr?$AAy@ 1000f7ec     libucrt:nlsdata.obj
 0002:000017fc       ??_C@_1BC@JGDDFFAM@?$AAF?$AAe?$AAb?$AAr?$AAu?$AAa?$AAr?$AAy@ 1000f7fc     libucrt:nlsdata.obj
 0002:00001810       ??_C@_1M@IKEENEDF@?$AAM?$AAa?$AAr?$AAc?$AAh@ 1000f810     libucrt:nlsdata.obj
 0002:0000181c       ??_C@_1M@GJNLMHFD@?$AAA?$AAp?$AAr?$AAi?$AAl@ 1000f81c     libucrt:nlsdata.obj
 0002:00001828       ??_C@_19EPFLPGAP@?$AAJ?$AAu?$AAn?$AAe@ 1000f828     libucrt:nlsdata.obj
 0002:00001834       ??_C@_19BIFMLPCD@?$AAJ?$AAu?$AAl?$AAy@ 1000f834     libucrt:nlsdata.obj
 0002:00001840       ??_C@_1O@PAHLKOAC@?$AAA?$AAu?$AAg?$AAu?$AAs?$AAt@ 1000f840     libucrt:nlsdata.obj
 0002:00001850       ??_C@_1BE@DKAAMBJL@?$AAS?$AAe?$AAp?$AAt?$AAe?$AAm?$AAb?$AAe?$AAr@ 1000f850     libucrt:nlsdata.obj
 0002:00001864       ??_C@_1BA@EPANDLNG@?$AAO?$AAc?$AAt?$AAo?$AAb?$AAe?$AAr@ 1000f864     libucrt:nlsdata.obj
 0002:00001874       ??_C@_1BC@BGLIFPF@?$AAN?$AAo?$AAv?$AAe?$AAm?$AAb?$AAe?$AAr@ 1000f874     libucrt:nlsdata.obj
 0002:00001888       ??_C@_1BC@FEMKIFH@?$AAD?$AAe?$AAc?$AAe?$AAm?$AAb?$AAe?$AAr@ 1000f888     libucrt:nlsdata.obj
 0002:0000189c       ??_C@_15ODEHAHHF@?$AAA?$AAM@ 1000f89c     libucrt:nlsdata.obj
 0002:000018a4       ??_C@_15CLMNNGEL@?$AAP?$AAM@ 1000f8a4     libucrt:nlsdata.obj
 0002:000018ac       ??_C@_1BC@IEBCMHCM@?$AAM?$AAM?$AA?1?$AAd?$AAd?$AA?1?$AAy?$AAy@ 1000f8ac     libucrt:nlsdata.obj
 0002:000018c0       ??_C@_1CI@KNAKOEBC@?$AAd?$AAd?$AAd?$AAd?$AA?0?$AA?5?$AAM?$AAM?$AAM?$AAM?$AA?5?$AAd?$AAd?$AA?0?$AA?5@ 1000f8c0     libucrt:nlsdata.obj
 0002:000018e8       ??_C@_1BC@GDGBMEMK@?$AAH?$AAH?$AA?3?$AAm?$AAm?$AA?3?$AAs?$AAs@ 1000f8e8     libucrt:nlsdata.obj
 0002:000018fc       ??_C@_1M@BMHNFIME@?$AAe?$AAn?$AA?9?$AAU?$AAS@ 1000f8fc     libucrt:nlsdata.obj
 0002:00001908       ___newctype                1000f908     libucrt:ctype.obj
 0002:00001c08       ___newclmap                1000fc08     libucrt:ctype.obj
 0002:00001d88       ___newcumap                1000fd88     libucrt:ctype.obj
 0002:00002628       ??_C@_15EMKDOKLE@?$AAa?$AAr@ 10010628     libucrt:lcidtoname_downlevel.obj
 0002:00002630       ??_C@_15KNPADPLH@?$AAb?$AAg@ 10010630     libucrt:lcidtoname_downlevel.obj
 0002:00002638       ??_C@_15EDMHLDMO@?$AAc?$AAa@ 10010638     libucrt:lcidtoname_downlevel.obj
 0002:00002640       ??_C@_1O@BPEAJADD@?$AAz?$AAh?$AA?9?$AAC?$AAH?$AAS@ 10010640     libucrt:lcidtoname_downlevel.obj
 0002:00002650       ??_C@_15LJNHCMNK@?$AAc?$AAs@ 10010650     libucrt:lcidtoname_downlevel.obj
 0002:00002658       ??_C@_15FOMCIDHG@?$AAd?$AAa@ 10010658     libucrt:lcidtoname_downlevel.obj
 0002:00002660       ??_C@_15NBKABECB@?$AAd?$AAe@ 10010660     libucrt:lcidtoname_downlevel.obj
 0002:00002668       ??_C@_15GHPEIIAO@?$AAe?$AAl@ 10010668     libucrt:lcidtoname_downlevel.obj
 0002:00002670       ??_C@_15MNPNEAIF@?$AAe?$AAn@ 10010670     libucrt:lcidtoname_downlevel.obj
 0002:00002678       ??_C@_15GPIOMPMH@?$AAe?$AAs@ 10010678     libucrt:lcidtoname_downlevel.obj
 0002:00002680       ??_C@_15NGLOAKJC@?$AAf?$AAi@ 10010680     libucrt:lcidtoname_downlevel.obj
 0002:00002688       ??_C@_15FBKGNKAM@?$AAf?$AAr@ 10010688     libucrt:lcidtoname_downlevel.obj
 0002:00002690       ??_C@_15KGGCNEFK@?$AAh?$AAe@ 10010690     libucrt:lcidtoname_downlevel.obj
 0002:00002698       ??_C@_15PGHLIDMF@?$AAh?$AAu@ 10010698     libucrt:lcidtoname_downlevel.obj
 0002:000026a0       ??_C@_15BIEMAPLM@?$AAi?$AAs@ 100106a0     libucrt:lcidtoname_downlevel.obj
 0002:000026a8       ??_C@_15IFJLDHAF@?$AAi?$AAt@ 100106a8     libucrt:lcidtoname_downlevel.obj
 0002:000026b0       ??_C@_15GEMIOCAG@?$AAj?$AAa@ 100106b0     libucrt:lcidtoname_downlevel.obj
 0002:000026b8       ??_C@_15EPELEGJA@?$AAk?$AAo@ 100106b8     libucrt:lcidtoname_downlevel.obj
 0002:000026c0       ??_C@_15NDDHIMN@?$AAn?$AAl@ 100106c0     libucrt:lcidtoname_downlevel.obj
 0002:000026c8       ??_C@_15BPIGNHCD@?$AAn?$AAo@ 100106c8     libucrt:lcidtoname_downlevel.obj
 0002:000026d0       ??_C@_15DEOPBLCG@?$AAp?$AAl@ 100106d0     libucrt:lcidtoname_downlevel.obj
 0002:000026d8       ??_C@_15KBECGEFG@?$AAp?$AAt@ 100106d8     libucrt:lcidtoname_downlevel.obj
 0002:000026e0       ??_C@_15GLJCBFMD@?$AAr?$AAo@ 100106e0     libucrt:lcidtoname_downlevel.obj
 0002:000026e8       ??_C@_15FEDGKCDI@?$AAr?$AAu@ 100106e8     libucrt:lcidtoname_downlevel.obj
 0002:000026f0       ??_C@_15GLKMLLHM@?$AAh?$AAr@ 100106f0     libucrt:lcidtoname_downlevel.obj
 0002:000026f8       ??_C@_15CPKMFBDB@?$AAs?$AAk@ 100106f8     libucrt:lcidtoname_downlevel.obj
 0002:00002700       ??_C@_15BAAIOGMK@?$AAs?$AAq@ 10010700     libucrt:lcidtoname_downlevel.obj
 0002:00002708       ??_C@_15INNPNOHD@?$AAs?$AAv@ 10010708     libucrt:lcidtoname_downlevel.obj
 0002:00002710       ??_C@_15CABMMOGH@?$AAt?$AAh@ 10010710     libucrt:lcidtoname_downlevel.obj
 0002:00002718       ??_C@_15BPLIHJJM@?$AAt?$AAr@ 10010718     libucrt:lcidtoname_downlevel.obj
 0002:00002720       ??_C@_15NEOEKKDJ@?$AAu?$AAr@ 10010720     libucrt:lcidtoname_downlevel.obj
 0002:00002728       ??_C@_15NFICGAJK@?$AAi?$AAd@ 10010728     libucrt:lcidtoname_downlevel.obj
 0002:00002730       ??_C@_15PJPFLCCM@?$AAu?$AAk@ 10010730     libucrt:lcidtoname_downlevel.obj
 0002:00002738       ??_C@_15HPJPHDM@?$AAb?$AAe@ 10010738     libucrt:lcidtoname_downlevel.obj
 0002:00002740       ??_C@_15LCHLGJII@?$AAs?$AAl@ 10010740     libucrt:lcidtoname_downlevel.obj
 0002:00002748       ??_C@_15PCFJPHHO@?$AAe?$AAt@ 10010748     libucrt:lcidtoname_downlevel.obj
 0002:00002750       ??_C@_15HPFPGODN@?$AAl?$AAv@ 10010750     libucrt:lcidtoname_downlevel.obj
 0002:00002758       ??_C@_15NFFGKGLG@?$AAl?$AAt@ 10010758     libucrt:lcidtoname_downlevel.obj
 0002:00002760       ??_C@_15BDAKCCHN@?$AAf?$AAa@ 10010760     libucrt:lcidtoname_downlevel.obj
 0002:00002768       ??_C@_15NFGIAIAJ@?$AAv?$AAi@ 10010768     libucrt:lcidtoname_downlevel.obj
 0002:00002770       ??_C@_15LMKNDMHN@?$AAh?$AAy@ 10010770     libucrt:lcidtoname_downlevel.obj
 0002:00002778       ??_C@_15IJBHMCFL@?$AAa?$AAz@ 10010778     libucrt:lcidtoname_downlevel.obj
 0002:00002780       ??_C@_15EKOFJABL@?$AAe?$AAu@ 10010780     libucrt:lcidtoname_downlevel.obj
 0002:00002788       ??_C@_15BGHADCNK@?$AAm?$AAk@ 10010788     libucrt:lcidtoname_downlevel.obj
 0002:00002790       ??_C@_15JDNICKHM@?$AAa?$AAf@ 10010790     libucrt:lcidtoname_downlevel.obj
 0002:00002798       ??_C@_15KPJEDBKD@?$AAk?$AAa@ 10010798     libucrt:lcidtoname_downlevel.obj
 0002:000027a0       ??_C@_15PDNFFFEO@?$AAf?$AAo@ 100107a0     libucrt:lcidtoname_downlevel.obj
 0002:000027a8       ??_C@_15OMLEGLOC@?$AAh?$AAi@ 100107a8     libucrt:lcidtoname_downlevel.obj
 0002:000027b0       ??_C@_15IDNNENKK@?$AAm?$AAs@ 100107b0     libucrt:lcidtoname_downlevel.obj
 0002:000027b8       ??_C@_15MACJNBMH@?$AAk?$AAk@ 100107b8     libucrt:lcidtoname_downlevel.obj
 0002:000027c0       ??_C@_15DKDJEOND@?$AAk?$AAy@ 100107c0     libucrt:lcidtoname_downlevel.obj
 0002:000027c8       ??_C@_15DFGDLJBG@?$AAs?$AAw@ 100107c8     libucrt:lcidtoname_downlevel.obj
 0002:000027d0       ??_C@_15BBFAICNG@?$AAu?$AAz@ 100107d0     libucrt:lcidtoname_downlevel.obj
 0002:000027d8       ??_C@_15DKNDCGEA@?$AAt?$AAt@ 100107d8     libucrt:lcidtoname_downlevel.obj
 0002:000027e0       ??_C@_15MGIFMDPL@?$AAp?$AAa@ 100107e0     libucrt:lcidtoname_downlevel.obj
 0002:000027e8       ??_C@_15HCNDBBA@?$AAg?$AAu@ 100107e8     libucrt:lcidtoname_downlevel.obj
 0002:000027f0       ??_C@_15FNBEIBON@?$AAt?$AAa@ 100107f0     libucrt:lcidtoname_downlevel.obj
 0002:000027f8       ??_C@_15NCHGBGLK@?$AAt?$AAe@ 100107f8     libucrt:lcidtoname_downlevel.obj
 0002:00002800       ??_C@_15PHPHCBPF@?$AAk?$AAn@ 10010800     libucrt:lcidtoname_downlevel.obj
 0002:00002808       ??_C@_15DLGBCKMP@?$AAm?$AAr@ 10010808     libucrt:lcidtoname_downlevel.obj
 0002:00002810       ??_C@_15EABBLBFF@?$AAs?$AAa@ 10010810     libucrt:lcidtoname_downlevel.obj
 0002:00002818       ??_C@_15CBKOMCOI@?$AAm?$AAn@ 10010818     libucrt:lcidtoname_downlevel.obj
 0002:00002820       ??_C@_15CKDMCJAF@?$AAg?$AAl@ 10010820     libucrt:lcidtoname_downlevel.obj
 0002:00002828       ??_C@_17CNJFBPG@?$AAk?$AAo?$AAk@ 10010828     libucrt:lcidtoname_downlevel.obj
 0002:00002830       ??_C@_17FFBJICPL@?$AAs?$AAy?$AAr@ 10010830     libucrt:lcidtoname_downlevel.obj
 0002:00002838       ??_C@_17KPNDCPAF@?$AAd?$AAi?$AAv@ 10010838     libucrt:lcidtoname_downlevel.obj
 0002:00002840       ??_C@_1M@OKAHONE@?$AAa?$AAr?$AA?9?$AAS?$AAA@ 10010840     libucrt:lcidtoname_downlevel.obj
 0002:0000284c       ??_C@_1M@FFFIGIGK@?$AAb?$AAg?$AA?9?$AAB?$AAG@ 1001084c     libucrt:lcidtoname_downlevel.obj
 0002:00002858       ??_C@_1M@BJNKEDC@?$AAc?$AAa?$AA?9?$AAE?$AAS@ 10010858     libucrt:lcidtoname_downlevel.obj
 0002:00002864       ??_C@_1M@IJJHFJHA@?$AAc?$AAs?$AA?9?$AAC?$AAZ@ 10010864     libucrt:lcidtoname_downlevel.obj
 0002:00002870       ??_C@_1M@CLPEOBGI@?$AAd?$AAa?$AA?9?$AAD?$AAK@ 10010870     libucrt:lcidtoname_downlevel.obj
 0002:0000287c       ??_C@_1M@MCMADGCB@?$AAd?$AAe?$AA?9?$AAD?$AAE@ 1001087c     libucrt:lcidtoname_downlevel.obj
 0002:00002888       ??_C@_1M@OOCKEMAM@?$AAe?$AAl?$AA?9?$AAG?$AAR@ 10010888     libucrt:lcidtoname_downlevel.obj
 0002:00002894       ??_C@_1M@DDNJFGID@?$AAf?$AAi?$AA?9?$AAF?$AAI@ 10010894     libucrt:lcidtoname_downlevel.obj
 0002:000028a0       ??_C@_1M@GLIPPMAC@?$AAf?$AAr?$AA?9?$AAF?$AAR@ 100108a0     libucrt:lcidtoname_downlevel.obj
 0002:000028ac       ??_C@_1M@GFMCHPE@?$AAh?$AAe?$AA?9?$AAI?$AAL@ 100108ac     libucrt:lcidtoname_downlevel.obj
 0002:000028b8       ??_C@_1M@MHLPGNKM@?$AAh?$AAu?$AA?9?$AAH?$AAU@ 100108b8     libucrt:lcidtoname_downlevel.obj
 0002:000028c4       ??_C@_1M@LPDDNNPN@?$AAi?$AAs?$AA?9?$AAI?$AAS@ 100108c4     libucrt:lcidtoname_downlevel.obj
 0002:000028d0       ??_C@_1M@MADIPODN@?$AAi?$AAt?$AA?9?$AAI?$AAT@ 100108d0     libucrt:lcidtoname_downlevel.obj
 0002:000028dc       ??_C@_1M@IHBJJGG@?$AAn?$AAl?$AA?9?$AAN?$AAL@ 100108dc     libucrt:lcidtoname_downlevel.obj
 0002:000028e8       ??_C@_1M@EANAGDL@?$AAn?$AAb?$AA?9?$AAN?$AAO@ 100108e8     libucrt:lcidtoname_downlevel.obj
 0002:000028f4       ??_C@_1M@NEIEMEGP@?$AAp?$AAl?$AA?9?$AAP?$AAL@ 100108f4     libucrt:lcidtoname_downlevel.obj
 0002:00002900       ??_C@_1M@BOCFIGEP@?$AAp?$AAt?$AA?9?$AAB?$AAR@ 10010900     libucrt:lcidtoname_downlevel.obj
 0002:0000290c       ??_C@_1M@IMPFOPBG@?$AAr?$AAo?$AA?9?$AAR?$AAO@ 1001090c     libucrt:lcidtoname_downlevel.obj
 0002:00002918       ??_C@_1M@IDNNEJMM@?$AAr?$AAu?$AA?9?$AAR?$AAU@ 10010918     libucrt:lcidtoname_downlevel.obj
 0002:00002924       ??_C@_1M@LILEEOGM@?$AAh?$AAr?$AA?9?$AAH?$AAR@ 10010924     libucrt:lcidtoname_downlevel.obj
 0002:00002930       ??_C@_1M@FKIFEHPB@?$AAs?$AAk?$AA?9?$AAS?$AAK@ 10010930     libucrt:lcidtoname_downlevel.obj
 0002:0000293c       ??_C@_1M@LJMAMNPJ@?$AAs?$AAq?$AA?9?$AAA?$AAL@ 1001093c     libucrt:lcidtoname_downlevel.obj
 0002:00002948       ??_C@_1M@GIAKDKJK@?$AAs?$AAv?$AA?9?$AAS?$AAE@ 10010948     libucrt:lcidtoname_downlevel.obj
 0002:00002954       ??_C@_1M@MKJKIKCL@?$AAt?$AAh?$AA?9?$AAT?$AAH@ 10010954     libucrt:lcidtoname_downlevel.obj
 0002:00002960       ??_C@_1M@MFLCCMPB@?$AAt?$AAr?$AA?9?$AAT?$AAR@ 10010960     libucrt:lcidtoname_downlevel.obj
 0002:0000296c       ??_C@_1M@OIJHDKJN@?$AAu?$AAr?$AA?9?$AAP?$AAK@ 1001096c     libucrt:lcidtoname_downlevel.obj
 0002:00002978       ??_C@_1M@LHIPCIEK@?$AAi?$AAd?$AA?9?$AAI?$AAD@ 10010978     libucrt:lcidtoname_downlevel.obj
 0002:00002984       ??_C@_1M@MFMOBGI@?$AAu?$AAk?$AA?9?$AAU?$AAA@ 10010984     libucrt:lcidtoname_downlevel.obj
 0002:00002990       ??_C@_1M@OBGLJIPL@?$AAb?$AAe?$AA?9?$AAB?$AAY@ 10010990     libucrt:lcidtoname_downlevel.obj
 0002:0000299c       ??_C@_1M@BCFAJEAD@?$AAs?$AAl?$AA?9?$AAS?$AAI@ 1001099c     libucrt:lcidtoname_downlevel.obj
 0002:000029a8       ??_C@_1M@FKFFEDDN@?$AAe?$AAt?$AA?9?$AAE?$AAE@ 100109a8     libucrt:lcidtoname_downlevel.obj
 0002:000029b4       ??_C@_1M@KGKKAACI@?$AAl?$AAv?$AA?9?$AAL?$AAV@ 100109b4     libucrt:lcidtoname_downlevel.obj
 0002:000029c0       ??_C@_1M@IFGBIJO@?$AAl?$AAt?$AA?9?$AAL?$AAT@ 100109c0     libucrt:lcidtoname_downlevel.obj
 0002:000029cc       ??_C@_1M@FGEAHEDM@?$AAf?$AAa?$AA?9?$AAI?$AAR@ 100109cc     libucrt:lcidtoname_downlevel.obj
 0002:000029d8       ??_C@_1M@KBMAIBFN@?$AAv?$AAi?$AA?9?$AAV?$AAN@ 100109d8     libucrt:lcidtoname_downlevel.obj
 0002:000029e4       ??_C@_1M@GPCBKDJK@?$AAh?$AAy?$AA?9?$AAA?$AAM@ 100109e4     libucrt:lcidtoname_downlevel.obj
 0002:000029f0       ??_C@_1BG@BECMDDJB@?$AAa?$AAz?$AA?9?$AAA?$AAZ?$AA?9?$AAL?$AAa?$AAt?$AAn@ 100109f0     libucrt:lcidtoname_downlevel.obj
 0002:00002a08       ??_C@_1M@MAOFCAEA@?$AAe?$AAu?$AA?9?$AAE?$AAS@ 10010a08     libucrt:lcidtoname_downlevel.obj
 0002:00002a14       ??_C@_1M@IGHABKPI@?$AAm?$AAk?$AA?9?$AAM?$AAK@ 10010a14     libucrt:lcidtoname_downlevel.obj
 0002:00002a20       ??_C@_1M@IAIGNEJG@?$AAt?$AAn?$AA?9?$AAZ?$AAA@ 10010a20     libucrt:lcidtoname_downlevel.obj
 0002:00002a2c       ??_C@_1M@IIJCOJFA@?$AAx?$AAh?$AA?9?$AAZ?$AAA@ 10010a2c     libucrt:lcidtoname_downlevel.obj
 0002:00002a38       ??_C@_1M@LGPJHNJH@?$AAz?$AAu?$AA?9?$AAZ?$AAA@ 10010a38     libucrt:lcidtoname_downlevel.obj
 0002:00002a44       ??_C@_1M@HOKAOIO@?$AAa?$AAf?$AA?9?$AAZ?$AAA@ 10010a44     libucrt:lcidtoname_downlevel.obj
 0002:00002a50       ??_C@_1M@DPCLHLIE@?$AAk?$AAa?$AA?9?$AAG?$AAE@ 10010a50     libucrt:lcidtoname_downlevel.obj
 0002:00002a5c       ??_C@_1M@BLKMHJBI@?$AAf?$AAo?$AA?9?$AAF?$AAO@ 10010a5c     libucrt:lcidtoname_downlevel.obj
 0002:00002a68       ??_C@_1M@LGGJAPPB@?$AAh?$AAi?$AA?9?$AAI?$AAN@ 10010a68     libucrt:lcidtoname_downlevel.obj
 0002:00002a74       ??_C@_1M@FIKPIHFE@?$AAm?$AAt?$AA?9?$AAM?$AAT@ 10010a74     libucrt:lcidtoname_downlevel.obj
 0002:00002a80       ??_C@_1M@HEGGPBFA@?$AAs?$AAe?$AA?9?$AAN?$AAO@ 10010a80     libucrt:lcidtoname_downlevel.obj
 0002:00002a8c       ??_C@_1M@EIBJEEPA@?$AAm?$AAs?$AA?9?$AAM?$AAY@ 10010a8c     libucrt:lcidtoname_downlevel.obj
 0002:00002a98       ??_C@_1M@FHLBGMPP@?$AAk?$AAk?$AA?9?$AAK?$AAZ@ 10010a98     libucrt:lcidtoname_downlevel.obj
 0002:00002aa4       ??_C@_1M@NGJJLCGI@?$AAk?$AAy?$AA?9?$AAK?$AAG@ 10010aa4     libucrt:lcidtoname_downlevel.obj
[...]
 0002:00003ff0       emask                      10011ff0     libucrt:log10_pentium4.obj
 0002:00004000       CC                         10012000     libucrt:log10_pentium4.obj
 0002:00004010       Magic                      10012010     libucrt:log10_pentium4.obj
 0002:00004020       hi_mask                    10012020     libucrt:log10_pentium4.obj
 0002:00004030       LOG10_2                    10012030     libucrt:log10_pentium4.obj
 0002:00004040       place_L                    10012040     libucrt:log10_pentium4.obj
 0002:00004060       One                        10012060     libucrt:log10_pentium4.obj
 0002:00004070       Zero                       10012070     libucrt:log10_pentium4.obj
 0002:00004080       Two52                      10012080     libucrt:log10_pentium4.obj
 0002:00004090       Infs                       10012090     libucrt:log10_pentium4.obj
 0002:000040a0       NaN                        100120a0     libucrt:log10_pentium4.obj
 0002:000040b0       coeff                      100120b0     libucrt:log10_pentium4.obj
 0002:0000410e       _log2max                   1001210e     libucrt:87tran.obj
 0002:00004118       _smallarg                  10012118     libucrt:87tran.obj
 0002:00004122       _half                      10012122     libucrt:87tran.obj
 0002:0000416e       One                        1001216e     libucrt:87disp.obj
 0002:00004176       Three                      10012176     libucrt:87disp.obj
 0002:0000417e       XAMtoTagTab                1001217e     libucrt:87disp.obj
 0002:00004190       One                        10012190     libucrt:common.obj
 0002:000041a4       DblMax                     100121a4     libucrt:common.obj
 0002:000041ac       DblMin                     100121ac     libucrt:common.obj
 0002:000041b4       IeeeAdjO                   100121b4     libucrt:common.obj
 0002:000041bc       IeeeAdjU                   100121bc     libucrt:common.obj
 0002:000041c4       _infinity                  100121c4     libucrt:common.obj
 0002:000041cc       _zero                      100121cc     libucrt:common.obj
 0002:00004208       _over                      10012208     libucrt:fpctrl.obj
 0002:00004214       _under                     10012214     libucrt:fpctrl.obj
 0002:00004a48       ?_names@?1??_get_fname@@9@9 10012a48     libucrt:fpexcept.obj
 0002:00004bf0       two32                      10012bf0     LIBCMT:ftol2.obj
 0002:00004bf4       two63                      10012bf4     LIBCMT:ftol2.obj
 0002:00004bf8       _NaN                       10012bf8     LIBCMT:ftol2.obj
 0002:00004c90       ?BoxChar@@3PA_WA           10012c90     DrawLine.obj
 0002:00004ce0       ?BoxRight@@3PAFA           10012ce0     DrawLine.obj
 0002:00004d40       ?BoxLeft@@3PAFA            10012d40     DrawLine.obj
 0002:00004d90       ?BoxUp@@3PAFA              10012d90     DrawLine.obj
 0002:00004de0       ?BoxDown@@3PAFA            10012de0     DrawLine.obj
 0002:00004f88       ?ntdll@modules@@3QB_WB     10012f88     vc_crt_fix_impl.obj
 0002:00004f94       ?kernel32@modules@@3QB_WB  10012f94     vc_crt_fix_impl.obj
 0002:000053a8       __sehtable$___scrt_is_nonwritable_in_current_image 100133a8     LIBCMT:utility.obj
 0002:000053c8       __sehtable$?dllmain_crt_process_attach@@YAHQAUHINSTANCE__@@QAX@Z 100133c8     LIBCMT:dll_dllmain.obj
 0002:000053e8       __sehtable$?dllmain_crt_process_detach@@YAH_N@Z 100133e8     LIBCMT:dll_dllmain.obj
 0002:00005410       __sehtable$?dllmain_dispatch@@YAHQAUHINSTANCE__@@KQAX@Z 10013410     LIBCMT:dll_dllmain.obj
 0002:00005430       __sehtable$___DestructExceptionObject 10013430     libvcruntime:ehhelpers.obj
 0002:00005450       __sehtable$??R<lambda_6e4b09c48022b2350581041d5f6b0c4c>@@QBE@XZ 10013450     libucrt:exit.obj
 0002:00005470       __sehtable$??$?RV<lambda_03b1d95aef87969028cfba75ccab2455>@@AAV<lambda_6e4b09c48022b2350581041d5f6b0c4c>@@V<lambda_22bdf7517842c4b3e53723af5aa32b9e>@@@?$__crt_seh_guarded_call@X@@QAEX$$QAV<lambda_03b1d95aef87969028cfba75ccab2455>@@AAV<lambda_6e4b09c48022b2350581041d5f6b0c4c>@@$$QAV<lambda_22bdf7517842c4b3e53723af5aa32b9e>@@@Z 10013470     libucrt:exit.obj
 0002:00005490       __sehtable$??$?RV<lambda_8e746cf0007f6ed984d6f78af1fec997>@@AAV<lambda_22ebabd17bc4fa466a2aca6d8deb888d>@@V<lambda_18ed0c0b38a6dc0daf1e7ac6d6adf05e>@@@?$__crt_seh_guarded_call@H@@QAEH$$QAV<lambda_8e746cf0007f6ed984d6f78af1fec997>@@AAV<lambda_22ebabd17bc4fa466a2aca6d8deb888d>@@$$QAV<lambda_18ed0c0b38a6dc0daf1e7ac6d6adf05e>@@@Z 10013490     libucrt:onexit.obj
 0002:000054b0       __sehtable$??$?RV<lambda_69a2805e680e0e292e8ba93315fe43a8>@@AAV<lambda_f03950bc5685219e0bcd2087efbe011e>@@V<lambda_03fcd07e894ec930e3f35da366ca99d6>@@@?$__crt_seh_guarded_call@H@@QAEH$$QAV<lambda_69a2805e680e0e292e8ba93315fe43a8>@@AAV<lambda_f03950bc5685219e0bcd2087efbe011e>@@$$QAV<lambda_03fcd07e894ec930e3f35da366ca99d6>@@@Z 100134b0     libucrt:onexit.obj
 0002:000054d0       __sehtable$_terminate      100134d0     libucrt:terminate.obj
 0002:000054f0       __sehtable$??$?RV<lambda_15ade71b0218206bbe3333a0c9b79046>@@AAV<lambda_da44e0f8b0f19ba52fefafb335991732>@@V<lambda_207f2d024fc103971653565357d6cd41>@@@?$__crt_seh_guarded_call@X@@QAEX$$QAV<lambda_15ade71b0218206bbe3333a0c9b79046>@@AAV<lambda_da44e0f8b0f19ba52fefafb335991732>@@$$QAV<lambda_207f2d024fc103971653565357d6cd41>@@@Z 100134f0     libucrt:per_thread_data.obj
 0002:00005510       __sehtable$??$?RV<lambda_a7e850c220f1c8d1e6efeecdedd162c6>@@AAV<lambda_46720907175c18b6c9d2717bc0d2d362>@@V<lambda_9048902d66e8d99359bc9897bbb930a8>@@@?$__crt_seh_guarded_call@X@@QAEX$$QAV<lambda_a7e850c220f1c8d1e6efeecdedd162c6>@@AAV<lambda_46720907175c18b6c9d2717bc0d2d362>@@$$QAV<lambda_9048902d66e8d99359bc9897bbb930a8>@@@Z 10013510     libucrt:per_thread_data.obj
 0002:00005530       __sehtable$??$?RV<lambda_38edbb1296d33220d7e4dd0ed76b244a>@@AAV<lambda_5ce1d447e08cb34b2473517608e21441>@@V<lambda_fb385d3da700c9147fc39e65dd577a8c>@@@?$__crt_seh_guarded_call@X@@QAEX$$QAV<lambda_38edbb1296d33220d7e4dd0ed76b244a>@@AAV<lambda_5ce1d447e08cb34b2473517608e21441>@@$$QAV<lambda_fb385d3da700c9147fc39e65dd577a8c>@@@Z 10013530     libucrt:per_thread_data.obj
 0002:00005550       __sehtable$??$?RV<lambda_6affb1475c98b40b75cdec977db92e3c>@@AAV<lambda_b8d4b9c228a6ecc3f80208dbb4b4a104>@@V<lambda_608742c3c92a14382c1684fc64f96c88>@@@?$__crt_seh_guarded_call@X@@QAEX$$QAV<lambda_6affb1475c98b40b75cdec977db92e3c>@@AAV<lambda_b8d4b9c228a6ecc3f80208dbb4b4a104>@@$$QAV<lambda_608742c3c92a14382c1684fc64f96c88>@@@Z 10013550     libucrt:per_thread_data.obj
 0002:00005570       __sehtable$?update_thread_multibyte_data_internal@@YAPAU__crt_multibyte_data@@QAU__acrt_ptd@@QAPAU1@@Z 10013570     libucrt:mbctype.obj
 0002:00005590       __sehtable$??$?RV<lambda_ceb1ee4838e85a9d631eb091e2fbe199>@@AAV<lambda_ae742caa10f662c28703da3d2ea5e57e>@@V<lambda_cd08b5d6af4937fe54fc07d0c9bf6b37>@@@?$__crt_seh_guarded_call@X@@QAEX$$QAV<lambda_ceb1ee4838e85a9d631eb091e2fbe199>@@AAV<lambda_ae742caa10f662c28703da3d2ea5e57e>@@$$QAV<lambda_cd08b5d6af4937fe54fc07d0c9bf6b37>@@@Z 10013590     libucrt:mbctype.obj
 0002:000055b0       __sehtable$___acrt_initialize_lowio 100135b0     libucrt:ioinit.obj
 0002:000055d0       __sehtable$__query_new_handler 100135d0     libucrt:new_handler.obj
 0002:000055f0       __sehtable$_raise          100135f0     libucrt:signal.obj
 0002:00005610       __sehtable$??$?RV<lambda_cbab9ec6f41b0180b23cc171c22676b0>@@AAV<lambda_44731a7d0e6d81c3e6aa82d741081786>@@V<lambda_4b292cb8dd18144e164572427af410ab>@@@?$__crt_seh_guarded_call@P6AXH@Z@@QAEP6AXH@Z$$QAV<lambda_cbab9ec6f41b0180b23cc171c22676b0>@@AAV<lambda_44731a7d0e6d81c3e6aa82d741081786>@@$$QAV<lambda_4b292cb8dd18144e164572427af410ab>@@@Z 10013610     libucrt:signal.obj
 0002:00005630       __sehtable$??$?RV<lambda_2866be3712abc81a800a822484c830d8>@@AAV<lambda_39ca0ed439415581b5b15c265174cece>@@V<lambda_2b24c74d71094a6cd0cb82e44167d71b>@@@?$__crt_seh_guarded_call@X@@QAEX$$QAV<lambda_2866be3712abc81a800a822484c830d8>@@AAV<lambda_39ca0ed439415581b5b15c265174cece>@@$$QAV<lambda_2b24c74d71094a6cd0cb82e44167d71b>@@@Z 10013630     libucrt:fflush.obj
 0002:00005650       __sehtable$??$?RV<lambda_2cc53f568c5a2bb6f192f930a45d44ea>@@AAV<lambda_ab61a845afdef5b7c387490eaf3616ee>@@V<lambda_c2ffc0b7726aa6be21d5f0026187e748>@@@?$__crt_seh_guarded_call@X@@QAEX$$QAV<lambda_2cc53f568c5a2bb6f192f930a45d44ea>@@AAV<lambda_ab61a845afdef5b7c387490eaf3616ee>@@$$QAV<lambda_c2ffc0b7726aa6be21d5f0026187e748>@@@Z 10013650     libucrt:fflush.obj
 0002:00005670       __sehtable$??$?RV<lambda_e5124f882df8998aaf41531e079ba474>@@AAV<lambda_3e16ef9562a7dcce91392c22ab16ea36>@@V<lambda_e25ca0880e6ef98be67edffd8c599615>@@@?$__crt_seh_guarded_call@X@@QAEX$$QAV<lambda_e5124f882df8998aaf41531e079ba474>@@AAV<lambda_3e16ef9562a7dcce91392c22ab16ea36>@@$$QAV<lambda_e25ca0880e6ef98be67edffd8c599615>@@@Z 10013670     libucrt:wsetlocale.obj
 0002:00005690       __sehtable$___acrt_update_thread_locale_data 10013690     libucrt:locale_refcounting.obj
 0002:000056b0       __sehtable$___acrt_lowio_ensure_fh_exists 100136b0     libucrt:osfinfo.obj
 0002:000056d0       __sehtable$??$?RV<lambda_9e9de3de5fa147e2223d7db92bc10aa6>@@AAV<lambda_38ce7e780aa69e748d6df282ebc68efe>@@V<lambda_8ca6da459f0f6780f1cff60fdc3d00e5>@@@?$__crt_seh_guarded_call@H@@QAEH$$QAV<lambda_9e9de3de5fa147e2223d7db92bc10aa6>@@AAV<lambda_38ce7e780aa69e748d6df282ebc68efe>@@$$QAV<lambda_8ca6da459f0f6780f1cff60fdc3d00e5>@@@Z 100136d0     libucrt:commit.obj
 0002:000056f0       __sehtable$__write         100136f0     libucrt:write.obj
 0002:00005710       __sehtable$__fcloseall     10013710     libucrt:closeall.obj
 0002:00005730       __sehtable$_fclose         10013730     libucrt:fclose.obj
 0002:00005750       __sehtable$??$?RV<lambda_218ce3db14220d0be481dae8ef3383b6>@@AAV<lambda_628dfdc04ba53c8bfc02c9951375f3f5>@@V<lambda_57dc472bd5c9d5f3b2cbca59b8a843ae>@@@?$__crt_seh_guarded_call@H@@QAEH$$QAV<lambda_218ce3db14220d0be481dae8ef3383b6>@@AAV<lambda_628dfdc04ba53c8bfc02c9951375f3f5>@@$$QAV<lambda_57dc472bd5c9d5f3b2cbca59b8a843ae>@@@Z 10013750     libucrt:close.obj
 0002:00005770       __sehtable$__IsNonwritableInCurrentImage 10013770     LIBCMT:pesect.obj
 0002:00005790       .edata                     10013790     DrawLine.exp
 0002:000057b8       rgpv                       100137b8     DrawLine.exp
 0002:000057c8       rgszName                   100137c8     DrawLine.exp
 0002:000057d8       rgwOrd                     100137d8     DrawLine.exp
 0002:000057e0       szName                     100137e0     DrawLine.exp
 0002:000057ed       $N00001                    100137ed     DrawLine.exp
 0002:000057fc       $N00002                    100137fc     DrawLine.exp
 0002:0000580b       $N00003                    1001380b     DrawLine.exp
 0002:00005811       $N00004                    10013811     DrawLine.exp
 0002:00005a70       .idata$6                   10013a70     kernel32:KERNEL32.dll
 0003:00000010       ?__vcrt_flsindex@@3KA      10014010     libvcruntime:per_thread_data.obj
 0003:00000040       ?__acrt_flsindex@@3KA      10014040     libucrt:per_thread_data.obj
 0003:00000044       ?errno_no_memory@@3HA      10014044     libucrt:errno.obj
 0003:00000048       ?doserrno_no_memory@@3KA   10014048     libucrt:errno.obj
 0003:00000270       __mbctypes                 10014270     libucrt:mbctype.obj
 0003:00000378       __mbcasemaps               10014378     libucrt:mbctype.obj
 0003:00000478       ?__rgctypeflag@@3PADA      10014478     libucrt:mbctype.obj
 0003:00000480       ?__rgcode_page_info@@3PAUcode_page_info@@A 10014480     libucrt:mbctype.obj
 0003:00000840       ?__dcrt_lowio_console_output_handle@@3PAXA 10014840     libucrt:initcon.obj
 0003:00000868       ?is_initialized_as_dll@@3_NA 10014868     LIBCMT:utility.obj
 0003:00000869       ?module_local_atexit_table_initialized@@3_NA 10014869     LIBCMT:utility.obj
 0003:0000086c       ?module_local_atexit_table@@3U_onexit_table_t@@A 1001486c     LIBCMT:utility.obj
 0003:00000878       ?module_local_at_quick_exit_table@@3U_onexit_table_t@@A 10014878     LIBCMT:utility.obj
 0003:00000884       ?__proc_attached@@3HA      10014884     LIBCMT:dll_dllmain.obj
 0003:00000888       _GS_ExceptionRecord        10014888     LIBCMT:gs_report.obj
 0003:000008d8       _GS_ContextRecord          100148d8     LIBCMT:gs_report.obj
 0003:00000bcc       ?__vcrt_startup_thread_ptd@@3U__vcrt_ptd@@A 10014bcc     libvcruntime:per_thread_data.obj
 0003:00000bf4       ___vcrt_lock_table         10014bf4     libvcruntime:locks.obj
 0003:00000c0c       ___vcrt_locks_initialized  10014c0c     libvcruntime:locks.obj
 0003:00000c38       ?heap@@3V_HeapManager@@A   10014c38     libvcruntime:undname.obj
 0003:00000c4c       ?module_handles@@3PAPAUHINSTANCE__@@A 10014c4c     libvcruntime:winapi_downlevel.obj
 0003:00000c58       ?function_pointers@@3PAPAXA 10014c58     libvcruntime:winapi_downlevel.obj
 0003:00000c70       ?c_termination_complete@@3JA 10014c70     libucrt:exit.obj
 0003:00000c74       ?thread_local_exit_callback_func@@3P6GXPAXK0@ZA 10014c74     libucrt:exit.obj
 0003:00000c80       ?program_name@?1???$common_configure_argv@D@@YAHW4_crt_argv_mode@@@Z@4PADA 10014c80     libucrt:argv_parsing.obj
 0003:00000db0       ?__acrt_lock_table@@3PAU_RTL_CRITICAL_SECTION@@A 10014db0     libucrt:locks.obj
 0003:00000f00       ?__acrt_locks_initialized@@3IA 10014f00     libucrt:locks.obj
 0003:00000f04       ?__acrt_invalid_parameter_handler@@3V?$dual_state_global@P6AXPB_W00II@Z@__crt_state_management@@A 10014f04     libucrt:invalid_parameter.obj
 0003:00000f14       ?fSystemSet@@3HA           10014f14     libucrt:mbctype.obj
 0003:00000f18       ?initialized@?1??__acrt_initialize_multibyte@@9@4_NA 10014f18     libucrt:mbctype.obj
 0003:00000f38       ?module_handles@@3PAPAUHINSTANCE__@@A 10014f38     libucrt:winapi_thunks.obj
 0003:00000f88       ?encoded_function_pointers@@3PAPAXA 10014f88     libucrt:winapi_thunks.obj
 0003:0000121c       ?__acrt_new_handler@@3V?$dual_state_global@P6AHI@Z@__crt_state_management@@A 1001521c     libucrt:new_handler.obj
 0003:00001220       ?ctrlc_action@@3V?$dual_state_global@P6AXH@Z@__crt_state_management@@A 10015220     libucrt:signal.obj
 0003:00001224       ?ctrlbreak_action@@3V?$dual_state_global@P6AXH@Z@__crt_state_management@@A 10015224     libucrt:signal.obj
 0003:00001228       ?abort_action@@3V?$dual_state_global@P6AXH@Z@__crt_state_management@@A 10015228     libucrt:signal.obj
 0003:0000122c       ?term_action@@3V?$dual_state_global@P6AXH@Z@__crt_state_management@@A 1001522c     libucrt:signal.obj
 0003:00001230       ?user_matherr@@3V?$dual_state_global@P6AHPAU_exception@@@Z@__crt_state_management@@A 10015230     libucrt:matherr.obj
 0003:00001248       ?internal_state@?1??_mbtowc_l@@9@4U_Mbstatet@@A 10015248     libucrt:mbtowc.obj
 0003:00001254       ?__acrt_global_new_mode@@3V?$dual_state_global@J@__crt_state_management@@A 10015254     libucrt:new_mode.obj
 0003:00001260       ?__acrt_app_type@@3W4_crt_app_type@@A 10015260     libucrt:report_runtime_error.obj
 0003:00001264       ?internal_pst@?1??__mbrtoc32_utf8@__crt_mbstring@@YAIPA_UPBDIPAU_Mbstatet@@@Z@4U3@A 10015264     libucrt:mbrtoc32.obj
 0003:00001270       __pmatherr_set             10015270     libucrt:libm_error.obj
 0003:00001274       ?Reenter@?1??OpenW@@9@4@4_NA 10015274     DrawLine.obj
 0003:00001278       ?Present_Direction@@3W4DirectionType@@A 10015278     DrawLine.obj
 0003:0000127c       ?PluginMenuStrings@?1??GetPluginInfoW@@9@4@4PAPB_WA 1001527c     DrawLine.obj
 0003:00001280       ?PsInfo@@3UPluginStartupInfo@@A 10015280     DrawLine.obj
 0003:0000130c       ?Function@?1??RtlFirstEntrySListWrapper@@9@4@4Q6GPAU_SINGLE_LIST_ENTRY@@PAT_SLIST_HEADER@@@ZA 1001530c     vc_crt_fix_impl.obj
 0003:00001310       ?$S17@?1??CompareStringExWrapper@@9@36@4IA 10015310     vc_crt_fix_impl.obj
 0003:00001314       ?Cookie@?1??XorPointer@@YAPAXPAX@Z@4IB 10015314     vc_crt_fix_impl.obj
 0003:00001318       ?$S1@?1??XorPointer@@YAPAXPAX@Z@4IA 10015318     vc_crt_fix_impl.obj
 0003:0000131c       ?Function@?1??CompareStringExWrapper@@9@36@4Q6GHPB_WK0H0HPAU_nlsversioninfo@@PAXJ@ZA 1001531c     vc_crt_fix_impl.obj
 0003:00001320       ?Function@?1??InterlockedPushEntrySListWrapper@@9@8@4Q6GPAU_SINGLE_LIST_ENTRY@@PAT_SLIST_HEADER@@PAU2@@ZA 10015320     vc_crt_fix_impl.obj
 0003:00001324       ?Function@?1??EncodePointerWrapper@@9@4@4Q6GPAXPAX@ZA 10015324     vc_crt_fix_impl.obj
 0003:00001328       ?Function@?1??DecodePointerWrapper@@9@4@4Q6GPAXPAX@ZA 10015328     vc_crt_fix_impl.obj
 0003:0000132c       ?Function@?1??QueryDepthSListWrapper@@9@4@4Q6GGPAT_SLIST_HEADER@@@ZA 1001532c     vc_crt_fix_impl.obj
 0003:00001330       ?$S9@?1??InterlockedPushEntrySListWrapper@@9@8@4IA 10015330     vc_crt_fix_impl.obj
 0003:00001334       ?$S11@?1??RtlFirstEntrySListWrapper@@9@4@4IA 10015334     vc_crt_fix_impl.obj
 0003:00001338       ?$S12@?1??QueryDepthSListWrapper@@9@4@4IA 10015338     vc_crt_fix_impl.obj
 0003:00001340       ?Deleter@?1??InitializeSListHead@implementation@slist@@YGXPAT_SLIST_HEADER@@@Z@4Vservice_deleter@23@A 10015340     vc_crt_fix_impl.obj
 0003:00001360       ?$S15@?1??SetThreadStackGuaranteeWrapper@@9@4@4IA 10015360     vc_crt_fix_impl.obj
 0003:00001364       ?Function@?1??SetThreadStackGuaranteeWrapper@@9@4@4Q6GHPAK@ZA 10015364     vc_crt_fix_impl.obj
 0003:00001368       ?Function@?1??LCMapStringExWrapper@@9@36@4Q6GHPB_WK0HPA_WHPAU_nlsversioninfo@@PAXJ@ZA 10015368     vc_crt_fix_impl.obj
 0003:0000136c       ?$S3@?1??DecodePointerWrapper@@9@4@4IA 1001536c     vc_crt_fix_impl.obj
 0003:00001370       ?Function@?1??InterlockedPushListSListExWrapper@@9@16@4Q6GPAU_SINGLE_LIST_ENTRY@@PAT_SLIST_HEADER@@PAU2@1K@ZA 10015370     vc_crt_fix_impl.obj
 0003:00001374       ?Function@?1??GetModuleHandleExWWrapper@@9@12@4Q6GHKPB_WPAPAUHINSTANCE__@@@ZA 10015374     vc_crt_fix_impl.obj
 0003:00001378       ?$S2@?1??EncodePointerWrapper@@9@4@4IA 10015378     vc_crt_fix_impl.obj
 0003:0000137c       ?Function@?1??GetLogicalProcessorInformationWrapper@@9@8@4Q6GHPAU_SYSTEM_LOGICAL_PROCESSOR_INFORMATION@@PAK@ZA 1001537c     vc_crt_fix_impl.obj
 0003:00001380       ?$S18@?1??LCMapStringExWrapper@@9@36@4IA 10015380     vc_crt_fix_impl.obj
 0003:00001384       ?$S6@?1??InitializeSListHeadWrapper@@9@4@4IA 10015384     vc_crt_fix_impl.obj
 0003:00001388       ?Function@?1??InitializeCriticalSectionExWrapper@@9@12@4Q6GHPAU_RTL_CRITICAL_SECTION@@KK@ZA 10015388     vc_crt_fix_impl.obj
 0003:0000138c       ?Function@?1??InterlockedFlushSListWrapper@@9@4@4Q6GPAU_SINGLE_LIST_ENTRY@@PAT_SLIST_HEADER@@@ZA 1001538c     vc_crt_fix_impl.obj
 0003:00001390       ?$S14@?1??GetLogicalProcessorInformationWrapper@@9@8@4IA 10015390     vc_crt_fix_impl.obj
 0003:00001394       ?$S13@?1??GetNumaHighestNodeNumberWrapper@@9@4@4IA 10015394     vc_crt_fix_impl.obj
 0003:00001398       ?Function@?1??InterlockedPopEntrySListWrapper@@9@4@4Q6GPAU_SINGLE_LIST_ENTRY@@PAT_SLIST_HEADER@@@ZA 10015398     vc_crt_fix_impl.obj
 0003:0000139c       ?Function@?1??InitializeSListHeadWrapper@@9@4@4Q6GXPAT_SLIST_HEADER@@@ZA 1001539c     vc_crt_fix_impl.obj
 0003:000013a0       ?$S8@?1??InterlockedPopEntrySListWrapper@@9@4@4IA 100153a0     vc_crt_fix_impl.obj
 0003:000013a4       ?$S5@?1??InitializeSListHead@implementation@slist@@YGXPAT_SLIST_HEADER@@@Z@4IA 100153a4     vc_crt_fix_impl.obj
 0003:000013a8       ?$S7@?1??InterlockedFlushSListWrapper@@9@4@4IA 100153a8     vc_crt_fix_impl.obj
 0003:000013ac       ?$S10@?1??InterlockedPushListSListExWrapper@@9@16@4IA 100153ac     vc_crt_fix_impl.obj
 0003:000013b0       ?$S16@?1??InitializeCriticalSectionExWrapper@@9@12@4IA 100153b0     vc_crt_fix_impl.obj
 0003:000013b4       ?$S4@?1??GetModuleHandleExWWrapper@@9@12@4IA 100153b4     vc_crt_fix_impl.obj
 0003:000013bc       ?Function@?1??GetNumaHighestNodeNumberWrapper@@9@4@4Q6GHPAK@ZA 100153bc     vc_crt_fix_impl.obj
 0004:00000060       $R000000                   10016060     DrawLine.res
