 EditCase

 Timestamp is 6146aa7e (Sun Sep 19 04:11:58 2021)

 Preferred load address is 10000000

 Start         Length     Name                   Class
 0001:00000000 0000d9a0H .text$mn                CODE
 0001:0000d9a0 00000050H .text$x                 CODE
 0001:0000d9f0 0000003dH .text$yd                CODE
 0002:00000000 00000124H .idata$5                DATA
 0002:00000124 00000004H .00cfg                  DATA
 0002:00000128 00000004H .CRT$XCA                DATA
 0002:0000012c 00000004H .CRT$XCZ                DATA
 0002:00000130 00000004H .CRT$XIA                DATA
 0002:00000134 0000000cH .CRT$XIC                DATA
 0002:00000140 00000004H .CRT$XIZ                DATA
 0002:00000144 00000004H .CRT$XPA                DATA
 0002:00000148 00000008H .CRT$XPX                DATA
 0002:00000150 00000004H .CRT$XPXA               DATA
 0002:00000154 00000004H .CRT$XPZ                DATA
 0002:00000158 00000004H .CRT$XTA                DATA
 0002:0000015c 00000004H .CRT$XTZ                DATA
 0002:00000160 00000000H .gfids$y                DATA
 0002:00000160 00004ebcH .rdata                  DATA
 0002:0000501c 000000e4H .rdata$r                DATA
 0002:00005100 0000001cH .rdata$sxdata           DATA
 0002:0000511c 0000030cH .rdata$zzzdbg           DATA
 0002:00005428 00000004H .rtc$IAA                DATA
 0002:0000542c 00000004H .rtc$IZZ                DATA
 0002:00005430 00000004H .rtc$TAA                DATA
 0002:00005434 00000004H .rtc$TZZ                DATA
 0002:00005438 00000558H .xdata$x                DATA
 0002:00005990 000000a4H .edata                  DATA
 0002:00005a34 00000014H .idata$2                DATA
 0002:00005a48 00000014H .idata$3                DATA
 0002:00005a5c 00000124H .idata$4                DATA
 0002:00005b80 00000516H .idata$6                DATA
 0003:00000000 00000890H .data                   DATA
 0003:00000890 00000060H .data$r                 DATA
 0003:000008f0 00000c40H .bss                    DATA
 0004:00000000 00000060H .rsrc$01                DATA
 0004:00000060 00000350H .rsrc$02                DATA

  Address         Publics by Value              Rva+Base       Lib:Object

 0000:00000000       ___dynamic_value_reloc_table 00000000     <absolute>
 0000:00000000       ___guard_longjmp_count     00000000     <absolute>
 0000:00000000       __except_list              00000000     <absolute>
 0000:00000000       ___guard_fids_count        00000000     <absolute>
 0000:00000000       ___guard_longjmp_table     00000000     <absolute>
 0000:00000000       ___hybrid_code_map_count   00000000     <absolute>
 0000:00000000       ___hybrid_auxiliary_iat    00000000     <absolute>
 0000:00000000       ___guard_iat_count         00000000     <absolute>
 0000:00000000       ___guard_fids_table        00000000     <absolute>
 0000:00000000       ___guard_iat_table         00000000     <absolute>
 0000:00000000       ___volatile_metadata       00000000     <absolute>
 0000:00000000       ___AbsoluteZero            00000000     <absolute>
 0000:00000000       ___enclave_config          00000000     <absolute>
 0000:00000000       ___hybrid_code_map         00000000     <absolute>
 0000:00000007       ___safe_se_handler_count   00000007     <absolute>
 0000:00000100       ___guard_flags             00000100     <absolute>
 0000:00000000       ___ImageBase               10000000     <linker-defined>
 0001:00000000       _GetGlobalInfoW@4          10001000 f   EditCase.obj
 0001:00000090       _SetStartupInfoW@4         10001090 f   EditCase.obj
 0001:000002b0       _OpenW@4                   100012b0 f   EditCase.obj
 0001:00000830       _GetPluginInfoW@4          10001830 f   EditCase.obj
 0001:00000880       _ExitFARW@4                10001880 f   EditCase.obj
 0001:00000890       ?FindBounds@@YA_NPA_WHHAAH1@Z 10001890 f   EditCase.obj
 0001:00000ad0       ?FindStart@@YAHPA_WHH@Z    10001ad0 f   EditCase.obj
 0001:00000b30       ?FindEnd@@YAHPA_WHH@Z      10001b30 f   EditCase.obj
 0001:00000b90       ?GetNextCCType@@YAHPA_WHHH@Z 10001b90 f   EditCase.obj
 0001:00000d20       _EncodePointerWrapper@4    10001d20 f   vc_crt_fix_impl.obj
 0001:00000de0       _DecodePointerWrapper@4    10001de0 f   vc_crt_fix_impl.obj
 0001:00000e30       _GetModuleHandleExWWrapper@12 10001e30 f   vc_crt_fix_impl.obj
 0001:00001170       _InitializeSListHeadWrapper@4 10002170 f   vc_crt_fix_impl.obj
 0001:000011c0       _InterlockedFlushSListWrapper@4 100021c0 f   vc_crt_fix_impl.obj
 0001:00001210       _InterlockedPopEntrySListWrapper@4 10002210 f   vc_crt_fix_impl.obj
 0001:00001260       _InterlockedPushEntrySListWrapper@8 10002260 f   vc_crt_fix_impl.obj
 0001:000012b0       _InterlockedPushListSListExWrapper@16 100022b0 f   vc_crt_fix_impl.obj
 0001:00001300       _RtlFirstEntrySListWrapper@4 10002300 f   vc_crt_fix_impl.obj
 0001:00001350       _QueryDepthSListWrapper@4  10002350 f   vc_crt_fix_impl.obj
 0001:000013a0       _GetNumaHighestNodeNumberWrapper@4 100023a0 f   vc_crt_fix_impl.obj
 0001:00001410       _GetLogicalProcessorInformationWrapper@8 10002410 f   vc_crt_fix_impl.obj
 0001:00001470       _SetThreadStackGuaranteeWrapper@4 10002470 f   vc_crt_fix_impl.obj
 0001:000014d0       _InitializeCriticalSectionExWrapper@12 100024d0 f   vc_crt_fix_impl.obj
 0001:00001550       _CompareStringExWrapper@36 10002550 f   vc_crt_fix_impl.obj
 0001:000015d0       _LCMapStringExWrapper@36   100025d0 f   vc_crt_fix_impl.obj
 0001:00001650       @__security_check_cookie@4 10002650 f   LIBCMT:secchk.obj
 0001:000016a5       ___scrt_acquire_startup_lock 100026a5 f   LIBCMT:utility.obj
 0001:000016d7       ___scrt_dllmain_after_initialize_c 100026d7 f   LIBCMT:utility.obj
 0001:00001702       ___scrt_dllmain_before_initialize_c 10002702 f   LIBCMT:utility.obj
 0001:00001710       ___scrt_dllmain_crt_thread_attach 10002710 f   LIBCMT:utility.obj
 0001:0000172f       ___scrt_dllmain_crt_thread_detach 1000272f f   LIBCMT:utility.obj
 0001:0000173c       ___scrt_dllmain_exception_filter 1000273c f   LIBCMT:utility.obj
 0001:00001770       ___scrt_dllmain_uninitialize_c 10002770 f   LIBCMT:utility.obj
 0001:00001793       ___scrt_dllmain_uninitialize_critical 10002793 f   LIBCMT:utility.obj
 0001:000017a0       ___scrt_initialize_crt     100027a0 f   LIBCMT:utility.obj
 0001:000017d9       ___scrt_initialize_onexit_tables 100027d9 f   LIBCMT:utility.obj
 0001:00001860       ___scrt_is_nonwritable_in_current_image 10002860 f   LIBCMT:utility.obj
 0001:000018f4       ___scrt_release_startup_lock 100028f4 f   LIBCMT:utility.obj
 0001:00001911       ___scrt_uninitialize_crt   10002911 f   LIBCMT:utility.obj
 0001:00001939       __onexit                   10002939 f   LIBCMT:utility.obj
 0001:00001966       _atexit                    10002966 f   LIBCMT:utility.obj
 0001:00001cb6       __DllMainCRTStartup@12     10002cb6 f   LIBCMT:dll_dllmain.obj
 0001:00001cd9       ___raise_securityfailure   10002cd9 f   LIBCMT:gs_report.obj
 0001:00001d01       ___report_gsfailure        10002d01 f   LIBCMT:gs_report.obj
 0001:00001dfa       ___isa_available_init      10002dfa f   LIBCMT:cpu_disp.obj
 0001:00001fca       __get_startup_argv_mode    10002fca f   LIBCMT:argv_mode.obj
 0001:00001fce       ___scrt_is_ucrt_dll_in_use 10002fce f   LIBCMT:ucrt_detection.obj
 0001:00001fda       ___scrt_fastfail           10002fda f   LIBCMT:utility_desktop.obj
 0001:000020f4       __crt_debugger_hook        100030f4 f   LIBCMT:utility_desktop.obj
 0001:00002100       __SEH_prolog4              10003100 f   LIBCMT:sehprolg4.obj
 0001:00002146       __SEH_epilog4              10003146 f   LIBCMT:sehprolg4.obj
 0001:0000215b       @_guard_check_icall_nop@4  1000315b f i LIBCMT:guard_support.obj
 0001:000021a9       ___security_init_cookie    100031a9 f   LIBCMT:gs_support.obj
 0001:000021f4       _DllMain@12                100031f4 f   LIBCMT:dll_dllmain_stub.obj
 0001:000021fa       ?__scrt_initialize_type_info@@YAXXZ 100031fa f   LIBCMT:tncleanup.obj
 0001:00002206       ?__scrt_uninitialize_type_info@@YAXXZ 10003206 f   LIBCMT:tncleanup.obj
 0001:00002212       ___local_stdio_printf_options 10003212 f i LIBCMT:default_local_stdio_options.obj
 0001:00002218       ___local_stdio_scanf_options 10003218 f i LIBCMT:default_local_stdio_options.obj
 0001:0000221e       ___scrt_initialize_default_local_stdio_options 1000321e f   LIBCMT:default_local_stdio_options.obj
 0001:0000223b       ___scrt_get_dyn_tls_init_callback 1000323b f   LIBCMT:dyn_tls_init.obj
 0001:00002241       __RTC_Initialize           10003241 f   LIBCMT:initsect.obj
 0001:0000226d       __RTC_Terminate            1000326d f   LIBCMT:initsect.obj
 0001:00002299       ?GetRangeOfTrysToCheck@__FrameHandler3@@SA?AU?$pair@Viterator@TryBlockMap@__FrameHandler3@@V123@@std@@AAVTryBlockMap@1@HPAXPBU_s_FuncInfo@@H@Z 10003299 f   libvcruntime:trnsctrl.obj
 0001:00002309       ?_CallCatchBlock2@@YAPAXPAUEHRegistrationNode@@PBU_s_FuncInfo@@PAXHK@Z 10003309 f   libvcruntime:trnsctrl.obj
 0001:00002367       ?_CallSETranslator@@YAHPAUEHExceptionRecord@@PAUEHRegistrationNode@@PAX2PBU_s_FuncInfo@@H1@Z 10003367 f   libvcruntime:trnsctrl.obj
 0001:0000244d       ?_JumpToContinuation@@YGXPAXPAUEHRegistrationNode@@@Z 1000344d f   libvcruntime:trnsctrl.obj
 0001:0000247d       ?_UnwindNestedFrames@@YGXPAUEHRegistrationNode@@PAUEHExceptionRecord@@@Z 1000347d f   libvcruntime:trnsctrl.obj
 0001:000024d0       __CatchGuardHandler        100034d0 f   libvcruntime:trnsctrl.obj
 0001:00002501       __CreateFrameInfo          10003501 f   libvcruntime:trnsctrl.obj
 0001:00002525       __FindAndUnlinkFrame       10003525 f   libvcruntime:trnsctrl.obj
 0001:0000256d       __TranslatorGuardHandler   1000356d f   libvcruntime:trnsctrl.obj
 0001:0000260a       ___CxxFrameHandler3        1000360a f   libvcruntime:trnsctrl.obj
 0001:00002640       ___DestructExceptionObject 10003640 f   libvcruntime:ehhelpers.obj
 0001:000026e1       ?_CallMemberFunction0@@YGXQAX0@Z 100036e1 f i libvcruntime:ehhelpers.obj
 0001:00002746       __IsExceptionObjectToBeDestroyed 10003746 f   libvcruntime:ehhelpers.obj
 0001:0000276c       ___AdjustPointer           1000376c f   libvcruntime:ehhelpers.obj
 0001:00002791       ___FrameUnwindFilter       10003791 f   libvcruntime:ehhelpers.obj
 0001:000027e7       ___std_terminate           100037e7 f   libvcruntime:ehhelpers.obj
 0001:000027ec       ___vcrt_initialize         100037ec f   libvcruntime:initialization.obj
 0001:0000280b       ___vcrt_thread_attach      1000380b f   libvcruntime:initialization.obj
 0001:00002816       ___vcrt_thread_detach      10003816 f   libvcruntime:initialization.obj
 0001:00002821       ___vcrt_uninitialize       10003821 f   libvcruntime:initialization.obj
 0001:00002838       ___vcrt_uninitialize_critical 10003838 f   libvcruntime:initialization.obj
 0001:00002880       __except_handler4          10003880 f   libvcruntime:chandler4.obj
 0001:000029e0       _memset                    100039e0 f   libvcruntime:memset.obj
 0001:00002b3a       ___std_type_info_compare   10003b3a f   libvcruntime:std_type_info.obj
 0001:00002b76       ___std_type_info_destroy_list 10003b76 f   libvcruntime:std_type_info.obj
 0001:00002b99       ___vcrt_freefls@4          10003b99 f   libvcruntime:per_thread_data.obj
 0001:00002bb5       ___vcrt_freeptd            10003bb5 f   libvcruntime:per_thread_data.obj
 0001:00002beb       ___vcrt_getptd             10003beb f   libvcruntime:per_thread_data.obj
 0001:00002bf9       ___vcrt_getptd_noexit      10003bf9 f   libvcruntime:per_thread_data.obj
 0001:00002c8b       ___vcrt_initialize_ptd     10003c8b f   libvcruntime:per_thread_data.obj
 0001:00002cbe       ___vcrt_uninitialize_ptd   10003cbe f   libvcruntime:per_thread_data.obj
 0001:0000341c       ??$TypeMatchHelper@V__FrameHandler3@@@@YAHPBU_s_HandlerType@@PBU_s_CatchableType@@PBU_s_ThrowInfo@@@Z 1000441c f i libvcruntime:frame.obj
 0001:000034aa       ??$__InternalCxxFrameHandler@V__FrameHandler3@@@@YA?AW4_EXCEPTION_DISPOSITION@@PAUEHExceptionRecord@@PAUEHRegistrationNode@@PAU_CONTEXT@@PAXPBU_s_FuncInfo@@H1E@Z 100044aa f i libvcruntime:frame.obj
 0001:000035ac       ??0bad_exception@std@@QAE@ABV01@@Z 100045ac f i libvcruntime:frame.obj
 0001:000035c7       ??0bad_exception@std@@QAE@XZ 100045c7 f i libvcruntime:frame.obj
 0001:000035df       ??0exception@std@@QAE@ABV01@@Z 100045df f i libvcruntime:frame.obj
 0001:0000360b       ??1bad_exception@std@@UAE@XZ 1000460b f i libvcruntime:frame.obj
 0001:0000361c       ??8type_info@@QBE_NABV0@@Z 1000461c f i libvcruntime:frame.obj
 0001:0000363b       ??_Gbad_exception@std@@UAEPAXI@Z 1000463b f i libvcruntime:frame.obj
 0001:0000363b       ??_Eexception@std@@UAEPAXI@Z 1000463b f i libvcruntime:frame.obj
 0001:0000363b       ??_Ebad_exception@std@@UAEPAXI@Z 1000463b f i libvcruntime:frame.obj
 0001:0000363b       ??_Gexception@std@@UAEPAXI@Z 1000463b f i libvcruntime:frame.obj
 0001:000038b0       ?FrameUnwindToEmptyState@__FrameHandler3@@SAXPAUEHRegistrationNode@@PAXPBU_s_FuncInfo@@@Z 100048b0 f   libvcruntime:frame.obj
 0001:000038c8       ?FrameUnwindToState@__FrameHandler3@@SAXPAUEHRegistrationNode@@PAXPBU_s_FuncInfo@@H@Z 100048c8 f   libvcruntime:frame.obj
 0001:00003a4a       ?_CallMemberFunction1@@YGXQAX00@Z 10004a4a f i libvcruntime:frame.obj
 0001:00003a5a       ?_CallMemberFunction2@@YGXQAX00H@Z 10004a5a f i libvcruntime:frame.obj
 0001:00003a6d       ?getESTypes@__FrameHandler3@@SAPBU_s_ESTypeList@@PBU_s_FuncInfo@@@Z 10004a6d f i libvcruntime:frame.obj
 0001:00003a78       ?what@exception@std@@UBEPBDXZ 10004a78 f i libvcruntime:frame.obj
 0001:00003a90       __CallSettingFrame@12      10004a90 f   libvcruntime:lowhelpr.obj
 0001:00003ab7       __NLG_Return               10004ab7     libvcruntime:lowhelpr.obj
 0001:00003adc       ___except_validate_context_record 10004adc f   libvcruntime:jbcxrval.obj
 0001:00003b0c       ___except_validate_jump_buffer 10004b0c f   libvcruntime:jbcxrval.obj
 0001:00003b39       ___vcrt_initialize_locks   10004b39 f   libvcruntime:locks.obj
 0001:00003b75       ___vcrt_uninitialize_locks 10004b75 f   libvcruntime:locks.obj
 0001:00003bb0       __local_unwind4            10004bb0 f   libvcruntime:exsup4.obj
 0001:00003c88       __seh_longjmp_unwind4@4    10004c88 f   libvcruntime:exsup4.obj
 0001:00003cb0       @_EH4_CallFilterFunc@8     10004cb0 f   libvcruntime:exsup4.obj
 0001:00003cc8       @_EH4_TransferToHandler@8  10004cc8 f   libvcruntime:exsup4.obj
 0001:00003ce4       @_EH4_GlobalUnwind2@8      10004ce4 f   libvcruntime:exsup4.obj
 0001:00003d00       @_EH4_LocalUnwind@16       10004d00 f   libvcruntime:exsup4.obj
 0001:00003e0c       ___vcrt_FlsAlloc           10004e0c f   libvcruntime:winapi_downlevel.obj
 0001:00003e47       ___vcrt_FlsFree            10004e47 f   libvcruntime:winapi_downlevel.obj
 0001:00003e82       ___vcrt_FlsGetValue        10004e82 f   libvcruntime:winapi_downlevel.obj
 0001:00003ebd       ___vcrt_FlsSetValue        10004ebd f   libvcruntime:winapi_downlevel.obj
 0001:00003efb       ___vcrt_InitializeCriticalSectionEx 10004efb f   libvcruntime:winapi_downlevel.obj
 0001:00003f42       _unexpected                10004f42 f   libvcruntime:unexpected.obj
 0001:00003f5f       ?GetCurrentState@__FrameHandler3@@SAHPAUEHRegistrationNode@@PAXPBU_s_FuncInfo@@@Z 10004f5f f   libvcruntime:ehstate.obj
 0001:00003f7c       ?SetState@__FrameHandler3@@SAXPAUEHRegistrationNode@@PBU_s_FuncInfo@@H@Z 10004f7c f   libvcruntime:ehstate.obj
 0001:00003f8a       ___std_exception_copy      10004f8a f   libvcruntime:std_exception.obj
 0001:00003fed       ___std_exception_destroy   10004fed f   libvcruntime:std_exception.obj
 0001:0000400c       __CxxThrowException@8      1000500c f   libvcruntime:throw.obj
 0001:00004080       _memmove                   10005080 f   libvcruntime:memmove.obj
 0001:00004600       __global_unwind2           10005600 f   libvcruntime:exsup.obj
 0001:00004666       __local_unwind2            10005666 f   libvcruntime:exsup.obj
 0001:000046ea       __abnormal_termination     100056ea f   libvcruntime:exsup.obj
 0001:00004710       __NLG_Notify1              10005710 f   libvcruntime:exsup.obj
 0001:0000471c       __NLG_Notify               1000571c f   libvcruntime:exsup.obj
 0001:00004733       __NLG_Dispatch             10005733     libvcruntime:exsup.obj
 0001:00004733       __NLG_Dispatch2            10005733     libvcruntime:exsup.obj
 0001:0000473b       __NLG_Call                 1000573b f   libvcruntime:exsup.obj
 0001:0000473d       __NLG_Return2              1000573d     libvcruntime:exsup.obj
 0001:00004740       _memcpy                    10005740 f   libvcruntime:memcpy.obj
 0001:00004cb4       _free                      10005cb4 f   libucrt:free.obj
 0001:00004ccf       _malloc                    10005ccf f   libucrt:malloc.obj
 0001:00004cda       __seh_filter_dll           10005cda f   libucrt:exception_filter.obj
 0001:00004cfa       __seh_filter_exe           10005cfa f   libucrt:exception_filter.obj
 0001:000050c8       ___acrt_initialize_thread_local_exit_callback 100060c8 f   libucrt:exit.obj
 0001:000050d7       __cexit                    100060d7 f   libucrt:exit.obj
 0001:000050e6       __exit                     100060e6 f   libucrt:exit.obj
 0001:000050fc       __is_c_termination_complete 100060fc f   libucrt:exit.obj
 0001:000053b0       ___acrt_allocate_buffer_for_argv 100063b0 f   libucrt:argv_parsing.obj
 0001:000053ff       __configure_narrow_argv    100063ff f   libucrt:argv_parsing.obj
 0001:0000555c       ??$uninitialize@A6AXAAPAPA_W@Z@?$dual_state_global@PAPA_W@__crt_state_management@@QAEXA6AXAAPAPA_W@Z@Z 1000655c f i libucrt:environment_initialization.obj
 0001:0000555c       ??$uninitialize@A6AXAAPAPAD@Z@?$dual_state_global@PAPAD@__crt_state_management@@QAEXA6AXAAPAPAD@Z@Z 1000655c f i libucrt:environment_initialization.obj
 0001:000055bb       ___dcrt_uninitialize_environments_nolock 100065bb f   libucrt:environment_initialization.obj
 0001:000055f2       __initialize_narrow_environment 100065f2 f   libucrt:environment_initialization.obj
 0001:000056ad       ??$__crt_fast_encode_pointer@PAX@@YAPAXQAX@Z 100066ad f i libucrt:initialization.obj
 0001:000056ad       ??$__crt_fast_encode_pointer@PAP6AXXZ@@YAPAP6AXXZQAP6AXXZ@Z 100066ad f i libucrt:onexit.obj
 0001:000056ad       ??$__crt_fast_encode_pointer@P6AHXZ@@YAP6AHXZQ6AHXZ@Z 100066ad f i libucrt:onexit.obj
 0001:000058cf       __crt_atexit               100068cf f   libucrt:onexit.obj
 0001:000058e5       __execute_onexit_table     100068e5 f   libucrt:onexit.obj
 0001:00005912       __initialize_onexit_table  10006912 f   libucrt:onexit.obj
 0001:0000593b       __register_onexit_function 1000693b f   libucrt:onexit.obj
 0001:0000596e       ___acrt_uninitialize_command_line 1000696e f   libucrt:argv_data.obj
 0001:00005a6c       ___acrt_initialize         10006a6c f   libucrt:initialization.obj
 0001:00005a7e       ___acrt_thread_attach      10006a7e f   libucrt:initialization.obj
 0001:00005a89       ___acrt_thread_detach      10006a89 f   libucrt:initialization.obj
 0001:00005a91       ___acrt_uninitialize       10006a91 f   libucrt:initialization.obj
 0001:00005ac1       ___acrt_uninitialize_critical 10006ac1 f   libucrt:initialization.obj
 0001:00005ad3       __initterm                 10006ad3 f   libucrt:initterm.obj
 0001:00005b18       __initterm_e               10006b18 f   libucrt:initterm.obj
 0001:00005b46       _terminate                 10006b46 f   libucrt:terminate.obj
 0001:00005b82       _abort                     10006b82 f   libucrt:abort.obj
 0001:00005bc6       _strcpy_s                  10006bc6 f   libucrt:strcpy_s.obj
 0001:00005c20       _calloc                    10006c20 f   libucrt:calloc.obj
 0001:00005c2b       ??0_LocaleUpdate@@QAE@QAU__crt_locale_pointers@@@Z 10006c2b f i libucrt:output.obj
 0001:00005cae       ___acrt_locale_get_ctype_array_value 10006cae f i libucrt:output.obj
 0001:00005cd0       _strncmp                   10006cd0 f   libucrt:strncmp.obj
 0001:00005d48       _wcsncmp                   10006d48 f   libucrt:wcsncmp.obj
 0001:00005d82       __free_base                10006d82 f   libucrt:free_base.obj
 0001:00005dbc       __malloc_base              10006dbc f   libucrt:malloc_base.obj
 0001:00006148       ___acrt_freeptd            10007148 f   libucrt:per_thread_data.obj
 0001:00006174       ___acrt_getptd             10007174 f   libucrt:per_thread_data.obj
 0001:00006231       ___acrt_getptd_head        10007231 f   libucrt:per_thread_data.obj
 0001:000062cb       ___acrt_getptd_noexit      100072cb f   libucrt:per_thread_data.obj
 0001:00006380       ___acrt_initialize_ptd     10007380 f   libucrt:per_thread_data.obj
 0001:000063ac       ___acrt_uninitialize_ptd   100073ac f   libucrt:per_thread_data.obj
 0001:000063c6       ___acrt_initialize_locks   100073c6 f   libucrt:locks.obj
 0001:00006407       ___acrt_lock               10007407 f   libucrt:locks.obj
 0001:0000641e       ___acrt_uninitialize_locks 1000741e f   libucrt:locks.obj
 0001:0000644f       ___acrt_unlock             1000744f f   libucrt:locks.obj
 0001:00006466       ___acrt_get_process_end_policy 10007466 f   libucrt:win_policies.obj
 0001:00006497       ___acrt_call_reportfault   10007497 f   libucrt:invalid_parameter.obj
 0001:000065d0       ___acrt_initialize_invalid_parameter_handler 100075d0 f   libucrt:invalid_parameter.obj
 0001:000065df       __invalid_parameter        100075df f   libucrt:invalid_parameter.obj
 0001:00006643       __invalid_parameter_noinfo 10007643 f   libucrt:invalid_parameter.obj
 0001:00006653       __invoke_watson            10007653 f   libucrt:invalid_parameter.obj
 0001:00006687       ___acrt_errno_from_os_error 10007687 f   libucrt:errno.obj
 0001:000066ca       ___acrt_errno_map_os_error 100076ca f   libucrt:errno.obj
 0001:000066ed       ___doserrno                100076ed f   libucrt:errno.obj
 0001:00006700       __errno                    10007700 f   libucrt:errno.obj
 0001:00006713       __calloc_base              10007713 f   libucrt:calloc_base.obj
 0001:00006909       ??$__acrt_mbs_to_wcs_cp@U__crt_win32_buffer_internal_dynamic_resizing@@@@YAHQBDAAV?$__crt_win32_buffer@_WU__crt_win32_buffer_internal_dynamic_resizing@@@@I@Z 10007909 f i libucrt:argv_wildcards.obj
 0001:00006e1d       ?__acrt_get_utf8_acp_compatibility_codepage@@YAIXZ 10007e1d f i libucrt:argv_wildcards.obj
 0001:00006e5c       ?_deallocate@?$__crt_win32_buffer@_WU__crt_win32_buffer_internal_dynamic_resizing@@@@AAEXXZ 10007e5c f i libucrt:argv_wildcards.obj
 0001:00006e5c       ?_deallocate@?$__crt_win32_buffer@DU__crt_win32_buffer_internal_dynamic_resizing@@@@AAEXXZ 10007e5c f i libucrt:argv_wildcards.obj
 0001:00006e76       ?allocate@?$__crt_win32_buffer@DU__crt_win32_buffer_internal_dynamic_resizing@@@@QAEHI@Z 10007e76 f i libucrt:argv_wildcards.obj
 0001:00006eb2       ?allocate@?$__crt_win32_buffer@_WU__crt_win32_buffer_internal_dynamic_resizing@@@@QAEHI@Z 10007eb2 f i libucrt:argv_wildcards.obj
 0001:00006ef1       ?allocate@__crt_win32_buffer_internal_dynamic_resizing@@SAHQAPAXIABV__crt_win32_buffer_empty_debug_info@@@Z 10007ef1 f i libucrt:argv_wildcards.obj
 0001:00006f97       ___acrt_expand_narrow_argv_wildcards 10007f97 f   libucrt:argv_wildcards.obj
 0001:00007069       ?allocate@?$__crt_win32_buffer@DU__crt_win32_buffer_no_resizing@@@@QAEHI@Z 10008069 f i libucrt:getmodulefilenamea.obj
 0001:00007090       ?set_to_nullptr@?$__crt_win32_buffer@DU__crt_win32_buffer_no_resizing@@@@QAEXXZ 10008090 f i libucrt:getmodulefilenamea.obj
 0001:000070a4       ___acrt_GetModuleFileNameA 100080a4 f   libucrt:getmodulefilenamea.obj
 0001:00007663       ___acrt_initialize_multibyte 10008663 f   libucrt:mbctype.obj
 0001:000076ab       ___acrt_update_thread_multibyte_data 100086ab f   libucrt:mbctype.obj
 0001:000076be       __setmbcp_nolock           100086be f   libucrt:mbctype.obj
 0001:00007989       __ismbblead                10008989 f   libucrt:ismbbyte.obj
 0001:000079a1       ___acrt_initialize_command_line 100089a1 f   libucrt:argv_data.obj
 0001:000079ba       ___acrt_MultiByteToWideChar 100089ba f   libucrt:multibytetowidechar.obj
 0001:00007a36       ___acrt_WideCharToMultiByte 10008a36 f   libucrt:widechartomultibyte.obj
 0001:00007b1a       ___dcrt_get_narrow_environment_from_os 10008b1a f   libucrt:get_environment_from_os.obj
 0001:00007b9e       __recalloc_base            10008b9e f   libucrt:recalloc.obj
 0001:00007da3       ___acrt_AppPolicyGetProcessTerminationMethodInternal@4 10008da3 f   libucrt:winapi_thunks.obj
 0001:00007de3       ___acrt_AreFileApisANSI@0  10008de3 f   libucrt:winapi_thunks.obj
 0001:00007e02       ___acrt_FlsAlloc@4         10008e02 f   libucrt:winapi_thunks.obj
 0001:00007e41       ___acrt_FlsFree@4          10008e41 f   libucrt:winapi_thunks.obj
 0001:00007e80       ___acrt_FlsGetValue@4      10008e80 f   libucrt:winapi_thunks.obj
 0001:00007ebf       ___acrt_FlsSetValue@8      10008ebf f   libucrt:winapi_thunks.obj
 0001:00007f01       ___acrt_InitializeCriticalSectionEx@12 10008f01 f   libucrt:winapi_thunks.obj
 0001:00007f4c       ___acrt_LCMapStringEx@36   10008f4c f   libucrt:winapi_thunks.obj
 0001:00007fa9       ___acrt_LocaleNameToLCID@8 10008fa9 f   libucrt:winapi_thunks.obj
 0001:00007fda       ___acrt_initialize_winapi_thunks 10008fda f   libucrt:winapi_thunks.obj
 0001:00008005       ___acrt_uninitialize_winapi_thunks 10009005 f   libucrt:winapi_thunks.obj
 0001:0000803b       ___acrt_initialize_heap    1000903b f   libucrt:heap_handle.obj
 0001:0000804c       ___acrt_uninitialize_heap  1000904c f   libucrt:heap_handle.obj
 0001:000081c0       ___acrt_initialize_lowio   100091c0 f   libucrt:ioinit.obj
 0001:00008220       ___acrt_uninitialize_lowio 10009220 f   libucrt:ioinit.obj
 0001:0000824c       ___acrt_execute_initializers 1000924c f   libucrt:shared_initialization.obj
 0001:000082b4       ___acrt_execute_uninitializers 100092b4 f   libucrt:shared_initialization.obj
 0001:000082e5       ___acrt_initialize_new_handler 100092e5 f   libucrt:new_handler.obj
 0001:000082f4       __callnewh                 100092f4 f   libucrt:new_handler.obj
 0001:00008321       __query_new_handler        10009321 f   libucrt:new_handler.obj
 0001:0000844b       ___acrt_get_sigabrt_handler 1000944b f   libucrt:signal.obj
 0001:00008472       ___acrt_initialize_signal_handlers 10009472 f   libucrt:signal.obj
 0001:00008490       ___fpecode                 10009490 f   libucrt:signal.obj
 0001:00008499       _raise                     10009499 f   libucrt:signal.obj
 0001:00008694       ___acrt_has_user_matherr   10009694 f   libucrt:matherr.obj
 0001:000086ac       ___acrt_initialize_user_matherr 100096ac f   libucrt:matherr.obj
 0001:000086bb       ___acrt_invoke_user_matherr 100096bb f   libucrt:matherr.obj
 0001:000088ca       ___acrt_stdio_flush_nolock 100098ca f   libucrt:fflush.obj
 0001:0000892f       __fflush_nolock            1000992f f   libucrt:fflush.obj
 0001:00008977       __flushall                 10009977 f   libucrt:fflush.obj
 0001:00008980       ___acrt_initialize_stdio   10009980 f   libucrt:_file.obj
 0001:00008a48       ___acrt_uninitialize_stdio 10009a48 f   libucrt:_file.obj
 0001:00008a94       __lock_file                10009a94 f   libucrt:_file.obj
 0001:00008aa8       __unlock_file              10009aa8 f   libucrt:_file.obj
 0001:00008abc       __mbtowc_l                 10009abc f   libucrt:mbtowc.obj
 0001:00008bfe       _mbtowc                    10009bfe f   libucrt:mbtowc.obj
 0001:00008c18       ___acrt_update_locale_info 10009c18 f   libucrt:locale_update.obj
 0001:00008c45       ___acrt_update_multibyte_info 10009c45 f   libucrt:locale_update.obj
 0001:00008c72       __fileno                   10009c72 f   libucrt:fileno.obj
 0001:00008d07       ___acrt_set_locale_changed 10009d07 f   libucrt:wsetlocale.obj
 0001:00008d12       ___acrt_uninitialize_locale 10009d12 f   libucrt:wsetlocale.obj
 0001:00008d39       ___pctype_func             10009d39 f   libucrt:ctype.obj
 0001:00008d5d       __query_new_mode           10009d5d f   libucrt:new_mode.obj
 0001:00008d64       ___acrt_add_locale_ref     10009d64 f   libucrt:locale_refcounting.obj
 0001:00008de1       ___acrt_free_locale        10009de1 f   libucrt:locale_refcounting.obj
 0001:00008f29       ___acrt_locale_add_lc_time_reference 10009f29 f   libucrt:locale_refcounting.obj
 0001:00008f52       ___acrt_locale_free_lc_time_if_unreferenced 10009f52 f   libucrt:locale_refcounting.obj
 0001:00008f83       ___acrt_locale_release_lc_time_reference 10009f83 f   libucrt:locale_refcounting.obj
 0001:00008fac       ___acrt_release_locale_ref 10009fac f   libucrt:locale_refcounting.obj
 0001:0000902d       ___acrt_update_thread_locale_data 1000a02d f   libucrt:locale_refcounting.obj
 0001:000090ae       __updatetlocinfoEx_nolock  1000a0ae f   libucrt:locale_refcounting.obj
 0001:00009140       _qsort                     1000a140 f   libucrt:qsort.obj
 0001:00009637       _strncpy_s                 1000a637 f   libucrt:strncpy_s.obj
 0001:00009650       _strpbrk                   1000a650 f   libucrt:strpbrk.obj
 0001:00009690       __mbsdec                   1000a690 f   libucrt:mbsdec.obj
 0001:000096a7       __mbsdec_l                 1000a6a7 f   libucrt:mbsdec.obj
 0001:00009734       ___acrt_GetStringTypeA     1000a734 f   libucrt:getstringtypea.obj
 0001:00009837       __freea_crt                1000a837 f i libucrt:getstringtypea.obj
 0001:00009a41       ___acrt_LCMapStringA       1000aa41 f   libucrt:lcmapstringa.obj
 0001:00009a99       __msize_base               1000aa99 f   libucrt:msize.obj
 0001:00009acc       __realloc_base             1000aacc f   libucrt:realloc_base.obj
 0001:00009b85       ___acrt_DownlevelLocaleNameToLCID 1000ab85 f   libucrt:lcidtoname_downlevel.obj
 0001:00009bb1       ___acrt_lowio_create_handle_array 1000abb1 f   libucrt:osfinfo.obj
 0001:00009c2c       ___acrt_lowio_destroy_handle_array 1000ac2c f   libucrt:osfinfo.obj
 0001:00009c61       ___acrt_lowio_ensure_fh_exists 1000ac61 f   libucrt:osfinfo.obj
 0001:00009cff       ___acrt_lowio_lock_fh      1000acff f   libucrt:osfinfo.obj
 0001:00009d22       ___acrt_lowio_unlock_fh    1000ad22 f   libucrt:osfinfo.obj
 0001:00009d45       __free_osfhnd              1000ad45 f   libucrt:osfinfo.obj
 0001:00009dd6       __get_osfhandle            1000add6 f   libucrt:osfinfo.obj
 0001:00009ee2       __commit                   1000aee2 f   libucrt:commit.obj
 0001:0000a6d8       __write                    1000b6d8 f   libucrt:write.obj
 0001:0000a7ca       __write_nolock             1000b7ca f   libucrt:write.obj
 0001:0000a9ac       __fcloseall                1000b9ac f   libucrt:closeall.obj
 0001:0000aa57       ___acrt_stdio_free_buffer_nolock 1000ba57 f   libucrt:_freebuf.obj
 0001:0000aa97       __isatty                   1000ba97 f   libucrt:isatty.obj
 0001:0000aaed       __isleadbyte_l             1000baed f i libucrt:_wctype.obj
 0001:0000ab53       ?__mbrtowc_utf8@__crt_mbstring@@YAIPA_WPBDIPAU_Mbstatet@@@Z 1000bb53 f   libucrt:mbrtowc.obj
 0001:0000ab93       ?__mbsrtowcs_utf8@__crt_mbstring@@YAIPA_WPAPBDIPAU_Mbstatet@@@Z 1000bb93 f   libucrt:mbrtowc.obj
 0001:0000ac8e       ?return_illegal_sequence@__crt_mbstring@@YAIPAU_Mbstatet@@@Z 1000bc8e f i libucrt:c32rtomb.obj
 0001:0000acad       ___acrt_locale_free_monetary 1000bcad f   libucrt:initmon.obj
 0001:0000adab       ___acrt_locale_free_numeric 1000bdab f   libucrt:initnum.obj
 0001:0000ae4c       ___acrt_locale_free_time   1000be4c f   libucrt:inittime.obj
 0001:0000af30       ___strncnt                 1000bf30 f   libucrt:strncnt.obj
 0001:0000af4c       ___ascii_wcsnicmp          1000bf4c f   libucrt:wcsnicmp.obj
 0001:0000af9b       __query_app_type           1000bf9b f   libucrt:report_runtime_error.obj
 0001:0000b01d       __lseeki64_nolock          1000c01d f   libucrt:lseek.obj
 0001:0000b038       __putwch_nolock            1000c038 f   libucrt:putwch.obj
 0001:0000b06a       __fclose_nolock            1000c06a f   libucrt:fclose.obj
 0001:0000b0e1       _fclose                    1000c0e1 f   libucrt:fclose.obj
 0001:0000b165       ?__mbrtoc32_utf8@__crt_mbstring@@YAIPA_UPBDIPAU_Mbstatet@@@Z 1000c165 f   libucrt:mbrtoc32.obj
 0001:0000b310       __CIlog10                  1000c310 f   libucrt:log10_impl.obj
 0001:0000b34b       __CIlog10_default          1000c34b f   libucrt:log10_impl.obj
 0001:0000b35f       __log10_default            1000c35f     libucrt:log10_impl.obj
 0001:0000b420       _ceil                      1000c420 f   libucrt:ceil_pentium4.obj
 0001:0000b460       __ceil_pentium4            1000c460 f   libucrt:ceil_pentium4.obj
 0001:0000b540       ___ascii_strnicmp          1000c540 f   libucrt:_strnicm.obj
 0001:0000b5c0       ___dcrt_lowio_ensure_console_output_initialized 1000c5c0 f   libucrt:initcon.obj
 0001:0000b5df       ___dcrt_terminate_console_output 1000c5df f   libucrt:initcon.obj
 0001:0000b5f6       ___dcrt_write_console      1000c5f6 f   libucrt:initcon.obj
 0001:0000b6d7       __close                    1000c6d7 f   libucrt:close.obj
 0001:0000b764       __close_nolock             1000c764 f   libucrt:close.obj
 0001:0000b800       ?__acrt_stdio_free_stream@@YAXV__crt_stdio_stream@@@Z 1000c800 f   libucrt:stream.obj
 0001:0000b83b       ___acrt_initialize_sse2    1000c83b f   libucrt:mathfcns.obj
 0001:0000b850       __CIlog10_pentium4         1000c850 f   libucrt:log10_pentium4.obj
 0001:0000b868       __log10_pentium4           1000c868     libucrt:log10_pentium4.obj
 0001:0000bb00       __fFEXP                    1000cb00 f   libucrt:87tran.obj
 0001:0000bb57       __rtinfpopse               1000cb57     libucrt:87tran.obj
 0001:0000bb59       __rtinfnpopse              1000cb59     libucrt:87tran.obj
 0001:0000bb69       __fFLN                     1000cb69     libucrt:87tran.obj
 0001:0000bc1e       __rtinfpop                 1000cc1e     libucrt:87tran.obj
 0001:0000bc20       __rtinfnpop                1000cc20     libucrt:87tran.obj
 0001:0000bc30       __rtforexpinf              1000cc30 f   libucrt:87tran.obj
 0001:0000bc3d       __ffexpm1                  1000cc3d     libucrt:87tran.obj
 0001:0000bcf0       __trandisp1                1000ccf0 f   libucrt:87disp.obj
 0001:0000bd65       __trandisp2                1000cd65 f   libucrt:87disp.obj
 0001:0000bdff       __rttospopde               1000cdff     libucrt:87disp.obj
 0001:0000be04       __rttospop                 1000ce04     libucrt:87disp.obj
 0001:0000be10       __rtnospop                 1000ce10 f   libucrt:87disp.obj
 0001:0000be20       __rttosnpop                1000ce20 f   libucrt:87disp.obj
 0001:0000be21       __rtnospopde               1000ce21     libucrt:87disp.obj
 0001:0000be28       __rtzeropop                1000ce28     libucrt:87disp.obj
 0001:0000be2a       __rtzeronpop               1000ce2a     libucrt:87disp.obj
 0001:0000be30       __rtzerospop               1000ce30 f   libucrt:87disp.obj
 0001:0000be3d       __rtonepop                 1000ce3d     libucrt:87disp.obj
 0001:0000be40       __rtonenpop                1000ce40 f   libucrt:87disp.obj
 0001:0000be50       __tosnan1                  1000ce50 f   libucrt:87disp.obj
 0001:0000be80       __nosnan2                  1000ce80 f   libucrt:87disp.obj
 0001:0000be90       __tosnan2                  1000ce90 f   libucrt:87disp.obj
 0001:0000bec0       __nan2                     1000cec0 f   libucrt:87disp.obj
 0001:0000bf00       __rtindfpop                1000cf00 f   libucrt:87disp.obj
 0001:0000bf02       __rtindfnpop               1000cf02     libucrt:87disp.obj
 0001:0000bf13       __rttosnpopde              1000cf13     libucrt:87disp.obj
 0001:0000bf20       __rtatan2inf               1000cf20 f   libucrt:87disp.obj
 0001:0000bf3d       __rtchsifneg               1000cf3d     libucrt:87disp.obj
 0001:0000bf50       __twoToTOS                 1000cf50 f   libucrt:common.obj
 0001:0000bf65       __load_CW                  1000cf65 f   libucrt:common.obj
 0001:0000bf7c       __convertTOStoQNaN         1000cf7c f   libucrt:common.obj
 0001:0000bf95       __fload_withFB             1000cf95 f   libucrt:common.obj
 0001:0000bfd8       __checkTOS_withFB          1000cfd8 f   libucrt:common.obj
 0001:0000bfee       __fast_exit                1000cfee f   libucrt:common.obj
 0001:0000bffb       __math_exit                1000cffb f   libucrt:common.obj
 0001:0000c025       __check_overflow_exit      1000d025 f   libucrt:common.obj
 0001:0000c039       __check_range_exit         1000d039 f   libucrt:common.obj
 0001:0000c0e0       __startTwoArgErrorHandling 1000d0e0 f   libucrt:genexcep.obj
 0001:0000c0f7       __startOneArgErrorHandling 1000d0f7 f   libucrt:genexcep.obj
 0001:0000c133       ___libm_error_support      1000d133 f   libucrt:libm_error.obj
 0001:0000c327       __ceil_default             1000d327 f   libucrt:ceil.obj
 0001:0000c3dc       __clrfp                    1000d3dc f   libucrt:fpctrl.obj
 0001:0000c3ed       __ctrlfp                   1000d3ed f   libucrt:fpctrl.obj
 0001:0000c417       __set_statfp               1000d417 f   libucrt:fpctrl.obj
 0001:0000c470       __statfp                   1000d470 f   libucrt:fpctrl.obj
 0001:0000c480       __d_inttype                1000d480 f   libucrt:powhlp.obj
 0001:0000c4e8       __powhlp                   1000d4e8 f   libucrt:powhlp.obj
 0001:0000c613       __87except                 1000d613 f   libucrt:87except.obj
 0001:0000c71d       __frnd                     1000d71d f   libucrt:frnd.obj
 0001:0000c731       __errcode                  1000d731 f   libucrt:fpexcept.obj
 0001:0000c765       __except1                  1000d765 f   libucrt:fpexcept.obj
 0001:0000c833       __handle_exc               1000d833 f   libucrt:fpexcept.obj
 0001:0000ca1e       __raise_exc                1000da1e f   libucrt:fpexcept.obj
 0001:0000ca41       __raise_exc_ex             1000da41 f   libucrt:fpexcept.obj
 0001:0000cd37       __set_errno_from_matherr   1000dd37 f   libucrt:fpexcept.obj
 0001:0000cd66       __umatherr                 1000dd66 f   libucrt:fpexcept.obj
 0001:0000ce06       __decomp                   1000de06 f   libucrt:util.obj
 0001:0000ced8       __set_exp                  1000ded8 f   libucrt:util.obj
 0001:0000cf05       __sptype                   1000df05 f   libucrt:util.obj
 0001:0000cf63       __fpclass                  1000df63 f   libucrt:ieeemisc.obj
 0001:0000d007       _IsProcessorFeaturePresent@4 1000e007 f   kernel32:KERNEL32.dll
 0001:0000d00d       ??_Gtype_info@@UAEPAXI@Z   1000e00d f i LIBCMT:std_type_info_static.obj
 0001:0000d00d       ??_Etype_info@@UAEPAXI@Z   1000e00d f i LIBCMT:std_type_info_static.obj
 0001:0000d030       __FindPESection            1000e030 f   LIBCMT:pesect.obj
 0001:0000d080       __IsNonwritableInCurrentImage 1000e080 f   LIBCMT:pesect.obj
 0001:0000d140       __ValidateImageBase        1000e140 f   LIBCMT:pesect.obj
 0001:0000d173       ??3@YAXPAXI@Z              1000e173 f   LIBCMT:delete_scalar_size.obj
 0001:0000d181       __EH_prolog3_catch         1000e181 f   LIBCMT:ehprolg3.obj
 0001:0000d1c0       __aulldvrm                 1000e1c0 f   LIBCMT:ulldvrm.obj
 0001:0000d260       __allmul                   1000e260 f   LIBCMT:llmul.obj
 0001:0000d2a0       __alldvrm                  1000e2a0 f   LIBCMT:lldvrm.obj
 0001:0000d380       __aullshr                  1000e380 f   LIBCMT:ullshr.obj
 0001:0000d3a0       __alloca_probe_16          1000e3a0 f   LIBCMT:alloca16.obj
 0001:0000d3b6       __alloca_probe_8           1000e3b6     LIBCMT:alloca16.obj
 0001:0000d3d0       __chkstk                   1000e3d0 f   LIBCMT:chkstk.obj
 0001:0000d3d0       __alloca_probe             1000e3d0 f   LIBCMT:chkstk.obj
 0001:0000d400       __allshl                   1000e400 f   LIBCMT:llshl.obj
 0001:0000d420       __ftol2_sse_excpt          1000e420     LIBCMT:ftol2.obj
 0001:0000d420       __ftol2_sse                1000e420     LIBCMT:ftol2.obj
 0001:0000d420       __ftoi2                    1000e420 f   LIBCMT:ftol2.obj
 0001:0000d4a0       __ftoui2                   1000e4a0 f   LIBCMT:ftol2.obj
 0001:0000d550       __ftol2                    1000e550 f   LIBCMT:ftol2.obj
 0001:0000d600       __ftoul2                   1000e600 f   LIBCMT:ftol2.obj
 0001:0000d6b9       ??3@YAXPAX@Z               1000e6b9 f   LIBCMT:delete_scalar.obj
 0001:0000d6c0       _strchr                    1000e6c0 f   libvcruntime:strchr.obj
 0001:0000d72e       ___from_strstr_to_strchr   1000e72e     libvcruntime:strchr.obj
 0001:0000d7f0       _strrchr                   1000e7f0 f   libvcruntime:strrchr.obj
 0001:0000d927       __filter_x86_sse2_floating_point_exception 1000e927 f   LIBCMT:x86_exception_filter.obj
 0001:0000d927       __filter_x86_sse2_floating_point_exception_default 1000e927 f   LIBCMT:x86_exception_filter.obj
 0002:00000000       __imp__lstrlenW@4          1000f000     kernel32:KERNEL32.dll
 0002:00000004       __imp__lstrcpynW@12        1000f004     kernel32:KERNEL32.dll
 0002:00000008       __imp__lstrcatW@8          1000f008     kernel32:KERNEL32.dll
 0002:0000000c       __imp__lstrcpyW@8          1000f00c     kernel32:KERNEL32.dll
 0002:00000010       __imp__lstrcmpiW@8         1000f010     kernel32:KERNEL32.dll
 0002:00000014       __imp__lstrcmpW@8          1000f014     kernel32:KERNEL32.dll
 0002:00000018       __imp__CompareStringW@24   1000f018     kernel32:KERNEL32.dll
 0002:0000001c       __imp__SetLastError@4      1000f01c     kernel32:KERNEL32.dll
 0002:00000020       __imp__EnterCriticalSection@4 1000f020     kernel32:KERNEL32.dll
 0002:00000024       __imp__GetModuleFileNameW@12 1000f024     kernel32:KERNEL32.dll
 0002:00000028       __imp__LeaveCriticalSection@4 1000f028     kernel32:KERNEL32.dll
 0002:0000002c       __imp__InitializeCriticalSection@4 1000f02c     kernel32:KERNEL32.dll
 0002:00000030       __imp__GetCurrentThread@0  1000f030     kernel32:KERNEL32.dll
 0002:00000034       __imp__LoadLibraryW@4      1000f034     kernel32:KERNEL32.dll
 0002:00000038       __imp__GetProcAddress@8    1000f038     kernel32:KERNEL32.dll
 0002:0000003c       __imp__DeleteCriticalSection@4 1000f03c     kernel32:KERNEL32.dll
 0002:00000040       __imp__LCMapStringW@24     1000f040     kernel32:KERNEL32.dll
 0002:00000044       __imp__GetModuleHandleW@4  1000f044     kernel32:KERNEL32.dll
 0002:00000048       __imp__GetThreadTimes@20   1000f048     kernel32:KERNEL32.dll
 0002:0000004c       __imp__VirtualQuery@12     1000f04c     kernel32:KERNEL32.dll
 0002:00000050       __imp__CloseHandle@4       1000f050     kernel32:KERNEL32.dll
 0002:00000054       __imp__UnhandledExceptionFilter@4 1000f054     kernel32:KERNEL32.dll
 0002:00000058       __imp__SetUnhandledExceptionFilter@4 1000f058     kernel32:KERNEL32.dll
 0002:0000005c       __imp__GetCurrentProcess@0 1000f05c     kernel32:KERNEL32.dll
 0002:00000060       __imp__TerminateProcess@8  1000f060     kernel32:KERNEL32.dll
 0002:00000064       __imp__IsProcessorFeaturePresent@4 1000f064     kernel32:KERNEL32.dll
 0002:00000068       __imp__IsDebuggerPresent@0 1000f068     kernel32:KERNEL32.dll
 0002:0000006c       __imp__GetStartupInfoW@4   1000f06c     kernel32:KERNEL32.dll
 0002:00000070       __imp__QueryPerformanceCounter@4 1000f070     kernel32:KERNEL32.dll
 0002:00000074       __imp__GetCurrentProcessId@0 1000f074     kernel32:KERNEL32.dll
 0002:00000078       __imp__GetCurrentThreadId@0 1000f078     kernel32:KERNEL32.dll
 0002:0000007c       __imp__GetSystemTimeAsFileTime@4 1000f07c     kernel32:KERNEL32.dll
 0002:00000080       __imp__RtlUnwind@16        1000f080     kernel32:KERNEL32.dll
 0002:00000084       __imp__GetLastError@0      1000f084     kernel32:KERNEL32.dll
 0002:00000088       __imp__InitializeCriticalSectionAndSpinCount@8 1000f088     kernel32:KERNEL32.dll
 0002:0000008c       __imp__TlsAlloc@0          1000f08c     kernel32:KERNEL32.dll
 0002:00000090       __imp__TlsGetValue@4       1000f090     kernel32:KERNEL32.dll
 0002:00000094       __imp__TlsSetValue@8       1000f094     kernel32:KERNEL32.dll
 0002:00000098       __imp__TlsFree@4           1000f098     kernel32:KERNEL32.dll
 0002:0000009c       __imp__FreeLibrary@4       1000f09c     kernel32:KERNEL32.dll
 0002:000000a0       __imp__LoadLibraryExW@12   1000f0a0     kernel32:KERNEL32.dll
 0002:000000a4       __imp__RaiseException@16   1000f0a4     kernel32:KERNEL32.dll
 0002:000000a8       __imp__ExitProcess@4       1000f0a8     kernel32:KERNEL32.dll
 0002:000000ac       __imp__HeapFree@12         1000f0ac     kernel32:KERNEL32.dll
 0002:000000b0       __imp__HeapAlloc@12        1000f0b0     kernel32:KERNEL32.dll
 0002:000000b4       __imp__FindClose@4         1000f0b4     kernel32:KERNEL32.dll
 0002:000000b8       __imp__FindFirstFileExW@24 1000f0b8     kernel32:KERNEL32.dll
 0002:000000bc       __imp__FindNextFileW@8     1000f0bc     kernel32:KERNEL32.dll
 0002:000000c0       __imp__IsValidCodePage@4   1000f0c0     kernel32:KERNEL32.dll
 0002:000000c4       __imp__GetACP@0            1000f0c4     kernel32:KERNEL32.dll
 0002:000000c8       __imp__GetOEMCP@0          1000f0c8     kernel32:KERNEL32.dll
 0002:000000cc       __imp__GetCPInfo@8         1000f0cc     kernel32:KERNEL32.dll
 0002:000000d0       __imp__GetCommandLineA@0   1000f0d0     kernel32:KERNEL32.dll
 0002:000000d4       __imp__GetCommandLineW@0   1000f0d4     kernel32:KERNEL32.dll
 0002:000000d8       __imp__MultiByteToWideChar@24 1000f0d8     kernel32:KERNEL32.dll
 0002:000000dc       __imp__WideCharToMultiByte@32 1000f0dc     kernel32:KERNEL32.dll
 0002:000000e0       __imp__GetEnvironmentStringsW@0 1000f0e0     kernel32:KERNEL32.dll
 0002:000000e4       __imp__FreeEnvironmentStringsW@4 1000f0e4     kernel32:KERNEL32.dll
 0002:000000e8       __imp__GetProcessHeap@0    1000f0e8     kernel32:KERNEL32.dll
 0002:000000ec       __imp__GetStdHandle@4      1000f0ec     kernel32:KERNEL32.dll
 0002:000000f0       __imp__GetFileType@4       1000f0f0     kernel32:KERNEL32.dll
 0002:000000f4       __imp__GetStringTypeW@16   1000f0f4     kernel32:KERNEL32.dll
 0002:000000f8       __imp__HeapSize@12         1000f0f8     kernel32:KERNEL32.dll
 0002:000000fc       __imp__HeapReAlloc@16      1000f0fc     kernel32:KERNEL32.dll
 0002:00000100       __imp__SetStdHandle@8      1000f100     kernel32:KERNEL32.dll
 0002:00000104       __imp__FlushFileBuffers@4  1000f104     kernel32:KERNEL32.dll
 0002:00000108       __imp__WriteFile@20        1000f108     kernel32:KERNEL32.dll
 0002:0000010c       __imp__GetConsoleCP@0      1000f10c     kernel32:KERNEL32.dll
 0002:00000110       __imp__GetConsoleMode@8    1000f110     kernel32:KERNEL32.dll
 0002:00000114       __imp__SetFilePointerEx@20 1000f114     kernel32:KERNEL32.dll
 0002:00000118       __imp__CreateFileW@28      1000f118     kernel32:KERNEL32.dll
 0002:0000011c       __imp__WriteConsoleW@20    1000f11c     kernel32:KERNEL32.dll
 0002:00000120       \177KERNEL32_NULL_THUNK_DATA 1000f120     kernel32:KERNEL32.dll
 0002:00000124       ___guard_check_icall_fptr  1000f124     LIBCMT:guard_support.obj
 0002:00000128       ___xc_a                    1000f128     LIBCMT:initializers.obj
 0002:0000012c       ___xc_z                    1000f12c     LIBCMT:initializers.obj
 0002:00000130       ___xi_a                    1000f130     LIBCMT:initializers.obj
 0002:00000134       ___acrt_multibyte_initializer 1000f134     libucrt:multibyte_initializer.obj
 0002:00000138       ___acrt_stdio_initializer  1000f138     libucrt:stdio_initializer.obj
 0002:0000013c       ___acrt_tran_sse2_initializer 1000f13c     libucrt:sse2_initializer.obj
 0002:00000140       ___xi_z                    1000f140     LIBCMT:initializers.obj
 0002:00000144       ___xp_a                    1000f144     LIBCMT:initializers.obj
 0002:00000148       ___acrt_locale_terminator  1000f148     libucrt:locale_initializer.obj
 0002:0000014c       ___dcrt_console_output_terminator 1000f14c     libucrt:console_output_initializer.obj
 0002:00000150       ___acrt_stdio_terminator   1000f150     libucrt:stdio_initializer.obj
 0002:00000154       ___xp_z                    1000f154     LIBCMT:initializers.obj
 0002:00000158       ___xt_a                    1000f158     LIBCMT:initializers.obj
 0002:0000015c       ___xt_z                    1000f15c     LIBCMT:initializers.obj
 0002:00000160       __imp__EncodePointer@4     1000f160     vc_crt_fix.obj
 0002:00000164       __imp__DecodePointer@4     1000f164     vc_crt_fix.obj
 0002:00000168       __imp__GetModuleHandleExW@12 1000f168     vc_crt_fix.obj
 0002:0000016c       __imp__InitializeSListHead@4 1000f16c     vc_crt_fix.obj
 0002:00000170       __imp__InterlockedFlushSList@4 1000f170     vc_crt_fix.obj
 0002:00000174       __imp__InterlockedPopEntrySList@4 1000f174     vc_crt_fix.obj
 0002:00000178       __imp__InterlockedPushEntrySList@8 1000f178     vc_crt_fix.obj
 0002:0000017c       __imp__InterlockedPushListSListEx@16 1000f17c     vc_crt_fix.obj
 0002:00000180       __imp__RtlFirstEntrySList@4 1000f180     vc_crt_fix.obj
 0002:00000184       __imp__QueryDepthSList@4   1000f184     vc_crt_fix.obj
 0002:00000188       __imp__GetNumaHighestNodeNumber@4 1000f188     vc_crt_fix.obj
 0002:0000018c       __imp__GetLogicalProcessorInformation@8 1000f18c     vc_crt_fix.obj
 0002:00000190       __imp__SetThreadStackGuarantee@4 1000f190     vc_crt_fix.obj
 0002:00000194       __imp__InitializeCriticalSectionEx@12 1000f194     vc_crt_fix.obj
 0002:00000198       __imp__CompareStringEx@36  1000f198     vc_crt_fix.obj
 0002:0000019c       __imp__LCMapStringEx@36    1000f19c     vc_crt_fix.obj
 0002:000001a0       __pDefaultRawDllMain       1000f1a0     LIBCMT:dll_dllmain.obj
 0002:000001a0       __pRawDllMain              1000f1a0     LIBCMT:dll_dllmain.obj
 0002:000001ac       __pDestructExceptionObject 1000f1ac     libvcruntime:ehhelpers.obj
 0002:000001b4       ??_7exception@std@@6B@     1000f1b4     libvcruntime:frame.obj
 0002:000001bc       ??_C@_0BC@EOODALEL@Unknown?5exception@ 1000f1bc     libvcruntime:frame.obj
 0002:000001d4       ??_7bad_exception@std@@6B@ 1000f1d4     libvcruntime:frame.obj
 0002:000001dc       ??_C@_0O@DPKOEFFH@bad?5exception@ 1000f1dc     libvcruntime:frame.obj
 0002:00000570       ??_C@_08EHJDFFNH@__based?$CI@ 1000f570     libvcruntime:undname.obj
 0002:0000057c       ??_C@_07KOLFKCDI@__cdecl@  1000f57c     libvcruntime:undname.obj
 0002:00000584       ??_C@_08GHMPAG@__pascal@   1000f584     libvcruntime:undname.obj
 0002:00000590       ??_C@_09IFJBGAPI@__stdcall@ 1000f590     libvcruntime:undname.obj
 0002:0000059c       ??_C@_0L@NPHFGOKO@__thiscall@ 1000f59c     libvcruntime:undname.obj
 0002:000005a8       ??_C@_0L@JMKHOMEK@__fastcall@ 1000f5a8     libvcruntime:undname.obj
 0002:000005b4       ??_C@_0N@BCKKPABJ@__vectorcall@ 1000f5b4     libvcruntime:undname.obj
 0002:000005c4       ??_C@_09HIJEGCPM@__clrcall@ 1000f5c4     libvcruntime:undname.obj
 0002:000005d0       ??_C@_06GHPCKEAG@__eabi@   1000f5d0     libvcruntime:undname.obj
 0002:000005d8       ??_C@_09IOPIDJLG@__swift_1@ 1000f5d8     libvcruntime:undname.obj
 0002:000005e4       ??_C@_09KFNFGKHF@__swift_2@ 1000f5e4     libvcruntime:undname.obj
 0002:000005f0       ??_C@_07JOMMBBKO@__ptr64@  1000f5f0     libvcruntime:undname.obj
 0002:000005f8       ??_C@_0L@PILCLIHE@__restrict@ 1000f5f8     libvcruntime:undname.obj
 0002:00000604       ??_C@_0M@GFIIJFMG@__unaligned@ 1000f604     libvcruntime:undname.obj
 0002:00000610       ??_C@_09DHDLOLLB@restrict?$CI@ 1000f610     libvcruntime:undname.obj
 0002:0000061a       ??_C@_00CNPNBAHC@@         1000f61a     libvcruntime:undname.obj
 0002:0000061c       ??_C@_04NIHEBCM@?5new@     1000f61c     libvcruntime:undname.obj
 0002:00000624       ??_C@_07FPCDHGMM@?5delete@ 1000f624     libvcruntime:undname.obj
 0002:0000062c       ??_C@_01NEMOKFLO@?$DN@     1000f62c     libvcruntime:undname.obj
 0002:00000630       ??_C@_02GPIOPFAK@?$DO?$DO@ 1000f630     libvcruntime:undname.obj
 0002:00000634       ??_C@_02FODMEDOG@?$DM?$DM@ 1000f634     libvcruntime:undname.obj
 0002:00000638       ??_C@_01DCLJPIOD@?$CB@     1000f638     libvcruntime:undname.obj
 0002:0000063c       ??_C@_02EGOFBIJA@?$DN?$DN@ 1000f63c     libvcruntime:undname.obj
 0002:00000640       ??_C@_02FDNJECIE@?$CB?$DN@ 1000f640     libvcruntime:undname.obj
 0002:00000644       ??_C@_02GPECMEKF@?$FL?$FN@ 1000f644     libvcruntime:undname.obj
 0002:00000648       ??_C@_08LHJFAFGD@operator@ 1000f648     libvcruntime:undname.obj
 0002:00000654       ??_C@_02HBOOOICD@?9?$DO@   1000f654     libvcruntime:undname.obj
 0002:00000658       ??_C@_01NBENCBCI@?$CK@     1000f658     libvcruntime:undname.obj
 0002:0000065c       ??_C@_02ECNGHCIF@?$CL?$CL@ 1000f65c     libvcruntime:undname.obj
 0002:00000660       ??_C@_02BAABKJLB@?9?9@     1000f660     libvcruntime:undname.obj
 0002:00000664       ??_C@_01JOAMLHOP@?9@       1000f664     libvcruntime:undname.obj
 0002:00000668       ??_C@_01MIFGBAGJ@?$CL@     1000f668     libvcruntime:undname.obj
 0002:0000066c       ??_C@_01HNPIGOCE@?$CG@     1000f66c     libvcruntime:undname.obj
 0002:00000670       ??_C@_03MNHNFDLC@?9?$DO?$CK@ 1000f670     libvcruntime:undname.obj
 0002:00000674       ??_C@_01KMDKNFGN@?1@       1000f674     libvcruntime:undname.obj
 0002:00000678       ??_C@_01FGNFDNOH@?$CF@     1000f678     libvcruntime:undname.obj
 0002:0000067c       ??_C@_01MNNFJEPP@?$DM@     1000f67c     libvcruntime:undname.obj
 0002:00000680       ??_C@_02EHCHHCKH@?$DM?$DN@ 1000f680     libvcruntime:undname.obj
 0002:00000684       ??_C@_01PPODPGHN@?$DO@     1000f684     libvcruntime:undname.obj
 0002:00000688       ??_C@_02EEKDKGMJ@?$DO?$DN@ 1000f688     libvcruntime:undname.obj
 0002:0000068c       ??_C@_01IHBHIGKO@?0@       1000f68c     libvcruntime:undname.obj
 0002:00000690       ??_C@_02HCKGKOFO@?$CI?$CJ@ 1000f690     libvcruntime:undname.obj
 0002:00000694       ??_C@_01PJKLJHI@?$HO@      1000f694     libvcruntime:undname.obj
 0002:00000698       ??_C@_01JKBOJNNK@?$FO@     1000f698     libvcruntime:undname.obj
 0002:0000069c       ??_C@_01DNKMNLPK@?$HM@     1000f69c     libvcruntime:undname.obj
 0002:000006a0       ??_C@_02PPKAJPJL@?$CG?$CG@ 1000f6a0     libvcruntime:undname.obj
 0002:000006a4       ??_C@_02NONPIBCD@?$HM?$HM@ 1000f6a4     libvcruntime:undname.obj
 0002:000006a8       ??_C@_02FPIMKNGF@?$CK?$DN@ 1000f6a8     libvcruntime:undname.obj
 0002:000006ac       ??_C@_02FOEOMHFC@?$CL?$DN@ 1000f6ac     libvcruntime:undname.obj
 0002:000006b0       ??_C@_02FKMDLLOA@?9?$DN@   1000f6b0     libvcruntime:undname.obj
 0002:000006b4       ??_C@_02FJEHGPIO@?1?$DN@   1000f6b4     libvcruntime:undname.obj
 0002:000006b8       ??_C@_02FENAOKFI@?$CF?$DN@ 1000f6b8     libvcruntime:undname.obj
 0002:000006bc       ??_C@_03IKFCCPFF@?$DO?$DO?$DN@ 1000f6bc     libvcruntime:undname.obj
 0002:000006c0       ??_C@_03CDNPDDLA@?$DM?$DM?$DN@ 1000f6c0     libvcruntime:undname.obj
 0002:000006c4       ??_C@_02FGJGFEAB@?$CG?$DN@ 1000f6c4     libvcruntime:undname.obj
 0002:000006c8       ??_C@_02DHLNPPGH@?$HM?$DN@ 1000f6c8     libvcruntime:undname.obj
 0002:000006cc       ??_C@_02MHEGNOJ@?$FO?$DN@  1000f6cc     libvcruntime:undname.obj
 0002:000006d0       ??_C@_09IFPLHPGF@?$GAvftable?8@ 1000f6d0     libvcruntime:undname.obj
 0002:000006dc       ??_C@_09BLBHBJP@?$GAvbtable?8@ 1000f6dc     libvcruntime:undname.obj
 0002:000006e8       ??_C@_07FEEIOKP@?$GAvcall?8@ 1000f6e8     libvcruntime:undname.obj
 0002:000006f0       ??_C@_08LLFFHHDJ@?$GAtypeof?8@ 1000f6f0     libvcruntime:undname.obj
 0002:000006fc       ??_C@_0BF@KDPPACIK@?$GAlocal?5static?5guard?8@ 1000f6fc     libvcruntime:undname.obj
 0002:00000714       ??_C@_08OBABFOLI@?$GAstring?8@ 1000f714     libvcruntime:undname.obj
 0002:00000720       ??_C@_0BD@JDLKDPAB@?$GAvbase?5destructor?8@ 1000f720     libvcruntime:undname.obj
 0002:00000734       ??_C@_0BN@DEGPLNFK@?$GAvector?5deleting?5destructor?8@ 1000f734     libvcruntime:undname.obj
 0002:00000754       ??_C@_0BO@OBMKPJIG@?$GAdefault?5constructor?5closure?8@ 1000f754     libvcruntime:undname.obj
 0002:00000774       ??_C@_0BN@IMDCHIKM@?$GAscalar?5deleting?5destructor?8@ 1000f774     libvcruntime:undname.obj
 0002:00000794       ??_C@_0BO@PFGOCPJJ@?$GAvector?5constructor?5iterator?8@ 1000f794     libvcruntime:undname.obj
 0002:000007b4       ??_C@_0BN@LFPFMEDL@?$GAvector?5destructor?5iterator?8@ 1000f7b4     libvcruntime:undname.obj
 0002:000007d4       ??_C@_0CE@IKBNEHA@?$GAvector?5vbase?5constructor?5itera@ 1000f7d4     libvcruntime:undname.obj
 0002:000007f8       ??_C@_0BL@NILFHHPC@?$GAvirtual?5displacement?5map?8@ 1000f7f8     libvcruntime:undname.obj
 0002:00000814       ??_C@_0CB@JONCMFFK@?$GAeh?5vector?5constructor?5iterator@ 1000f814     libvcruntime:undname.obj
 0002:00000838       ??_C@_0CA@GCEOPDGL@?$GAeh?5vector?5destructor?5iterator?8@ 1000f838     libvcruntime:undname.obj
 0002:00000858       ??_C@_0CH@OOJPLCPH@?$GAeh?5vector?5vbase?5constructor?5it@ 1000f858     libvcruntime:undname.obj
 0002:00000880       ??_C@_0BL@LLKPOHJI@?$GAcopy?5constructor?5closure?8@ 1000f880     libvcruntime:undname.obj
 0002:0000089c       ??_C@_0BA@KBCDOMBN@?$GAudt?5returning?8@ 1000f89c     libvcruntime:undname.obj
 0002:000008ac       ??_C@_03KLGMFNMG@?$GAEH@   1000f8ac     libvcruntime:undname.obj
 0002:000008b0       ??_C@_05KHLCHHI@?$GARTTI@  1000f8b0     libvcruntime:undname.obj
 0002:000008b8       ??_C@_0BA@KKLDJDLB@?$GAlocal?5vftable?8@ 1000f8b8     libvcruntime:undname.obj
 0002:000008c8       ??_C@_0CE@IIHCMGGL@?$GAlocal?5vftable?5constructor?5clos@ 1000f8c8     libvcruntime:undname.obj
 0002:000008ec       ??_C@_06FHBGPFGH@?5new?$FL?$FN@ 1000f8ec     libvcruntime:undname.obj
 0002:000008f4       ??_C@_09LBNFPBCA@?5delete?$FL?$FN@ 1000f8f4     libvcruntime:undname.obj
 0002:00000900       ??_C@_0P@HJKNJFNN@?$GAomni?5callsig?8@ 1000f900     libvcruntime:undname.obj
 0002:00000910       ??_C@_0BL@CNOONJFP@?$GAplacement?5delete?5closure?8@ 1000f910     libvcruntime:undname.obj
 0002:0000092c       ??_C@_0BN@CKNJLHMB@?$GAplacement?5delete?$FL?$FN?5closure?8@ 1000f92c     libvcruntime:undname.obj
 0002:0000094c       ??_C@_0CG@CFDHKGGD@?$GAmanaged?5vector?5constructor?5ite@ 1000f94c     libvcruntime:undname.obj
 0002:00000974       ??_C@_0CF@IMGKMJNO@?$GAmanaged?5vector?5destructor?5iter@ 1000f974     libvcruntime:undname.obj
 0002:0000099c       ??_C@_0CG@HLDDJMAG@?$GAeh?5vector?5copy?5constructor?5ite@ 1000f99c     libvcruntime:undname.obj
 0002:000009c4       ??_C@_0CM@FCBBDIGB@?$GAeh?5vector?5vbase?5copy?5construct@ 1000f9c4     libvcruntime:undname.obj
 0002:000009f0       ??_C@_0BL@CLIPGLGB@?$GAdynamic?5initializer?5for?5?8@ 1000f9f0     libvcruntime:undname.obj
 0002:00000a0c       ??_C@_0CB@PDBIFEP@?$GAdynamic?5atexit?5destructor?5for?5@ 1000fa0c     libvcruntime:undname.obj
 0002:00000a30       ??_C@_0CD@CGAJBKEJ@?$GAvector?5copy?5constructor?5iterat@ 1000fa30     libvcruntime:undname.obj
 0002:00000a54       ??_C@_0CJ@GJELGAMM@?$GAvector?5vbase?5copy?5constructor?5@ 1000fa54     libvcruntime:undname.obj
 0002:00000a80       ??_C@_0CL@FGIJHLCE@?$GAmanaged?5vector?5copy?5constructo@ 1000fa80     libvcruntime:undname.obj
 0002:00000aac       ??_C@_0BM@PMGGMLDN@?$GAlocal?5static?5thread?5guard?8@ 1000faac     libvcruntime:undname.obj
 0002:00000ac8       ??_C@_0N@BDNMDMOL@operator?5?$CC?$CC?5@ 1000fac8     libvcruntime:undname.obj
 0002:00000ad8       ??_C@_0BC@GGEBGALA@operator?5co_await@ 1000fad8     libvcruntime:undname.obj
 0002:00000aec       ??_C@_0M@GAAIMMOH@operator?$DM?$DN?$DO@ 1000faec     libvcruntime:undname.obj
 0002:00000af8       ??_C@_0BC@DAFEJGAK@?5Type?5Descriptor?8@ 1000faf8     libvcruntime:undname.obj
 0002:00000b0c       ??_C@_0BM@LDKODKLH@?5Base?5Class?5Descriptor?5at?5?$CI@ 1000fb0c     libvcruntime:undname.obj
 0002:00000b28       ??_C@_0BD@LGICGFMM@?5Base?5Class?5Array?8@ 1000fb28     libvcruntime:undname.obj
 0002:00000b3c       ??_C@_0BN@MECKDCOJ@?5Class?5Hierarchy?5Descriptor?8@ 1000fb3c     libvcruntime:undname.obj
 0002:00000b5c       ??_C@_0BK@CFCOFLF@?5Complete?5Object?5Locator?8@ 1000fb5c     libvcruntime:undname.obj
 0002:00000b78       ??_C@_0BG@JNJLAMPM@?$GAanonymous?5namespace?8@ 1000fb78     libvcruntime:undname.obj
 0002:00000b9c       ??_C@_1DM@KHCHBNEB@?$AAa?$AAp?$AAi?$AA?9?$AAm?$AAs?$AA?9?$AAw?$AAi?$AAn?$AA?9?$AAc?$AAo?$AAr?$AAe@ 1000fb9c     libvcruntime:winapi_downlevel.obj
 0002:00000bd8       ??_C@_1DK@LPPGFMPP@?$AAa?$AAp?$AAi?$AA?9?$AAm?$AAs?$AA?9?$AAw?$AAi?$AAn?$AA?9?$AAc?$AAo?$AAr?$AAe@ 1000fbd8     libvcruntime:winapi_downlevel.obj
 0002:00000c14       ??_C@_1BC@GDMECMAK@?$AAk?$AAe?$AAr?$AAn?$AAe?$AAl?$AA3?$AA2@ 1000fc14     libvcruntime:winapi_downlevel.obj
 0002:00000c28       ??_C@_1BA@PFFKHIOG@?$AAa?$AAp?$AAi?$AA?9?$AAm?$AAs?$AA?9@ 1000fc28     libvcruntime:winapi_downlevel.obj
 0002:00000c40       ??_C@_08KNHFBNJ@FlsAlloc@  1000fc40     libvcruntime:winapi_downlevel.obj
 0002:00000c54       ??_C@_07PEJMOBNF@FlsFree@  1000fc54     libvcruntime:winapi_downlevel.obj
 0002:00000c64       ??_C@_0M@GDNOONDI@FlsGetValue@ 1000fc64     libvcruntime:winapi_downlevel.obj
 0002:00000c78       ??_C@_0M@JCPCPOEF@FlsSetValue@ 1000fc78     libvcruntime:winapi_downlevel.obj
 0002:00000c90       ___acrt_exception_action_table 1000fc90     libucrt:exception_filter.obj
 0002:00000d20       ___acrt_signal_action_table_count 1000fd20     libucrt:exception_filter.obj
 0002:00000d24       ___acrt_signal_action_first_fpe_index 1000fd24     libucrt:exception_filter.obj
 0002:00000d28       ___acrt_signal_action_fpe_count 1000fd28     libucrt:exception_filter.obj
 0002:00000d2c       ??_C@_1BI@BGOHAHKC@?$AAm?$AAs?$AAc?$AAo?$AAr?$AAe?$AAe?$AA?4?$AAd?$AAl?$AAl@ 1000fd2c     libucrt:exit.obj
 0002:00000d44       ??_C@_0P@MIGLKIOC@CorExitProcess@ 1000fd44     libucrt:exit.obj
 0002:00000f50       ??_C@_1M@HPNHIDJI@?$AAj?$AAa?$AA?9?$AAJ?$AAP@ 1000ff50     libucrt:mbctype.obj
 0002:00000f5c       ??_C@_1M@BIBDDEMK@?$AAz?$AAh?$AA?9?$AAC?$AAN@ 1000ff5c     libucrt:mbctype.obj
 0002:00000f68       ??_C@_1M@JLOOOEGK@?$AAk?$AAo?$AA?9?$AAK?$AAR@ 1000ff68     libucrt:mbctype.obj
 0002:00000f74       ??_C@_1M@CLNBBOPM@?$AAz?$AAh?$AA?9?$AAT?$AAW@ 1000ff74     libucrt:mbctype.obj
 0002:00000fd0       ??_C@_1EA@JGEFHKEI@?$AAa?$AAp?$AAi?$AA?9?$AAm?$AAs?$AA?9?$AAw?$AAi?$AAn?$AA?9?$AAc?$AAo?$AAr?$AAe@ 1000ffd0     libucrt:winapi_thunks.obj
 0002:00001010       ??_C@_1DI@IJCEHOCB@?$AAa?$AAp?$AAi?$AA?9?$AAm?$AAs?$AA?9?$AAw?$AAi?$AAn?$AA?9?$AAc?$AAo?$AAr?$AAe@ 10010010     libucrt:winapi_thunks.obj
 0002:00001048       ??_C@_1EI@MPIAOHOC@?$AAa?$AAp?$AAi?$AA?9?$AAm?$AAs?$AA?9?$AAw?$AAi?$AAn?$AA?9?$AAc?$AAo?$AAr?$AAe@ 10010048     libucrt:winapi_thunks.obj
 0002:00001090       ??_C@_1FK@FPHCKFIE@?$AAa?$AAp?$AAi?$AA?9?$AAm?$AAs?$AA?9?$AAw?$AAi?$AAn?$AA?9?$AAc?$AAo?$AAr?$AAe@ 10010090     libucrt:winapi_thunks.obj
 0002:000010f0       ??_C@_1EM@DILCGIIO@?$AAa?$AAp?$AAi?$AA?9?$AAm?$AAs?$AA?9?$AAw?$AAi?$AAn?$AA?9?$AAc?$AAo?$AAr?$AAe@ 100100f0     libucrt:winapi_thunks.obj
 0002:0000113c       ??_C@_1DM@LNCGDDPN@?$AAa?$AAp?$AAi?$AA?9?$AAm?$AAs?$AA?9?$AAw?$AAi?$AAn?$AA?9?$AAc?$AAo?$AAr?$AAe@ 1001013c     libucrt:winapi_thunks.obj
 0002:00001178       ??_C@_1DO@FPAPJEMD@?$AAa?$AAp?$AAi?$AA?9?$AAm?$AAs?$AA?9?$AAw?$AAi?$AAn?$AA?9?$AAc?$AAo?$AAr?$AAe@ 10010178     libucrt:winapi_thunks.obj
 0002:000011b8       ??_C@_1DK@NDHNAHIO@?$AAa?$AAp?$AAi?$AA?9?$AAm?$AAs?$AA?9?$AAw?$AAi?$AAn?$AA?9?$AAc?$AAo?$AAr?$AAe@ 100101b8     libucrt:winapi_thunks.obj
 0002:000011f4       ??_C@_1DM@KGHDGBCM@?$AAa?$AAp?$AAi?$AA?9?$AAm?$AAs?$AA?9?$AAw?$AAi?$AAn?$AA?9?$AAc?$AAo?$AAr?$AAe@ 100101f4     libucrt:winapi_thunks.obj
 0002:00001230       ??_C@_1EO@IJIOEFOH@?$AAa?$AAp?$AAi?$AA?9?$AAm?$AAs?$AA?9?$AAw?$AAi?$AAn?$AA?9?$AAr?$AAt?$AAc?$AAo@ 10010230     libucrt:winapi_thunks.obj
 0002:00001280       ??_C@_1FG@HHGEKANL@?$AAa?$AAp?$AAi?$AA?9?$AAm?$AAs?$AA?9?$AAw?$AAi?$AAn?$AA?9?$AAs?$AAe?$AAc?$AAu@ 10010280     libucrt:winapi_thunks.obj
 0002:000012d8       ??_C@_1EG@DBIOJECG@?$AAe?$AAx?$AAt?$AA?9?$AAm?$AAs?$AA?9?$AAw?$AAi?$AAn?$AA?9?$AAn?$AAt?$AAu?$AAs@ 100102d8     libucrt:winapi_thunks.obj
 0002:00001320       ??_C@_1EO@FIHMJCLF@?$AAe?$AAx?$AAt?$AA?9?$AAm?$AAs?$AA?9?$AAw?$AAi?$AAn?$AA?9?$AAn?$AAt?$AAu?$AAs@ 10010320     libucrt:winapi_thunks.obj
 0002:00001370       ??_C@_1BC@DNHGCMLG@?$AAa?$AAd?$AAv?$AAa?$AAp?$AAi?$AA3?$AA2@ 10010370     libucrt:winapi_thunks.obj
 0002:00001384       ??_C@_1M@OAIMIKLP@?$AAn?$AAt?$AAd?$AAl?$AAl@ 10010384     libucrt:winapi_thunks.obj
 0002:00001390       ??_C@_1EG@DPGNFKGC@?$AAa?$AAp?$AAi?$AA?9?$AAm?$AAs?$AA?9?$AAw?$AAi?$AAn?$AA?9?$AAa?$AAp?$AAp?$AAm@ 10010390     libucrt:winapi_thunks.obj
 0002:000013d8       ??_C@_1O@BCCLBEOE@?$AAu?$AAs?$AAe?$AAr?$AA3?$AA2@ 100103d8     libucrt:winapi_thunks.obj
 0002:000013e8       ??_C@_1BA@IAIFMGEF@?$AAe?$AAx?$AAt?$AA?9?$AAm?$AAs?$AA?9@ 100103e8     libucrt:winapi_thunks.obj
 0002:000013fc       ??_C@_0BA@FHFNEAED@AreFileApisANSI@ 100103fc     libucrt:winapi_thunks.obj
 0002:0000143c       ??_C@_0O@KKBNKAPF@LCMapStringEx@ 1001043c     libucrt:winapi_thunks.obj
 0002:00001454       ??_C@_0BB@HBDEELFH@LocaleNameToLCID@ 10010454     libucrt:winapi_thunks.obj
 0002:0000146c       ??_C@_0CF@OJOFEIGO@AppPolicyGetProcessTerminationM@ 1001046c     libucrt:winapi_thunks.obj
 0002:00001498       ___lc_time_c               10010498     libucrt:nlsdata.obj
 0002:000015fc       ??_C@_03KOEHGMDN@Sun@      100105fc     libucrt:nlsdata.obj
 0002:00001600       ??_C@_03PDAGKDH@Mon@       10010600     libucrt:nlsdata.obj
 0002:00001604       ??_C@_03NAGEINEP@Tue@      10010604     libucrt:nlsdata.obj
 0002:00001608       ??_C@_03MHOMLAJA@Wed@      10010608     libucrt:nlsdata.obj
 0002:0000160c       ??_C@_03IOFIKPDN@Thu@      1001060c     libucrt:nlsdata.obj
 0002:00001610       ??_C@_03IDIOELNC@Fri@      10010610     libucrt:nlsdata.obj
 0002:00001614       ??_C@_03FEFJNEK@Sat@       10010614     libucrt:nlsdata.obj
 0002:00001618       ??_C@_06OOPIFAJ@Sunday@    10010618     libucrt:nlsdata.obj
 0002:00001620       ??_C@_06JLEDEDGH@Monday@   10010620     libucrt:nlsdata.obj
 0002:00001628       ??_C@_07BAAGCFCM@Tuesday@  10010628     libucrt:nlsdata.obj
 0002:00001630       ??_C@_09DLIGFAKA@Wednesday@ 10010630     libucrt:nlsdata.obj
 0002:0000163c       ??_C@_08HACCIKIA@Thursday@ 1001063c     libucrt:nlsdata.obj
 0002:00001648       ??_C@_06JECMNKMI@Friday@   10010648     libucrt:nlsdata.obj
 0002:00001650       ??_C@_08INBOOONO@Saturday@ 10010650     libucrt:nlsdata.obj
 0002:0000165c       ??_C@_03JIHJHPIE@Jan@      1001065c     libucrt:nlsdata.obj
 0002:00001660       ??_C@_03HJBDCHOM@Feb@      10010660     libucrt:nlsdata.obj
 0002:00001664       ??_C@_03ODNJBKGA@Mar@      10010664     libucrt:nlsdata.obj
 0002:00001668       ??_C@_03LEOLGMJP@Apr@      10010668     libucrt:nlsdata.obj
 0002:0000166c       ??_C@_03CNMDKL@May@        1001066c     libucrt:nlsdata.obj
 0002:00001670       ??_C@_03IDFGHECI@Jun@      10010670     libucrt:nlsdata.obj
 0002:00001674       ??_C@_03LBGABGKK@Jul@      10010674     libucrt:nlsdata.obj
 0002:00001678       ??_C@_03IFJFEIGA@Aug@      10010678     libucrt:nlsdata.obj
 0002:0000167c       ??_C@_03GGCAPAJC@Sep@      1001067c     libucrt:nlsdata.obj
 0002:00001680       ??_C@_03BMAOKBAD@Oct@      10010680     libucrt:nlsdata.obj
 0002:00001684       ??_C@_03JPJOFNIA@Nov@      10010684     libucrt:nlsdata.obj
 0002:00001688       ??_C@_03MKABNOCG@Dec@      10010688     libucrt:nlsdata.obj
 0002:0000168c       ??_C@_07CGJPFGJA@January@  1001068c     libucrt:nlsdata.obj
 0002:00001694       ??_C@_08GNJGEPFN@February@ 10010694     libucrt:nlsdata.obj
 0002:000016a0       ??_C@_05HPCKOFNC@March@    100106a0     libucrt:nlsdata.obj
 0002:000016a8       ??_C@_05DMJDNLEJ@April@    100106a8     libucrt:nlsdata.obj
 0002:000016b0       ??_C@_04CNLMGBGM@June@     100106b0     libucrt:nlsdata.obj
 0002:000016b8       ??_C@_04MIEPOIFP@July@     100106b8     libucrt:nlsdata.obj
 0002:000016c0       ??_C@_06LBBHFDDG@August@   100106c0     libucrt:nlsdata.obj
 0002:000016c8       ??_C@_09BHHEALKD@September@ 100106c8     libucrt:nlsdata.obj
 0002:000016d4       ??_C@_07JJNFCEND@October@  100106d4     libucrt:nlsdata.obj
 0002:000016dc       ??_C@_08HCHEGEOA@November@ 100106dc     libucrt:nlsdata.obj
 0002:000016e8       ??_C@_08EDHMEBNP@December@ 100106e8     libucrt:nlsdata.obj
 0002:000016f4       ??_C@_02DEDBPAFC@AM@       100106f4     libucrt:nlsdata.obj
 0002:000016f8       ??_C@_02CJNFDJBF@PM@       100106f8     libucrt:nlsdata.obj
 0002:000016fc       ??_C@_08BPBNCDIB@MM?1dd?1yy@ 100106fc     libucrt:nlsdata.obj
 0002:00001708       ??_C@_0BE@CKGJFCPC@dddd?0?5MMMM?5dd?0?5yyyy@ 10010708     libucrt:nlsdata.obj
 0002:0000171c       ??_C@_08JCCMCCIL@HH?3mm?3ss@ 1001071c     libucrt:nlsdata.obj
 0002:00001728       ??_C@_17MBGCMIPB@?$AAS?$AAu?$AAn@ 10010728     libucrt:nlsdata.obj
 0002:00001730       ??_C@_17KBOMKBF@?$AAM?$AAo?$AAn@ 10010730     libucrt:nlsdata.obj
 0002:00001738       ??_C@_17BMKGEGOJ@?$AAT?$AAu?$AAe@ 10010738     libucrt:nlsdata.obj
 0002:00001740       ??_C@_17CJEDCEPE@?$AAW?$AAe?$AAd@ 10010740     libucrt:nlsdata.obj
 0002:00001748       ??_C@_17PDPHAADD@?$AAT?$AAh?$AAu@ 10010748     libucrt:nlsdata.obj
 0002:00001750       ??_C@_17HFOLPPLP@?$AAF?$AAr?$AAi@ 10010750     libucrt:nlsdata.obj
 0002:00001758       ??_C@_17GGIBDPIH@?$AAS?$AAa?$AAt@ 10010758     libucrt:nlsdata.obj
 0002:00001760       ??_C@_1O@IHNHDHPB@?$AAS?$AAu?$AAn?$AAd?$AAa?$AAy@ 10010760     libucrt:nlsdata.obj
 0002:00001770       ??_C@_1O@MMNBFLIA@?$AAM?$AAo?$AAn?$AAd?$AAa?$AAy@ 10010770     libucrt:nlsdata.obj
 0002:00001780       ??_C@_1BA@ENFBFFEK@?$AAT?$AAu?$AAe?$AAs?$AAd?$AAa?$AAy@ 10010780     libucrt:nlsdata.obj
 0002:00001790       ??_C@_1BE@EBOGMDOH@?$AAW?$AAe?$AAd?$AAn?$AAe?$AAs?$AAd?$AAa?$AAy@ 10010790     libucrt:nlsdata.obj
 0002:000017a4       ??_C@_1BC@HHMNLIHE@?$AAT?$AAh?$AAu?$AAr?$AAs?$AAd?$AAa?$AAy@ 100107a4     libucrt:nlsdata.obj
 0002:000017b8       ??_C@_1O@PDICJHAG@?$AAF?$AAr?$AAi?$AAd?$AAa?$AAy@ 100107b8     libucrt:nlsdata.obj
 0002:000017c8       ??_C@_1BC@ENMNNPAJ@?$AAS?$AAa?$AAt?$AAu?$AAr?$AAd?$AAa?$AAy@ 100107c8     libucrt:nlsdata.obj
 0002:000017dc       ??_C@_17DKNBKCHM@?$AAJ?$AAa?$AAn@ 100107dc     libucrt:nlsdata.obj
 0002:000017e4       ??_C@_17LMDJEKJN@?$AAF?$AAe?$AAb@ 100107e4     libucrt:nlsdata.obj
 0002:000017ec       ??_C@_17CKNLEDEC@?$AAM?$AAa?$AAr@ 100107ec     libucrt:nlsdata.obj
 0002:000017f4       ??_C@_17LFPOIHDD@?$AAA?$AAp?$AAr@ 100107f4     libucrt:nlsdata.obj
 0002:000017fc       ??_C@_17PNNKMEED@?$AAM?$AAa?$AAy@ 100107fc     libucrt:nlsdata.obj
 0002:00001804       ??_C@_17KCJGOCPB@?$AAJ?$AAu?$AAn@ 10010804     libucrt:nlsdata.obj
 0002:0000180c       ??_C@_17IJPCKHK@?$AAJ?$AAu?$AAl@ 1001080c     libucrt:nlsdata.obj
 0002:00001814       ??_C@_17ICPELBCN@?$AAA?$AAu?$AAg@ 10010814     libucrt:nlsdata.obj
 0002:0000181c       ??_C@_17HCHCOKMG@?$AAS?$AAe?$AAp@ 1001081c     libucrt:nlsdata.obj
 0002:00001824       ??_C@_17FNLKOI@?$AAO?$AAc?$AAt@ 10010824     libucrt:nlsdata.obj
 0002:0000182c       ??_C@_17BBDMLCIG@?$AAN?$AAo?$AAv@ 1001082c     libucrt:nlsdata.obj
 0002:00001834       ??_C@_17EGKACKIF@?$AAD?$AAe?$AAc@ 10010834     libucrt:nlsdata.obj
 0002:0000183c       ??_C@_1BA@EFMEIEBA@?$AAJ?$AAa?$AAn?$AAu?$AAa?$AAr?$AAy@ 1001083c     libucrt:nlsdata.obj
 0002:0000184c       ??_C@_1BC@JGDDFFAM@?$AAF?$AAe?$AAb?$AAr?$AAu?$AAa?$AAr?$AAy@ 1001084c     libucrt:nlsdata.obj
 0002:00001860       ??_C@_1M@IKEENEDF@?$AAM?$AAa?$AAr?$AAc?$AAh@ 10010860     libucrt:nlsdata.obj
 0002:0000186c       ??_C@_1M@GJNLMHFD@?$AAA?$AAp?$AAr?$AAi?$AAl@ 1001086c     libucrt:nlsdata.obj
 0002:00001878       ??_C@_19EPFLPGAP@?$AAJ?$AAu?$AAn?$AAe@ 10010878     libucrt:nlsdata.obj
 0002:00001884       ??_C@_19BIFMLPCD@?$AAJ?$AAu?$AAl?$AAy@ 10010884     libucrt:nlsdata.obj
 0002:00001890       ??_C@_1O@PAHLKOAC@?$AAA?$AAu?$AAg?$AAu?$AAs?$AAt@ 10010890     libucrt:nlsdata.obj
 0002:000018a0       ??_C@_1BE@DKAAMBJL@?$AAS?$AAe?$AAp?$AAt?$AAe?$AAm?$AAb?$AAe?$AAr@ 100108a0     libucrt:nlsdata.obj
 0002:000018b4       ??_C@_1BA@EPANDLNG@?$AAO?$AAc?$AAt?$AAo?$AAb?$AAe?$AAr@ 100108b4     libucrt:nlsdata.obj
 0002:000018c4       ??_C@_1BC@BGLIFPF@?$AAN?$AAo?$AAv?$AAe?$AAm?$AAb?$AAe?$AAr@ 100108c4     libucrt:nlsdata.obj
 0002:000018d8       ??_C@_1BC@FEMKIFH@?$AAD?$AAe?$AAc?$AAe?$AAm?$AAb?$AAe?$AAr@ 100108d8     libucrt:nlsdata.obj
 0002:000018ec       ??_C@_15ODEHAHHF@?$AAA?$AAM@ 100108ec     libucrt:nlsdata.obj
 0002:000018f4       ??_C@_15CLMNNGEL@?$AAP?$AAM@ 100108f4     libucrt:nlsdata.obj
 0002:000018fc       ??_C@_1BC@IEBCMHCM@?$AAM?$AAM?$AA?1?$AAd?$AAd?$AA?1?$AAy?$AAy@ 100108fc     libucrt:nlsdata.obj
 0002:00001910       ??_C@_1CI@KNAKOEBC@?$AAd?$AAd?$AAd?$AAd?$AA?0?$AA?5?$AAM?$AAM?$AAM?$AAM?$AA?5?$AAd?$AAd?$AA?0?$AA?5@ 10010910     libucrt:nlsdata.obj
 0002:00001938       ??_C@_1BC@GDGBMEMK@?$AAH?$AAH?$AA?3?$AAm?$AAm?$AA?3?$AAs?$AAs@ 10010938     libucrt:nlsdata.obj
 0002:0000194c       ??_C@_1M@BMHNFIME@?$AAe?$AAn?$AA?9?$AAU?$AAS@ 1001094c     libucrt:nlsdata.obj
 0002:00001958       ___newctype                10010958     libucrt:ctype.obj
 0002:00001c58       ___newclmap                10010c58     libucrt:ctype.obj
 0002:00001dd8       ___newcumap                10010dd8     libucrt:ctype.obj
 0002:00002678       ??_C@_15EMKDOKLE@?$AAa?$AAr@ 10011678     libucrt:lcidtoname_downlevel.obj
 0002:00002680       ??_C@_15KNPADPLH@?$AAb?$AAg@ 10011680     libucrt:lcidtoname_downlevel.obj
 0002:00002688       ??_C@_15EDMHLDMO@?$AAc?$AAa@ 10011688     libucrt:lcidtoname_downlevel.obj
 0002:00002690       ??_C@_1O@BPEAJADD@?$AAz?$AAh?$AA?9?$AAC?$AAH?$AAS@ 10011690     libucrt:lcidtoname_downlevel.obj
 0002:000026a0       ??_C@_15LJNHCMNK@?$AAc?$AAs@ 100116a0     libucrt:lcidtoname_downlevel.obj
 0002:000026a8       ??_C@_15FOMCIDHG@?$AAd?$AAa@ 100116a8     libucrt:lcidtoname_downlevel.obj
 0002:000026b0       ??_C@_15NBKABECB@?$AAd?$AAe@ 100116b0     libucrt:lcidtoname_downlevel.obj
 0002:000026b8       ??_C@_15GHPEIIAO@?$AAe?$AAl@ 100116b8     libucrt:lcidtoname_downlevel.obj
 0002:000026c0       ??_C@_15MNPNEAIF@?$AAe?$AAn@ 100116c0     libucrt:lcidtoname_downlevel.obj
 0002:000026c8       ??_C@_15GPIOMPMH@?$AAe?$AAs@ 100116c8     libucrt:lcidtoname_downlevel.obj
 0002:000026d0       ??_C@_15NGLOAKJC@?$AAf?$AAi@ 100116d0     libucrt:lcidtoname_downlevel.obj
 0002:000026d8       ??_C@_15FBKGNKAM@?$AAf?$AAr@ 100116d8     libucrt:lcidtoname_downlevel.obj
 0002:000026e0       ??_C@_15KGGCNEFK@?$AAh?$AAe@ 100116e0     libucrt:lcidtoname_downlevel.obj
 0002:000026e8       ??_C@_15PGHLIDMF@?$AAh?$AAu@ 100116e8     libucrt:lcidtoname_downlevel.obj
 0002:000026f0       ??_C@_15BIEMAPLM@?$AAi?$AAs@ 100116f0     libucrt:lcidtoname_downlevel.obj
 0002:000026f8       ??_C@_15IFJLDHAF@?$AAi?$AAt@ 100116f8     libucrt:lcidtoname_downlevel.obj
 0002:00002700       ??_C@_15GEMIOCAG@?$AAj?$AAa@ 10011700     libucrt:lcidtoname_downlevel.obj
 0002:00002708       ??_C@_15EPELEGJA@?$AAk?$AAo@ 10011708     libucrt:lcidtoname_downlevel.obj
 0002:00002710       ??_C@_15NDDHIMN@?$AAn?$AAl@ 10011710     libucrt:lcidtoname_downlevel.obj
 0002:00002718       ??_C@_15BPIGNHCD@?$AAn?$AAo@ 10011718     libucrt:lcidtoname_downlevel.obj
 0002:00002720       ??_C@_15DEOPBLCG@?$AAp?$AAl@ 10011720     libucrt:lcidtoname_downlevel.obj
 0002:00002728       ??_C@_15KBECGEFG@?$AAp?$AAt@ 10011728     libucrt:lcidtoname_downlevel.obj
 0002:00002730       ??_C@_15GLJCBFMD@?$AAr?$AAo@ 10011730     libucrt:lcidtoname_downlevel.obj
 0002:00002738       ??_C@_15FEDGKCDI@?$AAr?$AAu@ 10011738     libucrt:lcidtoname_downlevel.obj
 0002:00002740       ??_C@_15GLKMLLHM@?$AAh?$AAr@ 10011740     libucrt:lcidtoname_downlevel.obj
 0002:00002748       ??_C@_15CPKMFBDB@?$AAs?$AAk@ 10011748     libucrt:lcidtoname_downlevel.obj
 0002:00002750       ??_C@_15BAAIOGMK@?$AAs?$AAq@ 10011750     libucrt:lcidtoname_downlevel.obj
 0002:00002758       ??_C@_15INNPNOHD@?$AAs?$AAv@ 10011758     libucrt:lcidtoname_downlevel.obj
 0002:00002760       ??_C@_15CABMMOGH@?$AAt?$AAh@ 10011760     libucrt:lcidtoname_downlevel.obj
 0002:00002768       ??_C@_15BPLIHJJM@?$AAt?$AAr@ 10011768     libucrt:lcidtoname_downlevel.obj
 0002:00002770       ??_C@_15NEOEKKDJ@?$AAu?$AAr@ 10011770     libucrt:lcidtoname_downlevel.obj
 0002:00002778       ??_C@_15NFICGAJK@?$AAi?$AAd@ 10011778     libucrt:lcidtoname_downlevel.obj
 0002:00002780       ??_C@_15PJPFLCCM@?$AAu?$AAk@ 10011780     libucrt:lcidtoname_downlevel.obj
 0002:00002788       ??_C@_15HPJPHDM@?$AAb?$AAe@ 10011788     libucrt:lcidtoname_downlevel.obj
 0002:00002790       ??_C@_15LCHLGJII@?$AAs?$AAl@ 10011790     libucrt:lcidtoname_downlevel.obj
 0002:00002798       ??_C@_15PCFJPHHO@?$AAe?$AAt@ 10011798     libucrt:lcidtoname_downlevel.obj
 0002:000027a0       ??_C@_15HPFPGODN@?$AAl?$AAv@ 100117a0     libucrt:lcidtoname_downlevel.obj
 0002:000027a8       ??_C@_15NFFGKGLG@?$AAl?$AAt@ 100117a8     libucrt:lcidtoname_downlevel.obj
 0002:000027b0       ??_C@_15BDAKCCHN@?$AAf?$AAa@ 100117b0     libucrt:lcidtoname_downlevel.obj
 0002:000027b8       ??_C@_15NFGIAIAJ@?$AAv?$AAi@ 100117b8     libucrt:lcidtoname_downlevel.obj
 0002:000027c0       ??_C@_15LMKNDMHN@?$AAh?$AAy@ 100117c0     libucrt:lcidtoname_downlevel.obj
 0002:000027c8       ??_C@_15IJBHMCFL@?$AAa?$AAz@ 100117c8     libucrt:lcidtoname_downlevel.obj
 0002:000027d0       ??_C@_15EKOFJABL@?$AAe?$AAu@ 100117d0     libucrt:lcidtoname_downlevel.obj
 0002:000027d8       ??_C@_15BGHADCNK@?$AAm?$AAk@ 100117d8     libucrt:lcidtoname_downlevel.obj
 0002:000027e0       ??_C@_15JDNICKHM@?$AAa?$AAf@ 100117e0     libucrt:lcidtoname_downlevel.obj
 0002:000027e8       ??_C@_15KPJEDBKD@?$AAk?$AAa@ 100117e8     libucrt:lcidtoname_downlevel.obj
 0002:000027f0       ??_C@_15PDNFFFEO@?$AAf?$AAo@ 100117f0     libucrt:lcidtoname_downlevel.obj
 0002:000027f8       ??_C@_15OMLEGLOC@?$AAh?$AAi@ 100117f8     libucrt:lcidtoname_downlevel.obj
 0002:00002800       ??_C@_15IDNNENKK@?$AAm?$AAs@ 10011800     libucrt:lcidtoname_downlevel.obj
 0002:00002808       ??_C@_15MACJNBMH@?$AAk?$AAk@ 10011808     libucrt:lcidtoname_downlevel.obj
 0002:00002810       ??_C@_15DKDJEOND@?$AAk?$AAy@ 10011810     libucrt:lcidtoname_downlevel.obj
 0002:00002818       ??_C@_15DFGDLJBG@?$AAs?$AAw@ 10011818     libucrt:lcidtoname_downlevel.obj
 0002:00002820       ??_C@_15BBFAICNG@?$AAu?$AAz@ 10011820     libucrt:lcidtoname_downlevel.obj
 0002:00002828       ??_C@_15DKNDCGEA@?$AAt?$AAt@ 10011828     libucrt:lcidtoname_downlevel.obj
 0002:00002830       ??_C@_15MGIFMDPL@?$AAp?$AAa@ 10011830     libucrt:lcidtoname_downlevel.obj
 0002:00002838       ??_C@_15HCNDBBA@?$AAg?$AAu@ 10011838     libucrt:lcidtoname_downlevel.obj
 0002:00002840       ??_C@_15FNBEIBON@?$AAt?$AAa@ 10011840     libucrt:lcidtoname_downlevel.obj
 0002:00002848       ??_C@_15NCHGBGLK@?$AAt?$AAe@ 10011848     libucrt:lcidtoname_downlevel.obj
 0002:00002850       ??_C@_15PHPHCBPF@?$AAk?$AAn@ 10011850     libucrt:lcidtoname_downlevel.obj
 0002:00002858       ??_C@_15DLGBCKMP@?$AAm?$AAr@ 10011858     libucrt:lcidtoname_downlevel.obj
 0002:00002860       ??_C@_15EABBLBFF@?$AAs?$AAa@ 10011860     libucrt:lcidtoname_downlevel.obj
 0002:00002868       ??_C@_15CBKOMCOI@?$AAm?$AAn@ 10011868     libucrt:lcidtoname_downlevel.obj
 0002:00002870       ??_C@_15CKDMCJAF@?$AAg?$AAl@ 10011870     libucrt:lcidtoname_downlevel.obj
 0002:00002878       ??_C@_17CNJFBPG@?$AAk?$AAo?$AAk@ 10011878     libucrt:lcidtoname_downlevel.obj
 0002:00002880       ??_C@_17FFBJICPL@?$AAs?$AAy?$AAr@ 10011880     libucrt:lcidtoname_downlevel.obj
 0002:00002888       ??_C@_17KPNDCPAF@?$AAd?$AAi?$AAv@ 10011888     libucrt:lcidtoname_downlevel.obj
 0002:00002890       ??_C@_11LOCGONAA@@         10011890     libucrt:lcidtoname_downlevel.obj
 0002:00002894       ??_C@_1M@OKAHONE@?$AAa?$AAr?$AA?9?$AAS?$AAA@ 10011894     libucrt:lcidtoname_downlevel.obj
[...]
 0002:000041be       One                        100131be     libucrt:87disp.obj
 0002:000041c6       Three                      100131c6     libucrt:87disp.obj
 0002:000041ce       XAMtoTagTab                100131ce     libucrt:87disp.obj
 0002:000041e0       One                        100131e0     libucrt:common.obj
 0002:000041f4       DblMax                     100131f4     libucrt:common.obj
 0002:000041fc       DblMin                     100131fc     libucrt:common.obj
 0002:00004204       IeeeAdjO                   10013204     libucrt:common.obj
 0002:0000420c       IeeeAdjU                   1001320c     libucrt:common.obj
 0002:00004214       _infinity                  10013214     libucrt:common.obj
 0002:0000421c       _zero                      1001321c     libucrt:common.obj
 0002:00004258       _over                      10013258     libucrt:fpctrl.obj
 0002:00004264       _under                     10013264     libucrt:fpctrl.obj
 0002:00004a98       ?_names@?1??_get_fname@@9@9 10013a98     libucrt:fpexcept.obj
 0002:00004c40       two32                      10013c40     LIBCMT:ftol2.obj
 0002:00004c44       two63                      10013c44     LIBCMT:ftol2.obj
 0002:00004c48       _NaN                       10013c48     LIBCMT:ftol2.obj
 0002:00004d70       ?FarGuid@@3U_GUID@@B       10013d70     EditCase.obj
 0002:00004ef8       ?ntdll@modules@@3QB_WB     10013ef8     vc_crt_fix_impl.obj
 0002:00004f04       ?kernel32@modules@@3QB_WB  10013f04     vc_crt_fix_impl.obj
 0002:00005438       __ehfuncinfo$_SetStartupInfoW@4 10014438     EditCase.obj
 0002:0000545c       __unwindtable$_SetStartupInfoW@4 1001445c     EditCase.obj
 0002:00005468       __sehtable$___scrt_is_nonwritable_in_current_image 10014468     LIBCMT:utility.obj
 0002:00005488       __sehtable$?dllmain_crt_process_attach@@YAHQAUHINSTANCE__@@QAX@Z 10014488     LIBCMT:dll_dllmain.obj
 0002:000054a8       __sehtable$?dllmain_crt_process_detach@@YAH_N@Z 100144a8     LIBCMT:dll_dllmain.obj
 0002:000054d0       __sehtable$?dllmain_dispatch@@YAHQAUHINSTANCE__@@KQAX@Z 100144d0     LIBCMT:dll_dllmain.obj
 0002:000054f0       __sehtable$___DestructExceptionObject 100144f0     libvcruntime:ehhelpers.obj
 0002:00005510       __sehtable$?FrameUnwindToState@__FrameHandler3@@SAXPAUEHRegistrationNode@@PAXPBU_s_FuncInfo@@H@Z 10014510     libvcruntime:frame.obj
 0002:00005538       __sehtable$?CallCatchBlock@@YAPAXPAUEHExceptionRecord@@PAUEHRegistrationNode@@PAU_CONTEXT@@PBU_s_FuncInfo@@PAXHK@Z 10014538     libvcruntime:frame.obj
 0002:00005560       __catchsym$?CallUnexpected@@YAXPBU_s_ESTypeList@@@Z$2 10014560     libvcruntime:frame.obj
 0002:00005570       __unwindtable$?CallUnexpected@@YAXPBU_s_ESTypeList@@@Z 10014570     libvcruntime:frame.obj
 0002:00005580       __tryblocktable$?CallUnexpected@@YAXPBU_s_ESTypeList@@@Z 10014580     libvcruntime:frame.obj
 0002:00005594       __ehfuncinfo$?CallUnexpected@@YAXPBU_s_ESTypeList@@@Z 10014594     libvcruntime:frame.obj
 0002:000055b8       __sehtable$??$BuildCatchObjectHelperInternal@V__FrameHandler3@@@@YAHPAUEHExceptionRecord@@PAXPBU_s_HandlerType@@PBU_s_CatchableType@@@Z 100145b8     libvcruntime:frame.obj
 0002:000055d8       __sehtable$??$BuildCatchObjectInternal@V__FrameHandler3@@@@YAXPAUEHExceptionRecord@@PAXPBU_s_HandlerType@@PBU_s_CatchableType@@@Z 100145d8     libvcruntime:frame.obj
 0002:00005648       __sehtable$??R<lambda_6e4b09c48022b2350581041d5f6b0c4c>@@QBE@XZ 10014648     libucrt:exit.obj
 0002:00005668       __sehtable$??$?RV<lambda_03b1d95aef87969028cfba75ccab2455>@@AAV<lambda_6e4b09c48022b2350581041d5f6b0c4c>@@V<lambda_22bdf7517842c4b3e53723af5aa32b9e>@@@?$__crt_seh_guarded_call@X@@QAEX$$QAV<lambda_03b1d95aef87969028cfba75ccab2455>@@AAV<lambda_6e4b09c48022b2350581041d5f6b0c4c>@@$$QAV<lambda_22bdf7517842c4b3e53723af5aa32b9e>@@@Z 10014668     libucrt:exit.obj
 0002:00005688       __sehtable$??$?RV<lambda_8e746cf0007f6ed984d6f78af1fec997>@@AAV<lambda_22ebabd17bc4fa466a2aca6d8deb888d>@@V<lambda_18ed0c0b38a6dc0daf1e7ac6d6adf05e>@@@?$__crt_seh_guarded_call@H@@QAEH$$QAV<lambda_8e746cf0007f6ed984d6f78af1fec997>@@AAV<lambda_22ebabd17bc4fa466a2aca6d8deb888d>@@$$QAV<lambda_18ed0c0b38a6dc0daf1e7ac6d6adf05e>@@@Z 10014688     libucrt:onexit.obj
 0002:000056a8       __sehtable$??$?RV<lambda_69a2805e680e0e292e8ba93315fe43a8>@@AAV<lambda_f03950bc5685219e0bcd2087efbe011e>@@V<lambda_03fcd07e894ec930e3f35da366ca99d6>@@@?$__crt_seh_guarded_call@H@@QAEH$$QAV<lambda_69a2805e680e0e292e8ba93315fe43a8>@@AAV<lambda_f03950bc5685219e0bcd2087efbe011e>@@$$QAV<lambda_03fcd07e894ec930e3f35da366ca99d6>@@@Z 100146a8     libucrt:onexit.obj
 0002:000056c8       __sehtable$_terminate      100146c8     libucrt:terminate.obj
 0002:000056e8       __sehtable$??$?RV<lambda_15ade71b0218206bbe3333a0c9b79046>@@AAV<lambda_da44e0f8b0f19ba52fefafb335991732>@@V<lambda_207f2d024fc103971653565357d6cd41>@@@?$__crt_seh_guarded_call@X@@QAEX$$QAV<lambda_15ade71b0218206bbe3333a0c9b79046>@@AAV<lambda_da44e0f8b0f19ba52fefafb335991732>@@$$QAV<lambda_207f2d024fc103971653565357d6cd41>@@@Z 100146e8     libucrt:per_thread_data.obj
 0002:00005708       __sehtable$??$?RV<lambda_a7e850c220f1c8d1e6efeecdedd162c6>@@AAV<lambda_46720907175c18b6c9d2717bc0d2d362>@@V<lambda_9048902d66e8d99359bc9897bbb930a8>@@@?$__crt_seh_guarded_call@X@@QAEX$$QAV<lambda_a7e850c220f1c8d1e6efeecdedd162c6>@@AAV<lambda_46720907175c18b6c9d2717bc0d2d362>@@$$QAV<lambda_9048902d66e8d99359bc9897bbb930a8>@@@Z 10014708     libucrt:per_thread_data.obj
 0002:00005728       __sehtable$??$?RV<lambda_38edbb1296d33220d7e4dd0ed76b244a>@@AAV<lambda_5ce1d447e08cb34b2473517608e21441>@@V<lambda_fb385d3da700c9147fc39e65dd577a8c>@@@?$__crt_seh_guarded_call@X@@QAEX$$QAV<lambda_38edbb1296d33220d7e4dd0ed76b244a>@@AAV<lambda_5ce1d447e08cb34b2473517608e21441>@@$$QAV<lambda_fb385d3da700c9147fc39e65dd577a8c>@@@Z 10014728     libucrt:per_thread_data.obj
 0002:00005748       __sehtable$??$?RV<lambda_6affb1475c98b40b75cdec977db92e3c>@@AAV<lambda_b8d4b9c228a6ecc3f80208dbb4b4a104>@@V<lambda_608742c3c92a14382c1684fc64f96c88>@@@?$__crt_seh_guarded_call@X@@QAEX$$QAV<lambda_6affb1475c98b40b75cdec977db92e3c>@@AAV<lambda_b8d4b9c228a6ecc3f80208dbb4b4a104>@@$$QAV<lambda_608742c3c92a14382c1684fc64f96c88>@@@Z 10014748     libucrt:per_thread_data.obj
 0002:00005768       __sehtable$?update_thread_multibyte_data_internal@@YAPAU__crt_multibyte_data@@QAU__acrt_ptd@@QAPAU1@@Z 10014768     libucrt:mbctype.obj
 0002:00005788       __sehtable$??$?RV<lambda_ceb1ee4838e85a9d631eb091e2fbe199>@@AAV<lambda_ae742caa10f662c28703da3d2ea5e57e>@@V<lambda_cd08b5d6af4937fe54fc07d0c9bf6b37>@@@?$__crt_seh_guarded_call@X@@QAEX$$QAV<lambda_ceb1ee4838e85a9d631eb091e2fbe199>@@AAV<lambda_ae742caa10f662c28703da3d2ea5e57e>@@$$QAV<lambda_cd08b5d6af4937fe54fc07d0c9bf6b37>@@@Z 10014788     libucrt:mbctype.obj
 0002:000057a8       __sehtable$___acrt_initialize_lowio 100147a8     libucrt:ioinit.obj
 0002:000057c8       __sehtable$__query_new_handler 100147c8     libucrt:new_handler.obj
 0002:000057e8       __sehtable$_raise          100147e8     libucrt:signal.obj
 0002:00005808       __sehtable$??$?RV<lambda_cbab9ec6f41b0180b23cc171c22676b0>@@AAV<lambda_44731a7d0e6d81c3e6aa82d741081786>@@V<lambda_4b292cb8dd18144e164572427af410ab>@@@?$__crt_seh_guarded_call@P6AXH@Z@@QAEP6AXH@Z$$QAV<lambda_cbab9ec6f41b0180b23cc171c22676b0>@@AAV<lambda_44731a7d0e6d81c3e6aa82d741081786>@@$$QAV<lambda_4b292cb8dd18144e164572427af410ab>@@@Z 10014808     libucrt:signal.obj
 0002:00005828       __sehtable$??$?RV<lambda_2866be3712abc81a800a822484c830d8>@@AAV<lambda_39ca0ed439415581b5b15c265174cece>@@V<lambda_2b24c74d71094a6cd0cb82e44167d71b>@@@?$__crt_seh_guarded_call@X@@QAEX$$QAV<lambda_2866be3712abc81a800a822484c830d8>@@AAV<lambda_39ca0ed439415581b5b15c265174cece>@@$$QAV<lambda_2b24c74d71094a6cd0cb82e44167d71b>@@@Z 10014828     libucrt:fflush.obj
 0002:00005848       __sehtable$??$?RV<lambda_2cc53f568c5a2bb6f192f930a45d44ea>@@AAV<lambda_ab61a845afdef5b7c387490eaf3616ee>@@V<lambda_c2ffc0b7726aa6be21d5f0026187e748>@@@?$__crt_seh_guarded_call@X@@QAEX$$QAV<lambda_2cc53f568c5a2bb6f192f930a45d44ea>@@AAV<lambda_ab61a845afdef5b7c387490eaf3616ee>@@$$QAV<lambda_c2ffc0b7726aa6be21d5f0026187e748>@@@Z 10014848     libucrt:fflush.obj
 0002:00005868       __sehtable$??$?RV<lambda_e5124f882df8998aaf41531e079ba474>@@AAV<lambda_3e16ef9562a7dcce91392c22ab16ea36>@@V<lambda_e25ca0880e6ef98be67edffd8c599615>@@@?$__crt_seh_guarded_call@X@@QAEX$$QAV<lambda_e5124f882df8998aaf41531e079ba474>@@AAV<lambda_3e16ef9562a7dcce91392c22ab16ea36>@@$$QAV<lambda_e25ca0880e6ef98be67edffd8c599615>@@@Z 10014868     libucrt:wsetlocale.obj
 0002:00005888       __sehtable$___acrt_update_thread_locale_data 10014888     libucrt:locale_refcounting.obj
 0002:000058a8       __sehtable$___acrt_lowio_ensure_fh_exists 100148a8     libucrt:osfinfo.obj
 0002:000058c8       __sehtable$??$?RV<lambda_9e9de3de5fa147e2223d7db92bc10aa6>@@AAV<lambda_38ce7e780aa69e748d6df282ebc68efe>@@V<lambda_8ca6da459f0f6780f1cff60fdc3d00e5>@@@?$__crt_seh_guarded_call@H@@QAEH$$QAV<lambda_9e9de3de5fa147e2223d7db92bc10aa6>@@AAV<lambda_38ce7e780aa69e748d6df282ebc68efe>@@$$QAV<lambda_8ca6da459f0f6780f1cff60fdc3d00e5>@@@Z 100148c8     libucrt:commit.obj
 0002:000058e8       __sehtable$__write         100148e8     libucrt:write.obj
 0002:00005908       __sehtable$__fcloseall     10014908     libucrt:closeall.obj
 0002:00005928       __sehtable$_fclose         10014928     libucrt:fclose.obj
 0002:00005948       __sehtable$??$?RV<lambda_218ce3db14220d0be481dae8ef3383b6>@@AAV<lambda_628dfdc04ba53c8bfc02c9951375f3f5>@@V<lambda_57dc472bd5c9d5f3b2cbca59b8a843ae>@@@?$__crt_seh_guarded_call@H@@QAEH$$QAV<lambda_218ce3db14220d0be481dae8ef3383b6>@@AAV<lambda_628dfdc04ba53c8bfc02c9951375f3f5>@@$$QAV<lambda_57dc472bd5c9d5f3b2cbca59b8a843ae>@@@Z 10014948     libucrt:close.obj
 0002:00005968       __sehtable$__IsNonwritableInCurrentImage 10014968     LIBCMT:pesect.obj
 0002:00005990       .edata                     10014990     EditCase.exp
 0002:000059b8       rgpv                       100149b8     EditCase.exp
 0002:000059cc       rgszName                   100149cc     EditCase.exp
 0002:000059e0       rgwOrd                     100149e0     EditCase.exp
 0002:000059ea       szName                     100149ea     EditCase.exp
 0002:000059f7       $N00001                    100149f7     EditCase.exp
 0002:00005a00       $N00002                    10014a00     EditCase.exp
 0002:00005a0f       $N00003                    10014a0f     EditCase.exp
 0002:00005a1e       $N00004                    10014a1e     EditCase.exp
 0002:00005a24       $N00005                    10014a24     EditCase.exp
 0002:00005ce0       .idata$6                   10014ce0     kernel32:KERNEL32.dll
 0003:00000010       ?__vcrt_flsindex@@3KA      10016010     libvcruntime:per_thread_data.obj
 0003:00000040       ?__acrt_flsindex@@3KA      10016040     libucrt:per_thread_data.obj
 0003:00000044       ?errno_no_memory@@3HA      10016044     libucrt:errno.obj
 0003:00000048       ?doserrno_no_memory@@3KA   10016048     libucrt:errno.obj
 0003:00000270       __mbctypes                 10016270     libucrt:mbctype.obj
 0003:00000378       __mbcasemaps               10016378     libucrt:mbctype.obj
 0003:00000478       ?__rgctypeflag@@3PADA      10016478     libucrt:mbctype.obj
 0003:00000480       ?__rgcode_page_info@@3PAUcode_page_info@@A 10016480     libucrt:mbctype.obj
 0003:00000840       ?__dcrt_lowio_console_output_handle@@3PAXA 10016840     libucrt:initcon.obj
 0003:00000860       ?CmdName@?BD@??OpenW@@9@4@4PAU<unnamed-type-CmdName>@?BD@??1@YGPAXPBUOpenInfo@@@Z@A 10016860     EditCase.obj
 0003:000008f8       ?is_initialized_as_dll@@3_NA 100168f8     LIBCMT:utility.obj
 0003:000008f9       ?module_local_atexit_table_initialized@@3_NA 100168f9     LIBCMT:utility.obj
 0003:000008fc       ?module_local_atexit_table@@3U_onexit_table_t@@A 100168fc     LIBCMT:utility.obj
 0003:00000908       ?module_local_at_quick_exit_table@@3U_onexit_table_t@@A 10016908     LIBCMT:utility.obj
 0003:00000914       ?__proc_attached@@3HA      10016914     LIBCMT:dll_dllmain.obj
 0003:00000918       _GS_ExceptionRecord        10016918     LIBCMT:gs_report.obj
 0003:00000968       _GS_ContextRecord          10016968     LIBCMT:gs_report.obj
 0003:00000c5c       ?__vcrt_startup_thread_ptd@@3U__vcrt_ptd@@A 10016c5c     libvcruntime:per_thread_data.obj
 0003:00000c84       ___vcrt_lock_table         10016c84     libvcruntime:locks.obj
 0003:00000c9c       ___vcrt_locks_initialized  10016c9c     libvcruntime:locks.obj
 0003:00000cc8       ?heap@@3V_HeapManager@@A   10016cc8     libvcruntime:undname.obj
 0003:00000cdc       ?module_handles@@3PAPAUHINSTANCE__@@A 10016cdc     libvcruntime:winapi_downlevel.obj
 0003:00000ce8       ?function_pointers@@3PAPAXA 10016ce8     libvcruntime:winapi_downlevel.obj
 0003:00000d00       ?c_termination_complete@@3JA 10016d00     libucrt:exit.obj
 0003:00000d04       ?thread_local_exit_callback_func@@3P6GXPAXK0@ZA 10016d04     libucrt:exit.obj
 0003:00000d10       ?program_name@?1???$common_configure_argv@D@@YAHW4_crt_argv_mode@@@Z@4PADA 10016d10     libucrt:argv_parsing.obj
 0003:00000e40       ?__acrt_lock_table@@3PAU_RTL_CRITICAL_SECTION@@A 10016e40     libucrt:locks.obj
 0003:00000f90       ?__acrt_locks_initialized@@3IA 10016f90     libucrt:locks.obj
 0003:00000f94       ?__acrt_invalid_parameter_handler@@3V?$dual_state_global@P6AXPB_W00II@Z@__crt_state_management@@A 10016f94     libucrt:invalid_parameter.obj
 0003:00000fa4       ?fSystemSet@@3HA           10016fa4     libucrt:mbctype.obj
 0003:00000fa8       ?initialized@?1??__acrt_initialize_multibyte@@9@4_NA 10016fa8     libucrt:mbctype.obj
 0003:00000fc8       ?module_handles@@3PAPAUHINSTANCE__@@A 10016fc8     libucrt:winapi_thunks.obj
 0003:00001018       ?encoded_function_pointers@@3PAPAXA 10017018     libucrt:winapi_thunks.obj
 0003:000012ac       ?__acrt_new_handler@@3V?$dual_state_global@P6AHI@Z@__crt_state_management@@A 100172ac     libucrt:new_handler.obj
 0003:000012b0       ?ctrlc_action@@3V?$dual_state_global@P6AXH@Z@__crt_state_management@@A 100172b0     libucrt:signal.obj
 0003:000012b4       ?ctrlbreak_action@@3V?$dual_state_global@P6AXH@Z@__crt_state_management@@A 100172b4     libucrt:signal.obj
 0003:000012b8       ?abort_action@@3V?$dual_state_global@P6AXH@Z@__crt_state_management@@A 100172b8     libucrt:signal.obj
 0003:000012bc       ?term_action@@3V?$dual_state_global@P6AXH@Z@__crt_state_management@@A 100172bc     libucrt:signal.obj
 0003:000012c0       ?user_matherr@@3V?$dual_state_global@P6AHPAU_exception@@@Z@__crt_state_management@@A 100172c0     libucrt:matherr.obj
 0003:000012d8       ?internal_state@?1??_mbtowc_l@@9@4U_Mbstatet@@A 100172d8     libucrt:mbtowc.obj
 0003:000012e4       ?__acrt_global_new_mode@@3V?$dual_state_global@J@__crt_state_management@@A 100172e4     libucrt:new_mode.obj
 0003:000012f0       ?__acrt_app_type@@3W4_crt_app_type@@A 100172f0     libucrt:report_runtime_error.obj
 0003:000012f4       ?internal_pst@?1??__mbrtoc32_utf8@__crt_mbstring@@YAIPA_UPBDIPAU_Mbstatet@@@Z@4U3@A 100172f4     libucrt:mbrtoc32.obj
 0003:00001300       __pmatherr_set             10017300     libucrt:libm_error.obj
 0003:00001308       ?WordDivLen@@3HA           10017308     EditCase.obj
 0003:0000130c       ?WordDiv@@3PA_WA           1001730c     EditCase.obj
 0003:00001310       ?FSF@@3UFarStandardFunctions@@A 10017310     EditCase.obj
 0003:000013d8       ?PsInfo@@3UPluginStartupInfo@@A 100173d8     EditCase.obj
 0003:00001464       ?PluginMenuStrings@?1??GetPluginInfoW@@9@4@4PAPB_WA 10017464     EditCase.obj
 0003:00001468       ?Function@?1??RtlFirstEntrySListWrapper@@9@4@4Q6GPAU_SINGLE_LIST_ENTRY@@PAT_SLIST_HEADER@@@ZA 10017468     vc_crt_fix_impl.obj
 0003:0000146c       ?$S17@?1??CompareStringExWrapper@@9@36@4IA 1001746c     vc_crt_fix_impl.obj
 0003:00001470       ?Cookie@?1??XorPointer@@YAPAXPAX@Z@4IB 10017470     vc_crt_fix_impl.obj
 0003:00001474       ?$S1@?1??XorPointer@@YAPAXPAX@Z@4IA 10017474     vc_crt_fix_impl.obj
 0003:00001478       ?Function@?1??CompareStringExWrapper@@9@36@4Q6GHPB_WK0H0HPAU_nlsversioninfo@@PAXJ@ZA 10017478     vc_crt_fix_impl.obj
 0003:0000147c       ?Function@?1??InterlockedPushEntrySListWrapper@@9@8@4Q6GPAU_SINGLE_LIST_ENTRY@@PAT_SLIST_HEADER@@PAU2@@ZA 1001747c     vc_crt_fix_impl.obj
 0003:00001480       ?Function@?1??EncodePointerWrapper@@9@4@4Q6GPAXPAX@ZA 10017480     vc_crt_fix_impl.obj
 0003:00001484       ?Function@?1??DecodePointerWrapper@@9@4@4Q6GPAXPAX@ZA 10017484     vc_crt_fix_impl.obj
 0003:00001488       ?Function@?1??QueryDepthSListWrapper@@9@4@4Q6GGPAT_SLIST_HEADER@@@ZA 10017488     vc_crt_fix_impl.obj
 0003:0000148c       ?$S9@?1??InterlockedPushEntrySListWrapper@@9@8@4IA 1001748c     vc_crt_fix_impl.obj
 0003:00001490       ?$S11@?1??RtlFirstEntrySListWrapper@@9@4@4IA 10017490     vc_crt_fix_impl.obj
 0003:00001494       ?$S12@?1??QueryDepthSListWrapper@@9@4@4IA 10017494     vc_crt_fix_impl.obj
 0003:000014a0       ?Deleter@?1??InitializeSListHead@implementation@slist@@YGXPAT_SLIST_HEADER@@@Z@4Vservice_deleter@23@A 100174a0     vc_crt_fix_impl.obj
 0003:000014c0       ?$S15@?1??SetThreadStackGuaranteeWrapper@@9@4@4IA 100174c0     vc_crt_fix_impl.obj
 0003:000014c4       ?Function@?1??SetThreadStackGuaranteeWrapper@@9@4@4Q6GHPAK@ZA 100174c4     vc_crt_fix_impl.obj
 0003:000014c8       ?Function@?1??LCMapStringExWrapper@@9@36@4Q6GHPB_WK0HPA_WHPAU_nlsversioninfo@@PAXJ@ZA 100174c8     vc_crt_fix_impl.obj
 0003:000014cc       ?$S3@?1??DecodePointerWrapper@@9@4@4IA 100174cc     vc_crt_fix_impl.obj
 0003:000014d0       ?Function@?1??InterlockedPushListSListExWrapper@@9@16@4Q6GPAU_SINGLE_LIST_ENTRY@@PAT_SLIST_HEADER@@PAU2@1K@ZA 100174d0     vc_crt_fix_impl.obj
 0003:000014d4       ?Function@?1??GetModuleHandleExWWrapper@@9@12@4Q6GHKPB_WPAPAUHINSTANCE__@@@ZA 100174d4     vc_crt_fix_impl.obj
 0003:000014d8       ?$S2@?1??EncodePointerWrapper@@9@4@4IA 100174d8     vc_crt_fix_impl.obj
 0003:000014dc       ?Function@?1??GetLogicalProcessorInformationWrapper@@9@8@4Q6GHPAU_SYSTEM_LOGICAL_PROCESSOR_INFORMATION@@PAK@ZA 100174dc     vc_crt_fix_impl.obj
 0003:000014e0       ?$S18@?1??LCMapStringExWrapper@@9@36@4IA 100174e0     vc_crt_fix_impl.obj
 0003:000014e4       ?$S6@?1??InitializeSListHeadWrapper@@9@4@4IA 100174e4     vc_crt_fix_impl.obj
 0003:000014e8       ?Function@?1??InitializeCriticalSectionExWrapper@@9@12@4Q6GHPAU_RTL_CRITICAL_SECTION@@KK@ZA 100174e8     vc_crt_fix_impl.obj
 0003:000014ec       ?Function@?1??InterlockedFlushSListWrapper@@9@4@4Q6GPAU_SINGLE_LIST_ENTRY@@PAT_SLIST_HEADER@@@ZA 100174ec     vc_crt_fix_impl.obj
 0003:000014f0       ?$S14@?1??GetLogicalProcessorInformationWrapper@@9@8@4IA 100174f0     vc_crt_fix_impl.obj
 0003:000014f4       ?$S13@?1??GetNumaHighestNodeNumberWrapper@@9@4@4IA 100174f4     vc_crt_fix_impl.obj
 0003:000014f8       ?Function@?1??InterlockedPopEntrySListWrapper@@9@4@4Q6GPAU_SINGLE_LIST_ENTRY@@PAT_SLIST_HEADER@@@ZA 100174f8     vc_crt_fix_impl.obj
 0003:000014fc       ?Function@?1??InitializeSListHeadWrapper@@9@4@4Q6GXPAT_SLIST_HEADER@@@ZA 100174fc     vc_crt_fix_impl.obj
 0003:00001500       ?$S8@?1??InterlockedPopEntrySListWrapper@@9@4@4IA 10017500     vc_crt_fix_impl.obj
 0003:00001504       ?$S5@?1??InitializeSListHead@implementation@slist@@YGXPAT_SLIST_HEADER@@@Z@4IA 10017504     vc_crt_fix_impl.obj
 0003:00001508       ?$S7@?1??InterlockedFlushSListWrapper@@9@4@4IA 10017508     vc_crt_fix_impl.obj
 0003:0000150c       ?$S10@?1??InterlockedPushListSListExWrapper@@9@16@4IA 1001750c     vc_crt_fix_impl.obj
 0003:00001510       ?$S16@?1??InitializeCriticalSectionExWrapper@@9@12@4IA 10017510     vc_crt_fix_impl.obj
 0003:00001514       ?$S4@?1??GetModuleHandleExWWrapper@@9@12@4IA 10017514     vc_crt_fix_impl.obj
 0003:0000151c       ?Function@?1??GetNumaHighestNodeNumberWrapper@@9@4@4Q6GHPAK@ZA 1001751c     vc_crt_fix_impl.obj
 0004:00000060       $R000000                   10018060     EditCase.res
