 AutoWrap

 Timestamp is 6146aa53 (Sun Sep 19 04:11:15 2021)

 Preferred load address is 10000000

 Start         Length     Name                   Class
 0001:00000000 0000e670H .text$mn                CODE
 0001:0000e670 00000080H .text$x                 CODE
 0001:0000e6f0 0000003dH .text$yd                CODE
 0002:00000000 00000114H .idata$5                DATA
 0002:00000114 00000004H .00cfg                  DATA
 0002:00000118 00000004H .CRT$XCA                DATA
 0002:0000011c 00000004H .CRT$XCZ                DATA
 0002:00000120 00000004H .CRT$XIA                DATA
 0002:00000124 0000000cH .CRT$XIC                DATA
 0002:00000130 00000004H .CRT$XIZ                DATA
 0002:00000134 00000004H .CRT$XPA                DATA
 0002:00000138 00000008H .CRT$XPX                DATA
 0002:00000140 00000004H .CRT$XPXA               DATA
 0002:00000144 00000004H .CRT$XPZ                DATA
 0002:00000148 00000004H .CRT$XTA                DATA
 0002:0000014c 00000004H .CRT$XTZ                DATA
 0002:00000150 00000000H .gfids$y                DATA
 0002:00000150 000050fcH .rdata                  DATA
 0002:0000524c 00000294H .rdata$r                DATA
 0002:000054e0 00000020H .rdata$sxdata           DATA
 0002:00005500 0000030cH .rdata$zzzdbg           DATA
 0002:0000580c 00000004H .rtc$IAA                DATA
 0002:00005810 00000004H .rtc$IZZ                DATA
 0002:00005814 00000004H .rtc$TAA                DATA
 0002:00005818 00000008H .rtc$TZZ                DATA
 0002:00005820 00000600H .xdata$x                DATA
 0002:00005e20 000000b0H .edata                  DATA
 0002:00005ed0 00000014H .idata$2                DATA
 0002:00005ee4 00000014H .idata$3                DATA
 0002:00005ef8 00000114H .idata$4                DATA
 0002:0000600c 000004e6H .idata$6                DATA
 0003:00000000 00000860H .data                   DATA
 0003:00000860 00000130H .data$r                 DATA
 0003:00000990 00001450H .bss                    DATA
 0004:00000000 00000060H .rsrc$01                DATA
 0004:00000060 00000338H .rsrc$02                DATA

  Address         Publics by Value              Rva+Base       Lib:Object

 0000:00000000       ___guard_iat_count         00000000     <absolute>
 0000:00000000       ___guard_longjmp_count     00000000     <absolute>
 0000:00000000       __except_list              00000000     <absolute>
 0000:00000000       ___guard_fids_count        00000000     <absolute>
 0000:00000000       ___guard_longjmp_table     00000000     <absolute>
 0000:00000000       ___hybrid_code_map_count   00000000     <absolute>
 0000:00000000       ___hybrid_auxiliary_iat    00000000     <absolute>
 0000:00000000       ___dynamic_value_reloc_table 00000000     <absolute>
 0000:00000000       ___guard_fids_table        00000000     <absolute>
 0000:00000000       ___guard_iat_table         00000000     <absolute>
 0000:00000000       ___volatile_metadata       00000000     <absolute>
 0000:00000000       ___AbsoluteZero            00000000     <absolute>
 0000:00000000       ___enclave_config          00000000     <absolute>
 0000:00000000       ___hybrid_code_map         00000000     <absolute>
 0000:00000008       ___safe_se_handler_count   00000008     <absolute>
 0000:00000100       ___guard_flags             00000100     <absolute>
 0000:00000000       ___ImageBase               10000000     <linker-defined>
 0001:00000000       ?SaveValue@PluginCheckBoxBinding@@UAEXPBUFarDialogItem@@H@Z 10001000 f i AutoWrap.obj
 0001:00000040       ??_GPluginCheckBoxBinding@@UAEPAXI@Z 10001040 f i AutoWrap.obj
 0001:00000040       ??_EPluginEditFieldBinding@@UAEPAXI@Z 10001040 f i * CIL library *:* CIL module *
 0001:00000040       ??_EPluginCheckBoxBinding@@UAEPAXI@Z 10001040 f i * CIL library *:* CIL module *
 0001:00000040       ??_GPluginEditFieldBinding@@UAEPAXI@Z 10001040 f i AutoWrap.obj
 0001:00000060       ?SaveValue@PluginEditFieldBinding@@UAEXPBUFarDialogItem@@H@Z 10001060 f i AutoWrap.obj
 0001:00000090       ?SaveValue@PluginIntEditFieldBinding@@UAEXPBUFarDialogItem@@H@Z 10001090 f i AutoWrap.obj
 0001:000000c0       ??_EPluginIntEditFieldBinding@@UAEPAXI@Z 100010c0 f i * CIL library *:* CIL module *
 0001:000000c0       ??_GPluginIntEditFieldBinding@@UAEPAXI@Z 100010c0 f i AutoWrap.obj
 0001:000000f0       ??0PluginDialogBuilder@@QAE@ABUPluginStartupInfo@@ABU_GUID@@1HPB_WP6GHPAXHH3@Z3_K@Z 100010f0 f i AutoWrap.obj
 0001:00000300       ?AddEditField@PluginDialogBuilder@@QAEPAUFarDialogItem@@PA_WHHPB_W_N@Z 10001300 f i AutoWrap.obj
 0001:000003a0       ?AddButtons@PluginDialogBuilder@@QAEXHPBHHH@Z 100013a0 f i AutoWrap.obj
 0001:000005c0       ?ShowDialogEx@PluginDialogBuilder@@QAEHXZ 100015c0 f i AutoWrap.obj
 0001:00000820       ?AddDialogItem@PluginDialogBuilder@@AAEPAUFarDialogItem@@W4FARDIALOGITEMTYPES@@PB_W@Z 10001820 f i AutoWrap.obj
 0001:00000940       _GetGlobalInfoW@4          10001940 f   AutoWrap.obj
 0001:000009d0       _SetStartupInfoW@4         100019d0 f   AutoWrap.obj
 0001:00000bc0       _GetPluginInfoW@4          10001bc0 f   AutoWrap.obj
 0001:00000c10       _OpenW@4                   10001c10 f   AutoWrap.obj
 0001:00001240       _ProcessEditorInputW@4     10002240 f   AutoWrap.obj
 0001:000016f0       ?GetCommaWord@@YAPB_WPB_WPA_W@Z 100026f0 f   AutoWrap.obj
 0001:000017a0       _EncodePointerWrapper@4    100027a0 f   vc_crt_fix_impl.obj
 0001:00001860       _DecodePointerWrapper@4    10002860 f   vc_crt_fix_impl.obj
 0001:000018b0       _GetModuleHandleExWWrapper@12 100028b0 f   vc_crt_fix_impl.obj
 0001:00001bf0       _InitializeSListHeadWrapper@4 10002bf0 f   vc_crt_fix_impl.obj
 0001:00001c40       _InterlockedFlushSListWrapper@4 10002c40 f   vc_crt_fix_impl.obj
 0001:00001c90       _InterlockedPopEntrySListWrapper@4 10002c90 f   vc_crt_fix_impl.obj
 0001:00001ce0       _InterlockedPushEntrySListWrapper@8 10002ce0 f   vc_crt_fix_impl.obj
 0001:00001d30       _InterlockedPushListSListExWrapper@16 10002d30 f   vc_crt_fix_impl.obj
 0001:00001d80       _RtlFirstEntrySListWrapper@4 10002d80 f   vc_crt_fix_impl.obj
 0001:00001dd0       _QueryDepthSListWrapper@4  10002dd0 f   vc_crt_fix_impl.obj
 0001:00001e20       _GetNumaHighestNodeNumberWrapper@4 10002e20 f   vc_crt_fix_impl.obj
 0001:00001e90       _GetLogicalProcessorInformationWrapper@8 10002e90 f   vc_crt_fix_impl.obj
 0001:00001ef0       _SetThreadStackGuaranteeWrapper@4 10002ef0 f   vc_crt_fix_impl.obj
 0001:00001f50       _InitializeCriticalSectionExWrapper@12 10002f50 f   vc_crt_fix_impl.obj
 0001:00001fd0       _CompareStringExWrapper@36 10002fd0 f   vc_crt_fix_impl.obj
 0001:00002050       _LCMapStringExWrapper@36   10003050 f   vc_crt_fix_impl.obj
 0001:000020d0       @__security_check_cookie@4 100030d0 f   LIBCMT:secchk.obj
 0001:000020e1       ??_V@YAXPAX@Z              100030e1 f   LIBCMT:delete_array.obj
 0001:000020e6       ??2@YAPAXI@Z               100030e6 f   LIBCMT:new_scalar.obj
 0001:00002116       ??3@YAXPAXI@Z              10003116 f   LIBCMT:delete_scalar_size.obj
 0001:00002124       ??_U@YAPAXI@Z              10003124 f   LIBCMT:new_array.obj
 0001:0000212d       ??_Gtype_info@@UAEPAXI@Z   1000312d f i LIBCMT:std_type_info_static.obj
 0001:0000212d       ??_Etype_info@@UAEPAXI@Z   1000312d f i LIBCMT:std_type_info_static.obj
 0001:00002194       ___scrt_acquire_startup_lock 10003194 f   LIBCMT:utility.obj
 0001:000021c6       ___scrt_dllmain_after_initialize_c 100031c6 f   LIBCMT:utility.obj
 0001:000021f1       ___scrt_dllmain_before_initialize_c 100031f1 f   LIBCMT:utility.obj
 0001:000021ff       ___scrt_dllmain_crt_thread_attach 100031ff f   LIBCMT:utility.obj
 0001:0000221e       ___scrt_dllmain_crt_thread_detach 1000321e f   LIBCMT:utility.obj
 0001:0000222b       ___scrt_dllmain_exception_filter 1000322b f   LIBCMT:utility.obj
 0001:0000225f       ___scrt_dllmain_uninitialize_c 1000325f f   LIBCMT:utility.obj
 0001:00002282       ___scrt_dllmain_uninitialize_critical 10003282 f   LIBCMT:utility.obj
 0001:0000228f       ___scrt_initialize_crt     1000328f f   LIBCMT:utility.obj
 0001:000022c8       ___scrt_initialize_onexit_tables 100032c8 f   LIBCMT:utility.obj
 0001:0000234f       ___scrt_is_nonwritable_in_current_image 1000334f f   LIBCMT:utility.obj
 0001:000023e3       ___scrt_release_startup_lock 100033e3 f   LIBCMT:utility.obj
 0001:00002400       ___scrt_uninitialize_crt   10003400 f   LIBCMT:utility.obj
 0001:00002428       __onexit                   10003428 f   LIBCMT:utility.obj
 0001:00002455       _atexit                    10003455 f   LIBCMT:utility.obj
 0001:000027a5       __DllMainCRTStartup@12     100037a5 f   LIBCMT:dll_dllmain.obj
 0001:000027c8       ___raise_securityfailure   100037c8 f   LIBCMT:gs_report.obj
 0001:000027f0       ___report_gsfailure        100037f0 f   LIBCMT:gs_report.obj
 0001:000028e9       ??3@YAXPAX@Z               100038e9 f   LIBCMT:delete_scalar.obj
 0001:000028ee       ??0bad_alloc@std@@QAE@ABV01@@Z 100038ee f i LIBCMT:throw_bad_alloc.obj
 0001:00002909       ??0bad_alloc@std@@QAE@XZ   10003909 f i LIBCMT:throw_bad_alloc.obj
 0001:00002921       ??0bad_array_new_length@std@@QAE@ABV01@@Z 10003921 f i LIBCMT:throw_bad_alloc.obj
 0001:0000293c       ??0bad_array_new_length@std@@QAE@XZ 1000393c f i LIBCMT:throw_bad_alloc.obj
 0001:00002954       ??0exception@std@@QAE@ABV01@@Z 10003954 f i LIBCMT:throw_bad_alloc.obj
 0001:00002980       ??1bad_array_new_length@std@@UAE@XZ 10003980 f i LIBCMT:throw_bad_alloc.obj
 0001:00002980       ??1bad_alloc@std@@UAE@XZ   10003980 f i LIBCMT:throw_bad_alloc.obj
 0001:00002980       ??1bad_exception@std@@UAE@XZ 10003980 f i libvcruntime:frame.obj
 0001:00002991       ??_Gbad_exception@std@@UAEPAXI@Z 10003991 f i libvcruntime:frame.obj
 0001:00002991       ??_Gbad_array_new_length@std@@UAEPAXI@Z 10003991 f i LIBCMT:throw_bad_alloc.obj
 0001:00002991       ??_Gexception@std@@UAEPAXI@Z 10003991 f i LIBCMT:throw_bad_alloc.obj
 0001:00002991       ??_Eexception@std@@UAEPAXI@Z 10003991 f i LIBCMT:throw_bad_alloc.obj
 0001:00002991       ??_Ebad_alloc@std@@UAEPAXI@Z 10003991 f i LIBCMT:throw_bad_alloc.obj
 0001:00002991       ??_Ebad_exception@std@@UAEPAXI@Z 10003991 f i libvcruntime:frame.obj
 0001:00002991       ??_Gbad_alloc@std@@UAEPAXI@Z 10003991 f i LIBCMT:throw_bad_alloc.obj
 0001:00002991       ??_Ebad_array_new_length@std@@UAEPAXI@Z 10003991 f i LIBCMT:throw_bad_alloc.obj
 0001:000029be       ?__scrt_throw_std_bad_alloc@@YAXXZ 100039be f   LIBCMT:throw_bad_alloc.obj
 0001:000029db       ?__scrt_throw_std_bad_array_new_length@@YAXXZ 100039db f   LIBCMT:throw_bad_alloc.obj
 0001:000029f8       ?what@exception@std@@UBEPBDXZ 100039f8 f i LIBCMT:throw_bad_alloc.obj
 0001:00002a05       ___isa_available_init      10003a05 f   LIBCMT:cpu_disp.obj
 0001:00002bd5       __get_startup_argv_mode    10003bd5 f   LIBCMT:argv_mode.obj
 0001:00002bd9       ___scrt_is_ucrt_dll_in_use 10003bd9 f   LIBCMT:ucrt_detection.obj
 0001:00002be5       ___scrt_fastfail           10003be5 f   LIBCMT:utility_desktop.obj
 0001:00002cff       __crt_debugger_hook        10003cff f   LIBCMT:utility_desktop.obj
 0001:00002d10       __SEH_prolog4              10003d10 f   LIBCMT:sehprolg4.obj
 0001:00002d56       __SEH_epilog4              10003d56 f   LIBCMT:sehprolg4.obj
 0001:00002d6b       @_guard_check_icall_nop@4  10003d6b f i LIBCMT:guard_support.obj
 0001:00002db9       ___security_init_cookie    10003db9 f   LIBCMT:gs_support.obj
 0001:00002e04       _DllMain@12                10003e04 f   LIBCMT:dll_dllmain_stub.obj
 0001:00002e0a       ?__scrt_initialize_type_info@@YAXXZ 10003e0a f   LIBCMT:tncleanup.obj
 0001:00002e16       ?__scrt_uninitialize_type_info@@YAXXZ 10003e16 f   LIBCMT:tncleanup.obj
 0001:00002e22       ___local_stdio_printf_options 10003e22 f i LIBCMT:default_local_stdio_options.obj
 0001:00002e28       ___local_stdio_scanf_options 10003e28 f i LIBCMT:default_local_stdio_options.obj
 0001:00002e2e       ___scrt_initialize_default_local_stdio_options 10003e2e f   LIBCMT:default_local_stdio_options.obj
 0001:00002e4b       ___scrt_get_dyn_tls_init_callback 10003e4b f   LIBCMT:dyn_tls_init.obj
 0001:00002e51       __RTC_Initialize           10003e51 f   LIBCMT:initsect.obj
 0001:00002e7d       __RTC_Terminate            10003e7d f   LIBCMT:initsect.obj
 0001:00002ea9       ?GetRangeOfTrysToCheck@__FrameHandler3@@SA?AU?$pair@Viterator@TryBlockMap@__FrameHandler3@@V123@@std@@AAVTryBlockMap@1@HPAXPBU_s_FuncInfo@@H@Z 10003ea9 f   libvcruntime:trnsctrl.obj
 0001:00002f19       ?_CallCatchBlock2@@YAPAXPAUEHRegistrationNode@@PBU_s_FuncInfo@@PAXHK@Z 10003f19 f   libvcruntime:trnsctrl.obj
 0001:00002f77       ?_CallSETranslator@@YAHPAUEHExceptionRecord@@PAUEHRegistrationNode@@PAX2PBU_s_FuncInfo@@H1@Z 10003f77 f   libvcruntime:trnsctrl.obj
 0001:0000305d       ?_JumpToContinuation@@YGXPAXPAUEHRegistrationNode@@@Z 1000405d f   libvcruntime:trnsctrl.obj
 0001:0000308d       ?_UnwindNestedFrames@@YGXPAUEHRegistrationNode@@PAUEHExceptionRecord@@@Z 1000408d f   libvcruntime:trnsctrl.obj
 0001:000030e0       __CatchGuardHandler        100040e0 f   libvcruntime:trnsctrl.obj
 0001:00003111       __CreateFrameInfo          10004111 f   libvcruntime:trnsctrl.obj
 0001:00003135       __FindAndUnlinkFrame       10004135 f   libvcruntime:trnsctrl.obj
 0001:0000317d       __TranslatorGuardHandler   1000417d f   libvcruntime:trnsctrl.obj
 0001:0000321a       ___CxxFrameHandler3        1000421a f   libvcruntime:trnsctrl.obj
 0001:00003250       _wcschr                    10004250 f   libvcruntime:wcschr.obj
 0001:00003317       ___DestructExceptionObject 10004317 f   libvcruntime:ehhelpers.obj
 0001:000033b8       ?_CallMemberFunction0@@YGXQAX0@Z 100043b8 f i libvcruntime:ehhelpers.obj
 0001:0000341d       __IsExceptionObjectToBeDestroyed 1000441d f   libvcruntime:ehhelpers.obj
 0001:00003443       ___AdjustPointer           10004443 f   libvcruntime:ehhelpers.obj
 0001:00003468       ___FrameUnwindFilter       10004468 f   libvcruntime:ehhelpers.obj
 0001:000034be       ___std_terminate           100044be f   libvcruntime:ehhelpers.obj
 0001:000034c3       ___vcrt_initialize         100044c3 f   libvcruntime:initialization.obj
 0001:000034e2       ___vcrt_thread_attach      100044e2 f   libvcruntime:initialization.obj
 0001:000034ed       ___vcrt_thread_detach      100044ed f   libvcruntime:initialization.obj
 0001:000034f8       ___vcrt_uninitialize       100044f8 f   libvcruntime:initialization.obj
 0001:0000350f       ___vcrt_uninitialize_critical 1000450f f   libvcruntime:initialization.obj
 0001:00003560       __except_handler4          10004560 f   libvcruntime:chandler4.obj
 0001:000036be       ___std_exception_copy      100046be f   libvcruntime:std_exception.obj
 0001:00003721       ___std_exception_destroy   10004721 f   libvcruntime:std_exception.obj
 0001:00003740       __CxxThrowException@8      10004740 f   libvcruntime:throw.obj
 0001:000037b0       _memset                    100047b0 f   libvcruntime:memset.obj
 0001:0000390a       ___std_type_info_compare   1000490a f   libvcruntime:std_type_info.obj
 0001:00003946       ___std_type_info_destroy_list 10004946 f   libvcruntime:std_type_info.obj
 0001:00003969       ___vcrt_freefls@4          10004969 f   libvcruntime:per_thread_data.obj
 0001:00003985       ___vcrt_freeptd            10004985 f   libvcruntime:per_thread_data.obj
 0001:000039bb       ___vcrt_getptd             100049bb f   libvcruntime:per_thread_data.obj
 0001:000039c9       ___vcrt_getptd_noexit      100049c9 f   libvcruntime:per_thread_data.obj
 0001:00003a5b       ___vcrt_initialize_ptd     10004a5b f   libvcruntime:per_thread_data.obj
 0001:00003a8e       ___vcrt_uninitialize_ptd   10004a8e f   libvcruntime:per_thread_data.obj
 0001:000041ec       ??$TypeMatchHelper@V__FrameHandler3@@@@YAHPBU_s_HandlerType@@PBU_s_CatchableType@@PBU_s_ThrowInfo@@@Z 100051ec f i libvcruntime:frame.obj
 0001:0000427a       ??$__InternalCxxFrameHandler@V__FrameHandler3@@@@YA?AW4_EXCEPTION_DISPOSITION@@PAUEHExceptionRecord@@PAUEHRegistrationNode@@PAU_CONTEXT@@PAXPBU_s_FuncInfo@@H1E@Z 1000527a f i libvcruntime:frame.obj
 0001:0000437c       ??0bad_exception@std@@QAE@ABV01@@Z 1000537c f i libvcruntime:frame.obj
 0001:00004397       ??0bad_exception@std@@QAE@XZ 10005397 f i libvcruntime:frame.obj
 0001:000043af       ??8type_info@@QBE_NABV0@@Z 100053af f i libvcruntime:frame.obj
 0001:00004616       ?FrameUnwindToEmptyState@__FrameHandler3@@SAXPAUEHRegistrationNode@@PAXPBU_s_FuncInfo@@@Z 10005616 f   libvcruntime:frame.obj
 0001:0000462e       ?FrameUnwindToState@__FrameHandler3@@SAXPAUEHRegistrationNode@@PAXPBU_s_FuncInfo@@H@Z 1000562e f   libvcruntime:frame.obj
 0001:000047b0       ?_CallMemberFunction1@@YGXQAX00@Z 100057b0 f i libvcruntime:frame.obj
 0001:000047c0       ?_CallMemberFunction2@@YGXQAX00H@Z 100057c0 f i libvcruntime:frame.obj
 0001:000047d3       ?getESTypes@__FrameHandler3@@SAPBU_s_ESTypeList@@PBU_s_FuncInfo@@@Z 100057d3 f i libvcruntime:frame.obj
 0001:000047e0       __CallSettingFrame@12      100057e0 f   libvcruntime:lowhelpr.obj
 0001:00004807       __NLG_Return               10005807     libvcruntime:lowhelpr.obj
 0001:0000482c       ___except_validate_context_record 1000582c f   libvcruntime:jbcxrval.obj
 0001:0000485c       ___except_validate_jump_buffer 1000585c f   libvcruntime:jbcxrval.obj
 0001:00004889       ___vcrt_initialize_locks   10005889 f   libvcruntime:locks.obj
 0001:000048c5       ___vcrt_uninitialize_locks 100058c5 f   libvcruntime:locks.obj
 0001:00004900       __local_unwind4            10005900 f   libvcruntime:exsup4.obj
 0001:000049d8       __seh_longjmp_unwind4@4    100059d8 f   libvcruntime:exsup4.obj
 0001:00004a00       @_EH4_CallFilterFunc@8     10005a00 f   libvcruntime:exsup4.obj
 0001:00004a18       @_EH4_TransferToHandler@8  10005a18 f   libvcruntime:exsup4.obj
 0001:00004a34       @_EH4_GlobalUnwind2@8      10005a34 f   libvcruntime:exsup4.obj
 0001:00004a50       @_EH4_LocalUnwind@16       10005a50 f   libvcruntime:exsup4.obj
 0001:00004b5c       ___vcrt_FlsAlloc           10005b5c f   libvcruntime:winapi_downlevel.obj
 0001:00004b97       ___vcrt_FlsFree            10005b97 f   libvcruntime:winapi_downlevel.obj
 0001:00004bd2       ___vcrt_FlsGetValue        10005bd2 f   libvcruntime:winapi_downlevel.obj
 0001:00004c0d       ___vcrt_FlsSetValue        10005c0d f   libvcruntime:winapi_downlevel.obj
 0001:00004c4b       ___vcrt_InitializeCriticalSectionEx 10005c4b f   libvcruntime:winapi_downlevel.obj
 0001:00004c92       _unexpected                10005c92 f   libvcruntime:unexpected.obj
 0001:00004caf       ?GetCurrentState@__FrameHandler3@@SAHPAUEHRegistrationNode@@PAXPBU_s_FuncInfo@@@Z 10005caf f   libvcruntime:ehstate.obj
 0001:00004ccc       ?SetState@__FrameHandler3@@SAXPAUEHRegistrationNode@@PBU_s_FuncInfo@@H@Z 10005ccc f   libvcruntime:ehstate.obj
 0001:00004ce0       _memmove                   10005ce0 f   libvcruntime:memmove.obj
 0001:00005260       __global_unwind2           10006260 f   libvcruntime:exsup.obj
 0001:000052c6       __local_unwind2            100062c6 f   libvcruntime:exsup.obj
 0001:0000534a       __abnormal_termination     1000634a f   libvcruntime:exsup.obj
 0001:00005370       __NLG_Notify1              10006370 f   libvcruntime:exsup.obj
 0001:0000537c       __NLG_Notify               1000637c f   libvcruntime:exsup.obj
 0001:00005393       __NLG_Dispatch2            10006393     libvcruntime:exsup.obj
 0001:00005393       __NLG_Dispatch             10006393     libvcruntime:exsup.obj
 0001:0000539b       __NLG_Call                 1000639b f   libvcruntime:exsup.obj
 0001:0000539d       __NLG_Return2              1000639d     libvcruntime:exsup.obj
 0001:000053a0       _memcpy                    100063a0 f   libvcruntime:memcpy.obj
 0001:00005914       ??0_LocaleUpdate@@QAE@QAU__crt_locale_pointers@@@Z 10006914 f i libucrt:_wctype.obj
 0001:00005997       ___acrt_locale_get_ctype_array_value 10006997 f i libucrt:_wctype.obj
 0001:000059b9       __isleadbyte_l             100069b9 f i libucrt:_wctype.obj
 0001:000059f3       _iswspace                  100069f3 f i libucrt:_wctype.obj
 0001:00005a06       _free                      10006a06 f   libucrt:free.obj
 0001:00005a21       _malloc                    10006a21 f   libucrt:malloc.obj
 0001:00005a2c       ___acrt_initialize_new_handler 10006a2c f   libucrt:new_handler.obj
 0001:00005a3b       __callnewh                 10006a3b f   libucrt:new_handler.obj
 0001:00005a68       __query_new_handler        10006a68 f   libucrt:new_handler.obj
 0001:00005ac4       __seh_filter_dll           10006ac4 f   libucrt:exception_filter.obj
 0001:00005ae4       __seh_filter_exe           10006ae4 f   libucrt:exception_filter.obj
 0001:00005eb2       ___acrt_initialize_thread_local_exit_callback 10006eb2 f   libucrt:exit.obj
 0001:00005ec1       __cexit                    10006ec1 f   libucrt:exit.obj
 0001:00005ed0       __exit                     10006ed0 f   libucrt:exit.obj
 0001:00005ee6       __is_c_termination_complete 10006ee6 f   libucrt:exit.obj
 0001:0000619a       ___acrt_allocate_buffer_for_argv 1000719a f   libucrt:argv_parsing.obj
 0001:000061e9       __configure_narrow_argv    100071e9 f   libucrt:argv_parsing.obj
 0001:00006346       ??$uninitialize@A6AXAAPAPA_W@Z@?$dual_state_global@PAPA_W@__crt_state_management@@QAEXA6AXAAPAPA_W@Z@Z 10007346 f i libucrt:environment_initialization.obj
 0001:00006346       ??$uninitialize@A6AXAAPAPAD@Z@?$dual_state_global@PAPAD@__crt_state_management@@QAEXA6AXAAPAPAD@Z@Z 10007346 f i libucrt:environment_initialization.obj
 0001:000063a5       ___dcrt_uninitialize_environments_nolock 100073a5 f   libucrt:environment_initialization.obj
 0001:000063dc       __initialize_narrow_environment 100073dc f   libucrt:environment_initialization.obj
 0001:00006497       ??$__crt_fast_encode_pointer@PAP6AXXZ@@YAPAP6AXXZQAP6AXXZ@Z 10007497 f i libucrt:onexit.obj
 0001:00006497       ??$__crt_fast_encode_pointer@PAX@@YAPAXQAX@Z 10007497 f i libucrt:initialization.obj
 0001:00006497       ??$__crt_fast_encode_pointer@P6AHXZ@@YAP6AHXZQ6AHXZ@Z 10007497 f i libucrt:onexit.obj
 0001:000066b9       __crt_atexit               100076b9 f   libucrt:onexit.obj
 0001:000066cf       __execute_onexit_table     100076cf f   libucrt:onexit.obj
 0001:000066fc       __initialize_onexit_table  100076fc f   libucrt:onexit.obj
 0001:00006725       __register_onexit_function 10007725 f   libucrt:onexit.obj
 0001:00006758       ___acrt_uninitialize_command_line 10007758 f   libucrt:argv_data.obj
 0001:00006856       ___acrt_initialize         10007856 f   libucrt:initialization.obj
 0001:00006868       ___acrt_thread_attach      10007868 f   libucrt:initialization.obj
 0001:00006873       ___acrt_thread_detach      10007873 f   libucrt:initialization.obj
 0001:0000687b       ___acrt_uninitialize       1000787b f   libucrt:initialization.obj
 0001:000068ab       ___acrt_uninitialize_critical 100078ab f   libucrt:initialization.obj
 0001:000068bd       __initterm                 100078bd f   libucrt:initterm.obj
 0001:00006902       __initterm_e               10007902 f   libucrt:initterm.obj
 0001:00006930       _terminate                 10007930 f   libucrt:terminate.obj
 0001:0000696c       _abort                     1000796c f   libucrt:abort.obj
 0001:000069b0       _strcpy_s                  100079b0 f   libucrt:strcpy_s.obj
 0001:00006a0a       _calloc                    10007a0a f   libucrt:calloc.obj
 0001:00006a20       _strncmp                   10007a20 f   libucrt:strncmp.obj
 0001:00006a98       _wcsncmp                   10007a98 f   libucrt:wcsncmp.obj
 0001:00006ad2       _iswctype                  10007ad2 f   libucrt:iswctype.obj
 0001:00006e79       ___acrt_freeptd            10007e79 f   libucrt:per_thread_data.obj
 0001:00006ea5       ___acrt_getptd             10007ea5 f   libucrt:per_thread_data.obj
 0001:00006f62       ___acrt_getptd_head        10007f62 f   libucrt:per_thread_data.obj
 0001:00006ffc       ___acrt_getptd_noexit      10007ffc f   libucrt:per_thread_data.obj
 0001:000070b1       ___acrt_initialize_ptd     100080b1 f   libucrt:per_thread_data.obj
 0001:000070dd       ___acrt_uninitialize_ptd   100080dd f   libucrt:per_thread_data.obj
 0001:000070f7       ___acrt_update_locale_info 100080f7 f   libucrt:locale_update.obj
 0001:00007124       ___acrt_update_multibyte_info 10008124 f   libucrt:locale_update.obj
 0001:000071bf       ___acrt_set_locale_changed 100081bf f   libucrt:wsetlocale.obj
 0001:000071ca       ___acrt_uninitialize_locale 100081ca f   libucrt:wsetlocale.obj
 0001:000071f1       __free_base                100081f1 f   libucrt:free_base.obj
 0001:0000722b       __malloc_base              1000822b f   libucrt:malloc_base.obj
 0001:00007279       ___acrt_initialize_locks   10008279 f   libucrt:locks.obj
 0001:000072ba       ___acrt_lock               100082ba f   libucrt:locks.obj
 0001:000072d1       ___acrt_uninitialize_locks 100082d1 f   libucrt:locks.obj
 0001:00007302       ___acrt_unlock             10008302 f   libucrt:locks.obj
 0001:00007319       ___acrt_get_process_end_policy 10008319 f   libucrt:win_policies.obj
 0001:0000734a       ___acrt_call_reportfault   1000834a f   libucrt:invalid_parameter.obj
 0001:00007483       ___acrt_initialize_invalid_parameter_handler 10008483 f   libucrt:invalid_parameter.obj
 0001:00007492       __invalid_parameter        10008492 f   libucrt:invalid_parameter.obj
 0001:000074f6       __invalid_parameter_noinfo 100084f6 f   libucrt:invalid_parameter.obj
 0001:00007506       __invoke_watson            10008506 f   libucrt:invalid_parameter.obj
 0001:0000753a       ___acrt_errno_from_os_error 1000853a f   libucrt:errno.obj
 0001:0000757d       ___acrt_errno_map_os_error 1000857d f   libucrt:errno.obj
 0001:000075a0       ___doserrno                100085a0 f   libucrt:errno.obj
 0001:000075b3       __errno                    100085b3 f   libucrt:errno.obj
 0001:000075c6       __calloc_base              100085c6 f   libucrt:calloc_base.obj
 0001:000077bc       ??$__acrt_mbs_to_wcs_cp@U__crt_win32_buffer_internal_dynamic_resizing@@@@YAHQBDAAV?$__crt_win32_buffer@_WU__crt_win32_buffer_internal_dynamic_resizing@@@@I@Z 100087bc f i libucrt:argv_wildcards.obj
 0001:00007cd0       ?__acrt_get_utf8_acp_compatibility_codepage@@YAIXZ 10008cd0 f i libucrt:argv_wildcards.obj
 0001:00007d0f       ?_deallocate@?$__crt_win32_buffer@DU__crt_win32_buffer_internal_dynamic_resizing@@@@AAEXXZ 10008d0f f i libucrt:argv_wildcards.obj
 0001:00007d0f       ?_deallocate@?$__crt_win32_buffer@_WU__crt_win32_buffer_internal_dynamic_resizing@@@@AAEXXZ 10008d0f f i libucrt:argv_wildcards.obj
 0001:00007d29       ?allocate@?$__crt_win32_buffer@DU__crt_win32_buffer_internal_dynamic_resizing@@@@QAEHI@Z 10008d29 f i libucrt:argv_wildcards.obj
 0001:00007d65       ?allocate@?$__crt_win32_buffer@_WU__crt_win32_buffer_internal_dynamic_resizing@@@@QAEHI@Z 10008d65 f i libucrt:argv_wildcards.obj
 0001:00007da4       ?allocate@__crt_win32_buffer_internal_dynamic_resizing@@SAHQAPAXIABV__crt_win32_buffer_empty_debug_info@@@Z 10008da4 f i libucrt:argv_wildcards.obj
 0001:00007e4a       ___acrt_expand_narrow_argv_wildcards 10008e4a f   libucrt:argv_wildcards.obj
 0001:00007f1c       ?allocate@?$__crt_win32_buffer@DU__crt_win32_buffer_no_resizing@@@@QAEHI@Z 10008f1c f i libucrt:getmodulefilenamea.obj
 0001:00007f43       ?set_to_nullptr@?$__crt_win32_buffer@DU__crt_win32_buffer_no_resizing@@@@QAEXXZ 10008f43 f i libucrt:getmodulefilenamea.obj
 0001:00007f57       ___acrt_GetModuleFileNameA 10008f57 f   libucrt:getmodulefilenamea.obj
 0001:00008516       ___acrt_initialize_multibyte 10009516 f   libucrt:mbctype.obj
 0001:0000855e       ___acrt_update_thread_multibyte_data 1000955e f   libucrt:mbctype.obj
 0001:00008571       __setmbcp_nolock           10009571 f   libucrt:mbctype.obj
 0001:0000883c       __ismbblead                1000983c f   libucrt:ismbbyte.obj
 0001:00008854       ___acrt_initialize_command_line 10009854 f   libucrt:argv_data.obj
 0001:0000886d       ___acrt_MultiByteToWideChar 1000986d f   libucrt:multibytetowidechar.obj
 0001:000088e9       ___acrt_WideCharToMultiByte 100098e9 f   libucrt:widechartomultibyte.obj
 0001:000089cd       ___dcrt_get_narrow_environment_from_os 100099cd f   libucrt:get_environment_from_os.obj
 0001:00008a51       __recalloc_base            10009a51 f   libucrt:recalloc.obj
 0001:00008c56       ___acrt_AppPolicyGetProcessTerminationMethodInternal@4 10009c56 f   libucrt:winapi_thunks.obj
 0001:00008c96       ___acrt_AreFileApisANSI@0  10009c96 f   libucrt:winapi_thunks.obj
 0001:00008cb5       ___acrt_FlsAlloc@4         10009cb5 f   libucrt:winapi_thunks.obj
 0001:00008cf4       ___acrt_FlsFree@4          10009cf4 f   libucrt:winapi_thunks.obj
 0001:00008d33       ___acrt_FlsGetValue@4      10009d33 f   libucrt:winapi_thunks.obj
 0001:00008d72       ___acrt_FlsSetValue@8      10009d72 f   libucrt:winapi_thunks.obj
 0001:00008db4       ___acrt_InitializeCriticalSectionEx@12 10009db4 f   libucrt:winapi_thunks.obj
 0001:00008dff       ___acrt_LCMapStringEx@36   10009dff f   libucrt:winapi_thunks.obj
 0001:00008e5c       ___acrt_LocaleNameToLCID@8 10009e5c f   libucrt:winapi_thunks.obj
 0001:00008e8d       ___acrt_initialize_winapi_thunks 10009e8d f   libucrt:winapi_thunks.obj
 0001:00008eb8       ___acrt_uninitialize_winapi_thunks 10009eb8 f   libucrt:winapi_thunks.obj
 0001:00008eee       ___acrt_initialize_heap    10009eee f   libucrt:heap_handle.obj
 0001:00008eff       ___acrt_uninitialize_heap  10009eff f   libucrt:heap_handle.obj
 0001:00009073       ___acrt_initialize_lowio   1000a073 f   libucrt:ioinit.obj
 0001:000090d3       ___acrt_uninitialize_lowio 1000a0d3 f   libucrt:ioinit.obj
 0001:000090ff       ___acrt_execute_initializers 1000a0ff f   libucrt:shared_initialization.obj
 0001:00009167       ___acrt_execute_uninitializers 1000a167 f   libucrt:shared_initialization.obj
 0001:00009266       ___acrt_get_sigabrt_handler 1000a266 f   libucrt:signal.obj
 0001:0000928d       ___acrt_initialize_signal_handlers 1000a28d f   libucrt:signal.obj
 0001:000092ab       ___fpecode                 1000a2ab f   libucrt:signal.obj
 0001:000092b4       _raise                     1000a2b4 f   libucrt:signal.obj
 0001:000094af       ___acrt_has_user_matherr   1000a4af f   libucrt:matherr.obj
 0001:000094c7       ___acrt_initialize_user_matherr 1000a4c7 f   libucrt:matherr.obj
 0001:000094d6       ___acrt_invoke_user_matherr 1000a4d6 f   libucrt:matherr.obj
 0001:000096e5       ___acrt_stdio_flush_nolock 1000a6e5 f   libucrt:fflush.obj
 0001:0000974a       __fflush_nolock            1000a74a f   libucrt:fflush.obj
 0001:00009792       __flushall                 1000a792 f   libucrt:fflush.obj
 0001:0000979b       ___acrt_initialize_stdio   1000a79b f   libucrt:_file.obj
 0001:00009863       ___acrt_uninitialize_stdio 1000a863 f   libucrt:_file.obj
 0001:000098af       __lock_file                1000a8af f   libucrt:_file.obj
 0001:000098c3       __unlock_file              1000a8c3 f   libucrt:_file.obj
 0001:000098d7       __mbtowc_l                 1000a8d7 f   libucrt:mbtowc.obj
 0001:00009a19       _mbtowc                    1000aa19 f   libucrt:mbtowc.obj
 0001:00009a33       __fileno                   1000aa33 f   libucrt:fileno.obj
 0001:00009a5a       ___pctype_func             1000aa5a f   libucrt:ctype.obj
 0001:00009a7e       ___acrt_GetStringTypeW     1000aa7e f   libucrt:getstringtypew.obj
 0001:00009a97       ___acrt_add_locale_ref     1000aa97 f   libucrt:locale_refcounting.obj
 0001:00009b14       ___acrt_free_locale        1000ab14 f   libucrt:locale_refcounting.obj
 0001:00009c5c       ___acrt_locale_add_lc_time_reference 1000ac5c f   libucrt:locale_refcounting.obj
 0001:00009c85       ___acrt_locale_free_lc_time_if_unreferenced 1000ac85 f   libucrt:locale_refcounting.obj
 0001:00009cb6       ___acrt_locale_release_lc_time_reference 1000acb6 f   libucrt:locale_refcounting.obj
 0001:00009cdf       ___acrt_release_locale_ref 1000acdf f   libucrt:locale_refcounting.obj
 0001:00009d60       ___acrt_update_thread_locale_data 1000ad60 f   libucrt:locale_refcounting.obj
 0001:00009de1       __updatetlocinfoEx_nolock  1000ade1 f   libucrt:locale_refcounting.obj
 0001:00009e31       ___acrt_locale_free_monetary 1000ae31 f   libucrt:initmon.obj
 0001:00009f2f       ___acrt_locale_free_numeric 1000af2f f   libucrt:initnum.obj
 0001:00009fd0       ___acrt_locale_free_time   1000afd0 f   libucrt:inittime.obj
 0001:0000a0b4       ___acrt_GetStringTypeA     1000b0b4 f   libucrt:getstringtypea.obj
 0001:0000a1b7       __freea_crt                1000b1b7 f i libucrt:getstringtypea.obj
 0001:0000a1d7       __query_new_mode           1000b1d7 f   libucrt:new_mode.obj
 0001:0000a220       _qsort                     1000b220 f   libucrt:qsort.obj
 0001:0000a717       _strncpy_s                 1000b717 f   libucrt:strncpy_s.obj
 0001:0000a730       _strpbrk                   1000b730 f   libucrt:strpbrk.obj
 0001:0000a770       __mbsdec                   1000b770 f   libucrt:mbsdec.obj
 0001:0000a787       __mbsdec_l                 1000b787 f   libucrt:mbsdec.obj
 0001:0000a9fe       ___acrt_LCMapStringA       1000b9fe f   libucrt:lcmapstringa.obj
 0001:0000aa56       __msize_base               1000ba56 f   libucrt:msize.obj
 0001:0000aa89       __realloc_base             1000ba89 f   libucrt:realloc_base.obj
 0001:0000ab42       ___acrt_DownlevelLocaleNameToLCID 1000bb42 f   libucrt:lcidtoname_downlevel.obj
 0001:0000ab6e       ___acrt_lowio_create_handle_array 1000bb6e f   libucrt:osfinfo.obj
 0001:0000abe9       ___acrt_lowio_destroy_handle_array 1000bbe9 f   libucrt:osfinfo.obj
 0001:0000ac1e       ___acrt_lowio_ensure_fh_exists 1000bc1e f   libucrt:osfinfo.obj
 0001:0000acbc       ___acrt_lowio_lock_fh      1000bcbc f   libucrt:osfinfo.obj
 0001:0000acdf       ___acrt_lowio_unlock_fh    1000bcdf f   libucrt:osfinfo.obj
 0001:0000ad02       __free_osfhnd              1000bd02 f   libucrt:osfinfo.obj
 0001:0000ad93       __get_osfhandle            1000bd93 f   libucrt:osfinfo.obj
 0001:0000ae9f       __commit                   1000be9f f   libucrt:commit.obj
 0001:0000b695       __write                    1000c695 f   libucrt:write.obj
 0001:0000b787       __write_nolock             1000c787 f   libucrt:write.obj
 0001:0000b969       __fcloseall                1000c969 f   libucrt:closeall.obj
 0001:0000ba14       ___acrt_stdio_free_buffer_nolock 1000ca14 f   libucrt:_freebuf.obj
 0001:0000ba54       __isatty                   1000ca54 f   libucrt:isatty.obj
 0001:0000bad6       ?__mbrtowc_utf8@__crt_mbstring@@YAIPA_WPBDIPAU_Mbstatet@@@Z 1000cad6 f   libucrt:mbrtowc.obj
 0001:0000bb16       ?__mbsrtowcs_utf8@__crt_mbstring@@YAIPA_WPAPBDIPAU_Mbstatet@@@Z 1000cb16 f   libucrt:mbrtowc.obj
 0001:0000bc11       ?return_illegal_sequence@__crt_mbstring@@YAIPAU_Mbstatet@@@Z 1000cc11 f i libucrt:c32rtomb.obj
 0001:0000bc30       ___ascii_wcsnicmp          1000cc30 f   libucrt:wcsnicmp.obj
 0001:0000bc7f       ___strncnt                 1000cc7f f   libucrt:strncnt.obj
 0001:0000bc9b       __query_app_type           1000cc9b f   libucrt:report_runtime_error.obj
 0001:0000bd1d       __lseeki64_nolock          1000cd1d f   libucrt:lseek.obj
 0001:0000bd38       __putwch_nolock            1000cd38 f   libucrt:putwch.obj
 0001:0000bd6a       __fclose_nolock            1000cd6a f   libucrt:fclose.obj
 0001:0000bde1       _fclose                    1000cde1 f   libucrt:fclose.obj
 0001:0000be65       ?__mbrtoc32_utf8@__crt_mbstring@@YAIPA_UPBDIPAU_Mbstatet@@@Z 1000ce65 f   libucrt:mbrtoc32.obj
 0001:0000c010       __CIlog10                  1000d010 f   libucrt:log10_impl.obj
 0001:0000c04b       __CIlog10_default          1000d04b f   libucrt:log10_impl.obj
 0001:0000c05f       __log10_default            1000d05f     libucrt:log10_impl.obj
 0001:0000c120       _ceil                      1000d120 f   libucrt:ceil_pentium4.obj
 0001:0000c160       __ceil_pentium4            1000d160 f   libucrt:ceil_pentium4.obj
 0001:0000c240       ___ascii_strnicmp          1000d240 f   libucrt:_strnicm.obj
 0001:0000c2c0       ___dcrt_lowio_ensure_console_output_initialized 1000d2c0 f   libucrt:initcon.obj
 0001:0000c2df       ___dcrt_terminate_console_output 1000d2df f   libucrt:initcon.obj
 0001:0000c2f6       ___dcrt_write_console      1000d2f6 f   libucrt:initcon.obj
 0001:0000c3d7       __close                    1000d3d7 f   libucrt:close.obj
 0001:0000c464       __close_nolock             1000d464 f   libucrt:close.obj
 0001:0000c500       ?__acrt_stdio_free_stream@@YAXV__crt_stdio_stream@@@Z 1000d500 f   libucrt:stream.obj
 0001:0000c53b       ___acrt_initialize_sse2    1000d53b f   libucrt:mathfcns.obj
 0001:0000c550       __CIlog10_pentium4         1000d550 f   libucrt:log10_pentium4.obj
 0001:0000c568       __log10_pentium4           1000d568     libucrt:log10_pentium4.obj
 0001:0000c800       __fFEXP                    1000d800 f   libucrt:87tran.obj
 0001:0000c857       __rtinfpopse               1000d857     libucrt:87tran.obj
 0001:0000c859       __rtinfnpopse              1000d859     libucrt:87tran.obj
 0001:0000c869       __fFLN                     1000d869     libucrt:87tran.obj
 0001:0000c91e       __rtinfpop                 1000d91e     libucrt:87tran.obj
 0001:0000c920       __rtinfnpop                1000d920     libucrt:87tran.obj
 0001:0000c930       __rtforexpinf              1000d930 f   libucrt:87tran.obj
 0001:0000c93d       __ffexpm1                  1000d93d     libucrt:87tran.obj
 0001:0000c9f0       __trandisp1                1000d9f0 f   libucrt:87disp.obj
 0001:0000ca65       __trandisp2                1000da65 f   libucrt:87disp.obj
 0001:0000caff       __rttospopde               1000daff     libucrt:87disp.obj
 0001:0000cb04       __rttospop                 1000db04     libucrt:87disp.obj
 0001:0000cb10       __rtnospop                 1000db10 f   libucrt:87disp.obj
 0001:0000cb20       __rttosnpop                1000db20 f   libucrt:87disp.obj
 0001:0000cb21       __rtnospopde               1000db21     libucrt:87disp.obj
 0001:0000cb28       __rtzeropop                1000db28     libucrt:87disp.obj
 0001:0000cb2a       __rtzeronpop               1000db2a     libucrt:87disp.obj
 0001:0000cb30       __rtzerospop               1000db30 f   libucrt:87disp.obj
 0001:0000cb3d       __rtonepop                 1000db3d     libucrt:87disp.obj
 0001:0000cb40       __rtonenpop                1000db40 f   libucrt:87disp.obj
 0001:0000cb50       __tosnan1                  1000db50 f   libucrt:87disp.obj
 0001:0000cb80       __nosnan2                  1000db80 f   libucrt:87disp.obj
 0001:0000cb90       __tosnan2                  1000db90 f   libucrt:87disp.obj
 0001:0000cbc0       __nan2                     1000dbc0 f   libucrt:87disp.obj
 0001:0000cc00       __rtindfpop                1000dc00 f   libucrt:87disp.obj
 0001:0000cc02       __rtindfnpop               1000dc02     libucrt:87disp.obj
 0001:0000cc13       __rttosnpopde              1000dc13     libucrt:87disp.obj
 0001:0000cc20       __rtatan2inf               1000dc20 f   libucrt:87disp.obj
 0001:0000cc3d       __rtchsifneg               1000dc3d     libucrt:87disp.obj
 0001:0000cc50       __twoToTOS                 1000dc50 f   libucrt:common.obj
 0001:0000cc65       __load_CW                  1000dc65 f   libucrt:common.obj
 0001:0000cc7c       __convertTOStoQNaN         1000dc7c f   libucrt:common.obj
 0001:0000cc95       __fload_withFB             1000dc95 f   libucrt:common.obj
 0001:0000ccd8       __checkTOS_withFB          1000dcd8 f   libucrt:common.obj
 0001:0000ccee       __fast_exit                1000dcee f   libucrt:common.obj
 0001:0000ccfb       __math_exit                1000dcfb f   libucrt:common.obj
 0001:0000cd25       __check_overflow_exit      1000dd25 f   libucrt:common.obj
 0001:0000cd39       __check_range_exit         1000dd39 f   libucrt:common.obj
 0001:0000cde0       __startTwoArgErrorHandling 1000dde0 f   libucrt:genexcep.obj
 0001:0000cdf7       __startOneArgErrorHandling 1000ddf7 f   libucrt:genexcep.obj
 0001:0000ce33       ___libm_error_support      1000de33 f   libucrt:libm_error.obj
 0001:0000d027       __ceil_default             1000e027 f   libucrt:ceil.obj
 0001:0000d0dc       __clrfp                    1000e0dc f   libucrt:fpctrl.obj
 0001:0000d0ed       __ctrlfp                   1000e0ed f   libucrt:fpctrl.obj
 0001:0000d117       __set_statfp               1000e117 f   libucrt:fpctrl.obj
 0001:0000d170       __statfp                   1000e170 f   libucrt:fpctrl.obj
 0001:0000d180       __d_inttype                1000e180 f   libucrt:powhlp.obj
 0001:0000d1e8       __powhlp                   1000e1e8 f   libucrt:powhlp.obj
 0001:0000d313       __87except                 1000e313 f   libucrt:87except.obj
 0001:0000d41d       __frnd                     1000e41d f   libucrt:frnd.obj
 0001:0000d431       __errcode                  1000e431 f   libucrt:fpexcept.obj
 0001:0000d465       __except1                  1000e465 f   libucrt:fpexcept.obj
 0001:0000d533       __handle_exc               1000e533 f   libucrt:fpexcept.obj
 0001:0000d71e       __raise_exc                1000e71e f   libucrt:fpexcept.obj
 0001:0000d741       __raise_exc_ex             1000e741 f   libucrt:fpexcept.obj
 0001:0000da37       __set_errno_from_matherr   1000ea37 f   libucrt:fpexcept.obj
 0001:0000da66       __umatherr                 1000ea66 f   libucrt:fpexcept.obj
 0001:0000db06       __decomp                   1000eb06 f   libucrt:util.obj
 0001:0000dbd8       __set_exp                  1000ebd8 f   libucrt:util.obj
 0001:0000dc05       __sptype                   1000ec05 f   libucrt:util.obj
 0001:0000dc63       __fpclass                  1000ec63 f   libucrt:ieeemisc.obj
 0001:0000dd07       _IsProcessorFeaturePresent@4 1000ed07 f   kernel32:KERNEL32.dll
 0001:0000dd10       __FindPESection            1000ed10 f   LIBCMT:pesect.obj
 0001:0000dd60       __IsNonwritableInCurrentImage 1000ed60 f   LIBCMT:pesect.obj
 0001:0000de20       __ValidateImageBase        1000ee20 f   LIBCMT:pesect.obj
 0001:0000de53       __EH_prolog3_catch         1000ee53 f   LIBCMT:ehprolg3.obj
 0001:0000de90       __aulldvrm                 1000ee90 f   LIBCMT:ulldvrm.obj
 0001:0000df30       __allmul                   1000ef30 f   LIBCMT:llmul.obj
 0001:0000df70       __alldvrm                  1000ef70 f   LIBCMT:lldvrm.obj
 0001:0000e050       __aullshr                  1000f050 f   LIBCMT:ullshr.obj
 0001:0000e070       __alloca_probe_16          1000f070 f   LIBCMT:alloca16.obj
 0001:0000e086       __alloca_probe_8           1000f086     LIBCMT:alloca16.obj
 0001:0000e0a0       __alloca_probe             1000f0a0 f   LIBCMT:chkstk.obj
 0001:0000e0a0       __chkstk                   1000f0a0 f   LIBCMT:chkstk.obj
 0001:0000e0d0       __allshl                   1000f0d0 f   LIBCMT:llshl.obj
 0001:0000e0f0       __ftol2_sse                1000f0f0     LIBCMT:ftol2.obj
 0001:0000e0f0       __ftoi2                    1000f0f0 f   LIBCMT:ftol2.obj
 0001:0000e0f0       __ftol2_sse_excpt          1000f0f0     LIBCMT:ftol2.obj
 0001:0000e170       __ftoui2                   1000f170 f   LIBCMT:ftol2.obj
 0001:0000e220       __ftol2                    1000f220 f   LIBCMT:ftol2.obj
 0001:0000e2d0       __ftoul2                   1000f2d0 f   LIBCMT:ftol2.obj
 0001:0000e390       _strchr                    1000f390 f   libvcruntime:strchr.obj
 0001:0000e3fe       ___from_strstr_to_strchr   1000f3fe     libvcruntime:strchr.obj
 0001:0000e4c0       _strrchr                   1000f4c0 f   libvcruntime:strrchr.obj
 0001:0000e5f7       __filter_x86_sse2_floating_point_exception_default 1000f5f7 f   LIBCMT:x86_exception_filter.obj
 0001:0000e5f7       __filter_x86_sse2_floating_point_exception 1000f5f7 f   LIBCMT:x86_exception_filter.obj
 0002:00000000       __imp__lstrlenW@4          10010000     kernel32:KERNEL32.dll
 0002:00000004       __imp__lstrcpynW@12        10010004     kernel32:KERNEL32.dll
 0002:00000008       __imp__CompareStringW@24   10010008     kernel32:KERNEL32.dll
 0002:0000000c       __imp__SetLastError@4      1001000c     kernel32:KERNEL32.dll
 0002:00000010       __imp__EnterCriticalSection@4 10010010     kernel32:KERNEL32.dll
 0002:00000014       __imp__GetModuleFileNameW@12 10010014     kernel32:KERNEL32.dll
 0002:00000018       __imp__LeaveCriticalSection@4 10010018     kernel32:KERNEL32.dll
 0002:0000001c       __imp__InitializeCriticalSection@4 1001001c     kernel32:KERNEL32.dll
 0002:00000020       __imp__GetCurrentThread@0  10010020     kernel32:KERNEL32.dll
 0002:00000024       __imp__LoadLibraryW@4      10010024     kernel32:KERNEL32.dll
 0002:00000028       __imp__GetProcAddress@8    10010028     kernel32:KERNEL32.dll
 0002:0000002c       __imp__DeleteCriticalSection@4 1001002c     kernel32:KERNEL32.dll
 0002:00000030       __imp__LCMapStringW@24     10010030     kernel32:KERNEL32.dll
 0002:00000034       __imp__GetModuleHandleW@4  10010034     kernel32:KERNEL32.dll
 0002:00000038       __imp__GetThreadTimes@20   10010038     kernel32:KERNEL32.dll
 0002:0000003c       __imp__VirtualQuery@12     1001003c     kernel32:KERNEL32.dll
 0002:00000040       __imp__CloseHandle@4       10010040     kernel32:KERNEL32.dll
 0002:00000044       __imp__UnhandledExceptionFilter@4 10010044     kernel32:KERNEL32.dll
 0002:00000048       __imp__SetUnhandledExceptionFilter@4 10010048     kernel32:KERNEL32.dll
 0002:0000004c       __imp__GetCurrentProcess@0 1001004c     kernel32:KERNEL32.dll
 0002:00000050       __imp__TerminateProcess@8  10010050     kernel32:KERNEL32.dll
 0002:00000054       __imp__IsProcessorFeaturePresent@4 10010054     kernel32:KERNEL32.dll
 0002:00000058       __imp__IsDebuggerPresent@0 10010058     kernel32:KERNEL32.dll
 0002:0000005c       __imp__GetStartupInfoW@4   1001005c     kernel32:KERNEL32.dll
 0002:00000060       __imp__QueryPerformanceCounter@4 10010060     kernel32:KERNEL32.dll
 0002:00000064       __imp__GetCurrentProcessId@0 10010064     kernel32:KERNEL32.dll
 0002:00000068       __imp__GetCurrentThreadId@0 10010068     kernel32:KERNEL32.dll
 0002:0000006c       __imp__GetSystemTimeAsFileTime@4 1001006c     kernel32:KERNEL32.dll
 0002:00000070       __imp__RtlUnwind@16        10010070     kernel32:KERNEL32.dll
 0002:00000074       __imp__RaiseException@16   10010074     kernel32:KERNEL32.dll
 0002:00000078       __imp__GetLastError@0      10010078     kernel32:KERNEL32.dll
 0002:0000007c       __imp__InitializeCriticalSectionAndSpinCount@8 1001007c     kernel32:KERNEL32.dll
 0002:00000080       __imp__TlsAlloc@0          10010080     kernel32:KERNEL32.dll
 0002:00000084       __imp__TlsGetValue@4       10010084     kernel32:KERNEL32.dll
 0002:00000088       __imp__TlsSetValue@8       10010088     kernel32:KERNEL32.dll
 0002:0000008c       __imp__TlsFree@4           1001008c     kernel32:KERNEL32.dll
 0002:00000090       __imp__FreeLibrary@4       10010090     kernel32:KERNEL32.dll
 0002:00000094       __imp__LoadLibraryExW@12   10010094     kernel32:KERNEL32.dll
 0002:00000098       __imp__ExitProcess@4       10010098     kernel32:KERNEL32.dll
 0002:0000009c       __imp__HeapFree@12         1001009c     kernel32:KERNEL32.dll
 0002:000000a0       __imp__HeapAlloc@12        100100a0     kernel32:KERNEL32.dll
 0002:000000a4       __imp__FindClose@4         100100a4     kernel32:KERNEL32.dll
 0002:000000a8       __imp__FindFirstFileExW@24 100100a8     kernel32:KERNEL32.dll
 0002:000000ac       __imp__FindNextFileW@8     100100ac     kernel32:KERNEL32.dll
 0002:000000b0       __imp__IsValidCodePage@4   100100b0     kernel32:KERNEL32.dll
 0002:000000b4       __imp__GetACP@0            100100b4     kernel32:KERNEL32.dll
 0002:000000b8       __imp__GetOEMCP@0          100100b8     kernel32:KERNEL32.dll
 0002:000000bc       __imp__GetCPInfo@8         100100bc     kernel32:KERNEL32.dll
 0002:000000c0       __imp__GetCommandLineA@0   100100c0     kernel32:KERNEL32.dll
 0002:000000c4       __imp__GetCommandLineW@0   100100c4     kernel32:KERNEL32.dll
 0002:000000c8       __imp__MultiByteToWideChar@24 100100c8     kernel32:KERNEL32.dll
 0002:000000cc       __imp__WideCharToMultiByte@32 100100cc     kernel32:KERNEL32.dll
 0002:000000d0       __imp__GetEnvironmentStringsW@0 100100d0     kernel32:KERNEL32.dll
 0002:000000d4       __imp__FreeEnvironmentStringsW@4 100100d4     kernel32:KERNEL32.dll
 0002:000000d8       __imp__GetProcessHeap@0    100100d8     kernel32:KERNEL32.dll
 0002:000000dc       __imp__GetStdHandle@4      100100dc     kernel32:KERNEL32.dll
 0002:000000e0       __imp__GetFileType@4       100100e0     kernel32:KERNEL32.dll
 0002:000000e4       __imp__GetStringTypeW@16   100100e4     kernel32:KERNEL32.dll
 0002:000000e8       __imp__HeapSize@12         100100e8     kernel32:KERNEL32.dll
 0002:000000ec       __imp__HeapReAlloc@16      100100ec     kernel32:KERNEL32.dll
 0002:000000f0       __imp__SetStdHandle@8      100100f0     kernel32:KERNEL32.dll
 0002:000000f4       __imp__FlushFileBuffers@4  100100f4     kernel32:KERNEL32.dll
 0002:000000f8       __imp__WriteFile@20        100100f8     kernel32:KERNEL32.dll
 0002:000000fc       __imp__GetConsoleCP@0      100100fc     kernel32:KERNEL32.dll
 0002:00000100       __imp__GetConsoleMode@8    10010100     kernel32:KERNEL32.dll
 0002:00000104       __imp__SetFilePointerEx@20 10010104     kernel32:KERNEL32.dll
 0002:00000108       __imp__CreateFileW@28      10010108     kernel32:KERNEL32.dll
 0002:0000010c       __imp__WriteConsoleW@20    1001010c     kernel32:KERNEL32.dll
 0002:00000110       \177KERNEL32_NULL_THUNK_DATA 10010110     kernel32:KERNEL32.dll
 0002:00000114       ___guard_check_icall_fptr  10010114     LIBCMT:guard_support.obj
 0002:00000118       ___xc_a                    10010118     LIBCMT:initializers.obj
 0002:0000011c       ___xc_z                    1001011c     LIBCMT:initializers.obj
 0002:00000120       ___xi_a                    10010120     LIBCMT:initializers.obj
 0002:00000124       ___acrt_multibyte_initializer 10010124     libucrt:multibyte_initializer.obj
 0002:00000128       ___acrt_stdio_initializer  10010128     libucrt:stdio_initializer.obj
 0002:0000012c       ___acrt_tran_sse2_initializer 1001012c     libucrt:sse2_initializer.obj
 0002:00000130       ___xi_z                    10010130     LIBCMT:initializers.obj
 0002:00000134       ___xp_a                    10010134     LIBCMT:initializers.obj
 0002:00000138       ___acrt_locale_terminator  10010138     libucrt:locale_initializer.obj
 0002:0000013c       ___dcrt_console_output_terminator 1001013c     libucrt:console_output_initializer.obj
 0002:00000140       ___acrt_stdio_terminator   10010140     libucrt:stdio_initializer.obj
 0002:00000144       ___xp_z                    10010144     LIBCMT:initializers.obj
 0002:00000148       ___xt_a                    10010148     LIBCMT:initializers.obj
 0002:0000014c       ___xt_z                    1001014c     LIBCMT:initializers.obj
 0002:00000150       __imp__EncodePointer@4     10010150     vc_crt_fix.obj
 0002:00000154       __imp__DecodePointer@4     10010154     vc_crt_fix.obj
 0002:00000158       __imp__GetModuleHandleExW@12 10010158     vc_crt_fix.obj
 0002:0000015c       __imp__InitializeSListHead@4 1001015c     vc_crt_fix.obj
 0002:00000160       __imp__InterlockedFlushSList@4 10010160     vc_crt_fix.obj
 0002:00000164       __imp__InterlockedPopEntrySList@4 10010164     vc_crt_fix.obj
 0002:00000168       __imp__InterlockedPushEntrySList@8 10010168     vc_crt_fix.obj
 0002:0000016c       __imp__InterlockedPushListSListEx@16 1001016c     vc_crt_fix.obj
 0002:00000170       __imp__RtlFirstEntrySList@4 10010170     vc_crt_fix.obj
 0002:00000174       __imp__QueryDepthSList@4   10010174     vc_crt_fix.obj
 0002:00000178       __imp__GetNumaHighestNodeNumber@4 10010178     vc_crt_fix.obj
 0002:0000017c       __imp__GetLogicalProcessorInformation@8 1001017c     vc_crt_fix.obj
 0002:00000180       __imp__SetThreadStackGuarantee@4 10010180     vc_crt_fix.obj
 0002:00000184       __imp__InitializeCriticalSectionEx@12 10010184     vc_crt_fix.obj
 0002:00000188       __imp__CompareStringEx@36  10010188     vc_crt_fix.obj
 0002:0000018c       __imp__LCMapStringEx@36    1001018c     vc_crt_fix.obj
 0002:00000194       ??_7type_info@@6B@         10010194     LIBCMT:std_type_info_static.obj
 0002:00000198       __pDefaultRawDllMain       10010198     LIBCMT:dll_dllmain.obj
 0002:00000198       __pRawDllMain              10010198     LIBCMT:dll_dllmain.obj
 0002:000001a8       ??_7exception@std@@6B@     100101a8     LIBCMT:throw_bad_alloc.obj
 0002:000001b0       ??_C@_0BC@EOODALEL@Unknown?5exception@ 100101b0     LIBCMT:throw_bad_alloc.obj
 0002:000001c8       ??_7bad_alloc@std@@6B@     100101c8     LIBCMT:throw_bad_alloc.obj
 0002:000001d0       ??_C@_0P@GHFPNOJB@bad?5allocation@ 100101d0     LIBCMT:throw_bad_alloc.obj
 0002:000001e4       ??_7bad_array_new_length@std@@6B@ 100101e4     LIBCMT:throw_bad_alloc.obj
 0002:000001ec       ??_C@_0BF@KINCDENJ@bad?5array?5new?5length@ 100101ec     LIBCMT:throw_bad_alloc.obj
 0002:00000204       __pDestructExceptionObject 10010204     libvcruntime:ehhelpers.obj
 0002:0000020c       ??_7bad_exception@std@@6B@ 1001020c     libvcruntime:frame.obj
 0002:00000214       ??_C@_0O@DPKOEFFH@bad?5exception@ 10010214     libvcruntime:frame.obj
 0002:000005a8       ??_C@_08EHJDFFNH@__based?$CI@ 100105a8     libvcruntime:undname.obj
 0002:000005b4       ??_C@_07KOLFKCDI@__cdecl@  100105b4     libvcruntime:undname.obj
 0002:000005bc       ??_C@_08GHMPAG@__pascal@   100105bc     libvcruntime:undname.obj
 0002:000005c8       ??_C@_09IFJBGAPI@__stdcall@ 100105c8     libvcruntime:undname.obj
 0002:000005d4       ??_C@_0L@NPHFGOKO@__thiscall@ 100105d4     libvcruntime:undname.obj
 0002:000005e0       ??_C@_0L@JMKHOMEK@__fastcall@ 100105e0     libvcruntime:undname.obj
 0002:000005ec       ??_C@_0N@BCKKPABJ@__vectorcall@ 100105ec     libvcruntime:undname.obj
 0002:000005fc       ??_C@_09HIJEGCPM@__clrcall@ 100105fc     libvcruntime:undname.obj
 0002:00000608       ??_C@_06GHPCKEAG@__eabi@   10010608     libvcruntime:undname.obj
 0002:00000610       ??_C@_09IOPIDJLG@__swift_1@ 10010610     libvcruntime:undname.obj
 0002:0000061c       ??_C@_09KFNFGKHF@__swift_2@ 1001061c     libvcruntime:undname.obj
 0002:00000628       ??_C@_07JOMMBBKO@__ptr64@  10010628     libvcruntime:undname.obj
 0002:00000630       ??_C@_0L@PILCLIHE@__restrict@ 10010630     libvcruntime:undname.obj
 0002:0000063c       ??_C@_0M@GFIIJFMG@__unaligned@ 1001063c     libvcruntime:undname.obj
 0002:00000648       ??_C@_09DHDLOLLB@restrict?$CI@ 10010648     libvcruntime:undname.obj
 0002:00000652       ??_C@_00CNPNBAHC@@         10010652     libvcruntime:undname.obj
 0002:00000654       ??_C@_04NIHEBCM@?5new@     10010654     libvcruntime:undname.obj
 0002:0000065c       ??_C@_07FPCDHGMM@?5delete@ 1001065c     libvcruntime:undname.obj
 0002:00000664       ??_C@_01NEMOKFLO@?$DN@     10010664     libvcruntime:undname.obj
 0002:00000668       ??_C@_02GPIOPFAK@?$DO?$DO@ 10010668     libvcruntime:undname.obj
 0002:0000066c       ??_C@_02FODMEDOG@?$DM?$DM@ 1001066c     libvcruntime:undname.obj
 0002:00000670       ??_C@_01DCLJPIOD@?$CB@     10010670     libvcruntime:undname.obj
 0002:00000674       ??_C@_02EGOFBIJA@?$DN?$DN@ 10010674     libvcruntime:undname.obj
 0002:00000678       ??_C@_02FDNJECIE@?$CB?$DN@ 10010678     libvcruntime:undname.obj
 0002:0000067c       ??_C@_02GPECMEKF@?$FL?$FN@ 1001067c     libvcruntime:undname.obj
 0002:00000680       ??_C@_08LHJFAFGD@operator@ 10010680     libvcruntime:undname.obj
 0002:0000068c       ??_C@_02HBOOOICD@?9?$DO@   1001068c     libvcruntime:undname.obj
 0002:00000690       ??_C@_01NBENCBCI@?$CK@     10010690     libvcruntime:undname.obj
 0002:00000694       ??_C@_02ECNGHCIF@?$CL?$CL@ 10010694     libvcruntime:undname.obj
 0002:00000698       ??_C@_02BAABKJLB@?9?9@     10010698     libvcruntime:undname.obj
 0002:0000069c       ??_C@_01JOAMLHOP@?9@       1001069c     libvcruntime:undname.obj
 0002:000006a0       ??_C@_01MIFGBAGJ@?$CL@     100106a0     libvcruntime:undname.obj
 0002:000006a4       ??_C@_01HNPIGOCE@?$CG@     100106a4     libvcruntime:undname.obj
 0002:000006a8       ??_C@_03MNHNFDLC@?9?$DO?$CK@ 100106a8     libvcruntime:undname.obj
 0002:000006ac       ??_C@_01KMDKNFGN@?1@       100106ac     libvcruntime:undname.obj
 0002:000006b0       ??_C@_01FGNFDNOH@?$CF@     100106b0     libvcruntime:undname.obj
 0002:000006b4       ??_C@_01MNNFJEPP@?$DM@     100106b4     libvcruntime:undname.obj
 0002:000006b8       ??_C@_02EHCHHCKH@?$DM?$DN@ 100106b8     libvcruntime:undname.obj
 0002:000006bc       ??_C@_01PPODPGHN@?$DO@     100106bc     libvcruntime:undname.obj
 0002:000006c0       ??_C@_02EEKDKGMJ@?$DO?$DN@ 100106c0     libvcruntime:undname.obj
 0002:000006c4       ??_C@_01IHBHIGKO@?0@       100106c4     libvcruntime:undname.obj
 0002:000006c8       ??_C@_02HCKGKOFO@?$CI?$CJ@ 100106c8     libvcruntime:undname.obj
 0002:000006cc       ??_C@_01PJKLJHI@?$HO@      100106cc     libvcruntime:undname.obj
 0002:000006d0       ??_C@_01JKBOJNNK@?$FO@     100106d0     libvcruntime:undname.obj
 0002:000006d4       ??_C@_01DNKMNLPK@?$HM@     100106d4     libvcruntime:undname.obj
 0002:000006d8       ??_C@_02PPKAJPJL@?$CG?$CG@ 100106d8     libvcruntime:undname.obj
 0002:000006dc       ??_C@_02NONPIBCD@?$HM?$HM@ 100106dc     libvcruntime:undname.obj
 0002:000006e0       ??_C@_02FPIMKNGF@?$CK?$DN@ 100106e0     libvcruntime:undname.obj
 0002:000006e4       ??_C@_02FOEOMHFC@?$CL?$DN@ 100106e4     libvcruntime:undname.obj
 0002:000006e8       ??_C@_02FKMDLLOA@?9?$DN@   100106e8     libvcruntime:undname.obj
 0002:000006ec       ??_C@_02FJEHGPIO@?1?$DN@   100106ec     libvcruntime:undname.obj
 0002:000006f0       ??_C@_02FENAOKFI@?$CF?$DN@ 100106f0     libvcruntime:undname.obj
 0002:000006f4       ??_C@_03IKFCCPFF@?$DO?$DO?$DN@ 100106f4     libvcruntime:undname.obj
 0002:000006f8       ??_C@_03CDNPDDLA@?$DM?$DM?$DN@ 100106f8     libvcruntime:undname.obj
 0002:000006fc       ??_C@_02FGJGFEAB@?$CG?$DN@ 100106fc     libvcruntime:undname.obj
 0002:00000700       ??_C@_02DHLNPPGH@?$HM?$DN@ 10010700     libvcruntime:undname.obj
 0002:00000704       ??_C@_02MHEGNOJ@?$FO?$DN@  10010704     libvcruntime:undname.obj
 0002:00000708       ??_C@_09IFPLHPGF@?$GAvftable?8@ 10010708     libvcruntime:undname.obj
 0002:00000714       ??_C@_09BLBHBJP@?$GAvbtable?8@ 10010714     libvcruntime:undname.obj
 0002:00000720       ??_C@_07FEEIOKP@?$GAvcall?8@ 10010720     libvcruntime:undname.obj
 0002:00000728       ??_C@_08LLFFHHDJ@?$GAtypeof?8@ 10010728     libvcruntime:undname.obj
 0002:00000734       ??_C@_0BF@KDPPACIK@?$GAlocal?5static?5guard?8@ 10010734     libvcruntime:undname.obj
 0002:0000074c       ??_C@_08OBABFOLI@?$GAstring?8@ 1001074c     libvcruntime:undname.obj
 0002:00000758       ??_C@_0BD@JDLKDPAB@?$GAvbase?5destructor?8@ 10010758     libvcruntime:undname.obj
 0002:0000076c       ??_C@_0BN@DEGPLNFK@?$GAvector?5deleting?5destructor?8@ 1001076c     libvcruntime:undname.obj
 0002:0000078c       ??_C@_0BO@OBMKPJIG@?$GAdefault?5constructor?5closure?8@ 1001078c     libvcruntime:undname.obj
 0002:000007ac       ??_C@_0BN@IMDCHIKM@?$GAscalar?5deleting?5destructor?8@ 100107ac     libvcruntime:undname.obj
 0002:000007cc       ??_C@_0BO@PFGOCPJJ@?$GAvector?5constructor?5iterator?8@ 100107cc     libvcruntime:undname.obj
 0002:000007ec       ??_C@_0BN@LFPFMEDL@?$GAvector?5destructor?5iterator?8@ 100107ec     libvcruntime:undname.obj
 0002:0000080c       ??_C@_0CE@IKBNEHA@?$GAvector?5vbase?5constructor?5itera@ 1001080c     libvcruntime:undname.obj
 0002:00000830       ??_C@_0BL@NILFHHPC@?$GAvirtual?5displacement?5map?8@ 10010830     libvcruntime:undname.obj
 0002:0000084c       ??_C@_0CB@JONCMFFK@?$GAeh?5vector?5constructor?5iterator@ 1001084c     libvcruntime:undname.obj
 0002:00000870       ??_C@_0CA@GCEOPDGL@?$GAeh?5vector?5destructor?5iterator?8@ 10010870     libvcruntime:undname.obj
 0002:00000890       ??_C@_0CH@OOJPLCPH@?$GAeh?5vector?5vbase?5constructor?5it@ 10010890     libvcruntime:undname.obj
 0002:000008b8       ??_C@_0BL@LLKPOHJI@?$GAcopy?5constructor?5closure?8@ 100108b8     libvcruntime:undname.obj
 0002:000008d4       ??_C@_0BA@KBCDOMBN@?$GAudt?5returning?8@ 100108d4     libvcruntime:undname.obj
 0002:000008e4       ??_C@_03KLGMFNMG@?$GAEH@   100108e4     libvcruntime:undname.obj
 0002:000008e8       ??_C@_05KHLCHHI@?$GARTTI@  100108e8     libvcruntime:undname.obj
 0002:000008f0       ??_C@_0BA@KKLDJDLB@?$GAlocal?5vftable?8@ 100108f0     libvcruntime:undname.obj
 0002:00000900       ??_C@_0CE@IIHCMGGL@?$GAlocal?5vftable?5constructor?5clos@ 10010900     libvcruntime:undname.obj
 0002:00000924       ??_C@_06FHBGPFGH@?5new?$FL?$FN@ 10010924     libvcruntime:undname.obj
 0002:0000092c       ??_C@_09LBNFPBCA@?5delete?$FL?$FN@ 1001092c     libvcruntime:undname.obj
 0002:00000938       ??_C@_0P@HJKNJFNN@?$GAomni?5callsig?8@ 10010938     libvcruntime:undname.obj
 0002:00000948       ??_C@_0BL@CNOONJFP@?$GAplacement?5delete?5closure?8@ 10010948     libvcruntime:undname.obj
 0002:00000964       ??_C@_0BN@CKNJLHMB@?$GAplacement?5delete?$FL?$FN?5closure?8@ 10010964     libvcruntime:undname.obj
 0002:00000984       ??_C@_0CG@CFDHKGGD@?$GAmanaged?5vector?5constructor?5ite@ 10010984     libvcruntime:undname.obj
 0002:000009ac       ??_C@_0CF@IMGKMJNO@?$GAmanaged?5vector?5destructor?5iter@ 100109ac     libvcruntime:undname.obj
 0002:000009d4       ??_C@_0CG@HLDDJMAG@?$GAeh?5vector?5copy?5constructor?5ite@ 100109d4     libvcruntime:undname.obj
 0002:000009fc       ??_C@_0CM@FCBBDIGB@?$GAeh?5vector?5vbase?5copy?5construct@ 100109fc     libvcruntime:undname.obj
 0002:00000a28       ??_C@_0BL@CLIPGLGB@?$GAdynamic?5initializer?5for?5?8@ 10010a28     libvcruntime:undname.obj
 0002:00000a44       ??_C@_0CB@PDBIFEP@?$GAdynamic?5atexit?5destructor?5for?5@ 10010a44     libvcruntime:undname.obj
 0002:00000a68       ??_C@_0CD@CGAJBKEJ@?$GAvector?5copy?5constructor?5iterat@ 10010a68     libvcruntime:undname.obj
 0002:00000a8c       ??_C@_0CJ@GJELGAMM@?$GAvector?5vbase?5copy?5constructor?5@ 10010a8c     libvcruntime:undname.obj
 0002:00000ab8       ??_C@_0CL@FGIJHLCE@?$GAmanaged?5vector?5copy?5constructo@ 10010ab8     libvcruntime:undname.obj
 0002:00000ae4       ??_C@_0BM@PMGGMLDN@?$GAlocal?5static?5thread?5guard?8@ 10010ae4     libvcruntime:undname.obj
 0002:00000b00       ??_C@_0N@BDNMDMOL@operator?5?$CC?$CC?5@ 10010b00     libvcruntime:undname.obj
 0002:00000b10       ??_C@_0BC@GGEBGALA@operator?5co_await@ 10010b10     libvcruntime:undname.obj
 0002:00000b24       ??_C@_0M@GAAIMMOH@operator?$DM?$DN?$DO@ 10010b24     libvcruntime:undname.obj
 0002:00000b30       ??_C@_0BC@DAFEJGAK@?5Type?5Descriptor?8@ 10010b30     libvcruntime:undname.obj
 0002:00000b44       ??_C@_0BM@LDKODKLH@?5Base?5Class?5Descriptor?5at?5?$CI@ 10010b44     libvcruntime:undname.obj
 0002:00000b60       ??_C@_0BD@LGICGFMM@?5Base?5Class?5Array?8@ 10010b60     libvcruntime:undname.obj
 0002:00000b74       ??_C@_0BN@MECKDCOJ@?5Class?5Hierarchy?5Descriptor?8@ 10010b74     libvcruntime:undname.obj
 0002:00000b94       ??_C@_0BK@CFCOFLF@?5Complete?5Object?5Locator?8@ 10010b94     libvcruntime:undname.obj
 0002:00000bb0       ??_C@_0BG@JNJLAMPM@?$GAanonymous?5namespace?8@ 10010bb0     libvcruntime:undname.obj
 0002:00000bd4       ??_C@_1DM@KHCHBNEB@?$AAa?$AAp?$AAi?$AA?9?$AAm?$AAs?$AA?9?$AAw?$AAi?$AAn?$AA?9?$AAc?$AAo?$AAr?$AAe@ 10010bd4     libvcruntime:winapi_downlevel.obj
 0002:00000c10       ??_C@_1DK@LPPGFMPP@?$AAa?$AAp?$AAi?$AA?9?$AAm?$AAs?$AA?9?$AAw?$AAi?$AAn?$AA?9?$AAc?$AAo?$AAr?$AAe@ 10010c10     libvcruntime:winapi_downlevel.obj
 0002:00000c4c       ??_C@_1BC@GDMECMAK@?$AAk?$AAe?$AAr?$AAn?$AAe?$AAl?$AA3?$AA2@ 10010c4c     libvcruntime:winapi_downlevel.obj
 0002:00000c60       ??_C@_1BA@PFFKHIOG@?$AAa?$AAp?$AAi?$AA?9?$AAm?$AAs?$AA?9@ 10010c60     libvcruntime:winapi_downlevel.obj
 0002:00000c78       ??_C@_08KNHFBNJ@FlsAlloc@  10010c78     libvcruntime:winapi_downlevel.obj
 0002:00000c8c       ??_C@_07PEJMOBNF@FlsFree@  10010c8c     libvcruntime:winapi_downlevel.obj
 0002:00000c9c       ??_C@_0M@GDNOONDI@FlsGetValue@ 10010c9c     libvcruntime:winapi_downlevel.obj
 0002:00000cb0       ??_C@_0M@JCPCPOEF@FlsSetValue@ 10010cb0     libvcruntime:winapi_downlevel.obj
 0002:00000cc8       ___acrt_exception_action_table 10010cc8     libucrt:exception_filter.obj
 0002:00000d58       ___acrt_signal_action_table_count 10010d58     libucrt:exception_filter.obj
 0002:00000d5c       ___acrt_signal_action_first_fpe_index 10010d5c     libucrt:exception_filter.obj
 0002:00000d60       ___acrt_signal_action_fpe_count 10010d60     libucrt:exception_filter.obj
 0002:00000d64       ??_C@_1BI@BGOHAHKC@?$AAm?$AAs?$AAc?$AAo?$AAr?$AAe?$AAe?$AA?4?$AAd?$AAl?$AAl@ 10010d64     libucrt:exit.obj
 0002:00000d7c       ??_C@_0P@MIGLKIOC@CorExitProcess@ 10010d7c     libucrt:exit.obj
 0002:00000e10       ___lc_time_c               10010e10     libucrt:nlsdata.obj
 0002:00000f74       ??_C@_03KOEHGMDN@Sun@      10010f74     libucrt:nlsdata.obj
 0002:00000f78       ??_C@_03PDAGKDH@Mon@       10010f78     libucrt:nlsdata.obj
 0002:00000f7c       ??_C@_03NAGEINEP@Tue@      10010f7c     libucrt:nlsdata.obj
 0002:00000f80       ??_C@_03MHOMLAJA@Wed@      10010f80     libucrt:nlsdata.obj
 0002:00000f84       ??_C@_03IOFIKPDN@Thu@      10010f84     libucrt:nlsdata.obj
 0002:00000f88       ??_C@_03IDIOELNC@Fri@      10010f88     libucrt:nlsdata.obj
 0002:00000f8c       ??_C@_03FEFJNEK@Sat@       10010f8c     libucrt:nlsdata.obj
 0002:00000f90       ??_C@_06OOPIFAJ@Sunday@    10010f90     libucrt:nlsdata.obj
 0002:00000f98       ??_C@_06JLEDEDGH@Monday@   10010f98     libucrt:nlsdata.obj
 0002:00000fa0       ??_C@_07BAAGCFCM@Tuesday@  10010fa0     libucrt:nlsdata.obj
 0002:00000fa8       ??_C@_09DLIGFAKA@Wednesday@ 10010fa8     libucrt:nlsdata.obj
 0002:00000fb4       ??_C@_08HACCIKIA@Thursday@ 10010fb4     libucrt:nlsdata.obj
 0002:00000fc0       ??_C@_06JECMNKMI@Friday@   10010fc0     libucrt:nlsdata.obj
 0002:00000fc8       ??_C@_08INBOOONO@Saturday@ 10010fc8     libucrt:nlsdata.obj
 0002:00000fd4       ??_C@_03JIHJHPIE@Jan@      10010fd4     libucrt:nlsdata.obj
 0002:00000fd8       ??_C@_03HJBDCHOM@Feb@      10010fd8     libucrt:nlsdata.obj
 0002:00000fdc       ??_C@_03ODNJBKGA@Mar@      10010fdc     libucrt:nlsdata.obj
 0002:00000fe0       ??_C@_03LEOLGMJP@Apr@      10010fe0     libucrt:nlsdata.obj
 0002:00000fe4       ??_C@_03CNMDKL@May@        10010fe4     libucrt:nlsdata.obj
 0002:00000fe8       ??_C@_03IDFGHECI@Jun@      10010fe8     libucrt:nlsdata.obj
 0002:00000fec       ??_C@_03LBGABGKK@Jul@      10010fec     libucrt:nlsdata.obj
 0002:00000ff0       ??_C@_03IFJFEIGA@Aug@      10010ff0     libucrt:nlsdata.obj
 0002:00000ff4       ??_C@_03GGCAPAJC@Sep@      10010ff4     libucrt:nlsdata.obj
 0002:00000ff8       ??_C@_03BMAOKBAD@Oct@      10010ff8     libucrt:nlsdata.obj
 0002:00000ffc       ??_C@_03JPJOFNIA@Nov@      10010ffc     libucrt:nlsdata.obj
 0002:00001000       ??_C@_03MKABNOCG@Dec@      10011000     libucrt:nlsdata.obj
 0002:00001004       ??_C@_07CGJPFGJA@January@  10011004     libucrt:nlsdata.obj
 0002:0000100c       ??_C@_08GNJGEPFN@February@ 1001100c     libucrt:nlsdata.obj
 0002:00001018       ??_C@_05HPCKOFNC@March@    10011018     libucrt:nlsdata.obj
 0002:00001020       ??_C@_05DMJDNLEJ@April@    10011020     libucrt:nlsdata.obj
 0002:00001028       ??_C@_04CNLMGBGM@June@     10011028     libucrt:nlsdata.obj
 0002:00001030       ??_C@_04MIEPOIFP@July@     10011030     libucrt:nlsdata.obj
 0002:00001038       ??_C@_06LBBHFDDG@August@   10011038     libucrt:nlsdata.obj
 0002:00001040       ??_C@_09BHHEALKD@September@ 10011040     libucrt:nlsdata.obj
 0002:0000104c       ??_C@_07JJNFCEND@October@  1001104c     libucrt:nlsdata.obj
 0002:00001054       ??_C@_08HCHEGEOA@November@ 10011054     libucrt:nlsdata.obj
 0002:00001060       ??_C@_08EDHMEBNP@December@ 10011060     libucrt:nlsdata.obj
 0002:0000106c       ??_C@_02DEDBPAFC@AM@       1001106c     libucrt:nlsdata.obj
 0002:00001070       ??_C@_02CJNFDJBF@PM@       10011070     libucrt:nlsdata.obj
 0002:00001074       ??_C@_08BPBNCDIB@MM?1dd?1yy@ 10011074     libucrt:nlsdata.obj
 0002:00001080       ??_C@_0BE@CKGJFCPC@dddd?0?5MMMM?5dd?0?5yyyy@ 10011080     libucrt:nlsdata.obj
 0002:00001094       ??_C@_08JCCMCCIL@HH?3mm?3ss@ 10011094     libucrt:nlsdata.obj
 0002:000010a0       ??_C@_17MBGCMIPB@?$AAS?$AAu?$AAn@ 100110a0     libucrt:nlsdata.obj
 0002:000010a8       ??_C@_17KBOMKBF@?$AAM?$AAo?$AAn@ 100110a8     libucrt:nlsdata.obj
 0002:000010b0       ??_C@_17BMKGEGOJ@?$AAT?$AAu?$AAe@ 100110b0     libucrt:nlsdata.obj
 0002:000010b8       ??_C@_17CJEDCEPE@?$AAW?$AAe?$AAd@ 100110b8     libucrt:nlsdata.obj
 0002:000010c0       ??_C@_17PDPHAADD@?$AAT?$AAh?$AAu@ 100110c0     libucrt:nlsdata.obj
 0002:000010c8       ??_C@_17HFOLPPLP@?$AAF?$AAr?$AAi@ 100110c8     libucrt:nlsdata.obj
 0002:000010d0       ??_C@_17GGIBDPIH@?$AAS?$AAa?$AAt@ 100110d0     libucrt:nlsdata.obj
 0002:000010d8       ??_C@_1O@IHNHDHPB@?$AAS?$AAu?$AAn?$AAd?$AAa?$AAy@ 100110d8     libucrt:nlsdata.obj
 0002:000010e8       ??_C@_1O@MMNBFLIA@?$AAM?$AAo?$AAn?$AAd?$AAa?$AAy@ 100110e8     libucrt:nlsdata.obj
 0002:000010f8       ??_C@_1BA@ENFBFFEK@?$AAT?$AAu?$AAe?$AAs?$AAd?$AAa?$AAy@ 100110f8     libucrt:nlsdata.obj
 0002:00001108       ??_C@_1BE@EBOGMDOH@?$AAW?$AAe?$AAd?$AAn?$AAe?$AAs?$AAd?$AAa?$AAy@ 10011108     libucrt:nlsdata.obj
 0002:0000111c       ??_C@_1BC@HHMNLIHE@?$AAT?$AAh?$AAu?$AAr?$AAs?$AAd?$AAa?$AAy@ 1001111c     libucrt:nlsdata.obj
 0002:00001130       ??_C@_1O@PDICJHAG@?$AAF?$AAr?$AAi?$AAd?$AAa?$AAy@ 10011130     libucrt:nlsdata.obj
 0002:00001140       ??_C@_1BC@ENMNNPAJ@?$AAS?$AAa?$AAt?$AAu?$AAr?$AAd?$AAa?$AAy@ 10011140     libucrt:nlsdata.obj
 0002:00001154       ??_C@_17DKNBKCHM@?$AAJ?$AAa?$AAn@ 10011154     libucrt:nlsdata.obj
 0002:0000115c       ??_C@_17LMDJEKJN@?$AAF?$AAe?$AAb@ 1001115c     libucrt:nlsdata.obj
 0002:00001164       ??_C@_17CKNLEDEC@?$AAM?$AAa?$AAr@ 10011164     libucrt:nlsdata.obj
 0002:0000116c       ??_C@_17LFPOIHDD@?$AAA?$AAp?$AAr@ 1001116c     libucrt:nlsdata.obj
 0002:00001174       ??_C@_17PNNKMEED@?$AAM?$AAa?$AAy@ 10011174     libucrt:nlsdata.obj
 0002:0000117c       ??_C@_17KCJGOCPB@?$AAJ?$AAu?$AAn@ 1001117c     libucrt:nlsdata.obj
 0002:00001184       ??_C@_17IJPCKHK@?$AAJ?$AAu?$AAl@ 10011184     libucrt:nlsdata.obj
 0002:0000118c       ??_C@_17ICPELBCN@?$AAA?$AAu?$AAg@ 1001118c     libucrt:nlsdata.obj
 0002:00001194       ??_C@_17HCHCOKMG@?$AAS?$AAe?$AAp@ 10011194     libucrt:nlsdata.obj
 0002:0000119c       ??_C@_17FNLKOI@?$AAO?$AAc?$AAt@ 1001119c     libucrt:nlsdata.obj
 0002:000011a4       ??_C@_17BBDMLCIG@?$AAN?$AAo?$AAv@ 100111a4     libucrt:nlsdata.obj
 0002:000011ac       ??_C@_17EGKACKIF@?$AAD?$AAe?$AAc@ 100111ac     libucrt:nlsdata.obj
 0002:000011b4       ??_C@_1BA@EFMEIEBA@?$AAJ?$AAa?$AAn?$AAu?$AAa?$AAr?$AAy@ 100111b4     libucrt:nlsdata.obj
 0002:000011c4       ??_C@_1BC@JGDDFFAM@?$AAF?$AAe?$AAb?$AAr?$AAu?$AAa?$AAr?$AAy@ 100111c4     libucrt:nlsdata.obj
 0002:000011d8       ??_C@_1M@IKEENEDF@?$AAM?$AAa?$AAr?$AAc?$AAh@ 100111d8     libucrt:nlsdata.obj
 0002:000011e4       ??_C@_1M@GJNLMHFD@?$AAA?$AAp?$AAr?$AAi?$AAl@ 100111e4     libucrt:nlsdata.obj
 0002:000011f0       ??_C@_19EPFLPGAP@?$AAJ?$AAu?$AAn?$AAe@ 100111f0     libucrt:nlsdata.obj
 0002:000011fc       ??_C@_19BIFMLPCD@?$AAJ?$AAu?$AAl?$AAy@ 100111fc     libucrt:nlsdata.obj
 0002:00001208       ??_C@_1O@PAHLKOAC@?$AAA?$AAu?$AAg?$AAu?$AAs?$AAt@ 10011208     libucrt:nlsdata.obj
 0002:00001218       ??_C@_1BE@DKAAMBJL@?$AAS?$AAe?$AAp?$AAt?$AAe?$AAm?$AAb?$AAe?$AAr@ 10011218     libucrt:nlsdata.obj
 0002:0000122c       ??_C@_1BA@EPANDLNG@?$AAO?$AAc?$AAt?$AAo?$AAb?$AAe?$AAr@ 1001122c     libucrt:nlsdata.obj
 0002:0000123c       ??_C@_1BC@BGLIFPF@?$AAN?$AAo?$AAv?$AAe?$AAm?$AAb?$AAe?$AAr@ 1001123c     libucrt:nlsdata.obj
 0002:00001250       ??_C@_1BC@FEMKIFH@?$AAD?$AAe?$AAc?$AAe?$AAm?$AAb?$AAe?$AAr@ 10011250     libucrt:nlsdata.obj
 0002:00001264       ??_C@_15ODEHAHHF@?$AAA?$AAM@ 10011264     libucrt:nlsdata.obj
 0002:0000126c       ??_C@_15CLMNNGEL@?$AAP?$AAM@ 1001126c     libucrt:nlsdata.obj
 0002:00001274       ??_C@_1BC@IEBCMHCM@?$AAM?$AAM?$AA?1?$AAd?$AAd?$AA?1?$AAy?$AAy@ 10011274     libucrt:nlsdata.obj
 0002:00001288       ??_C@_1CI@KNAKOEBC@?$AAd?$AAd?$AAd?$AAd?$AA?0?$AA?5?$AAM?$AAM?$AAM?$AAM?$AA?5?$AAd?$AAd?$AA?0?$AA?5@ 10011288     libucrt:nlsdata.obj
 0002:000012b0       ??_C@_1BC@GDGBMEMK@?$AAH?$AAH?$AA?3?$AAm?$AAm?$AA?3?$AAs?$AAs@ 100112b0     libucrt:nlsdata.obj
 0002:000012c4       ??_C@_1M@BMHNFIME@?$AAe?$AAn?$AA?9?$AAU?$AAS@ 100112c4     libucrt:nlsdata.obj
 0002:00001448       ??_C@_1M@HPNHIDJI@?$AAj?$AAa?$AA?9?$AAJ?$AAP@ 10011448     libucrt:mbctype.obj
 0002:00001454       ??_C@_1M@BIBDDEMK@?$AAz?$AAh?$AA?9?$AAC?$AAN@ 10011454     libucrt:mbctype.obj
 0002:00001460       ??_C@_1M@JLOOOEGK@?$AAk?$AAo?$AA?9?$AAK?$AAR@ 10011460     libucrt:mbctype.obj
 0002:0000146c       ??_C@_1M@CLNBBOPM@?$AAz?$AAh?$AA?9?$AAT?$AAW@ 1001146c     libucrt:mbctype.obj
 0002:000014c8       ??_C@_1EA@JGEFHKEI@?$AAa?$AAp?$AAi?$AA?9?$AAm?$AAs?$AA?9?$AAw?$AAi?$AAn?$AA?9?$AAc?$AAo?$AAr?$AAe@ 100114c8     libucrt:winapi_thunks.obj
 0002:00001508       ??_C@_1DI@IJCEHOCB@?$AAa?$AAp?$AAi?$AA?9?$AAm?$AAs?$AA?9?$AAw?$AAi?$AAn?$AA?9?$AAc?$AAo?$AAr?$AAe@ 10011508     libucrt:winapi_thunks.obj
 0002:00001540       ??_C@_1EI@MPIAOHOC@?$AAa?$AAp?$AAi?$AA?9?$AAm?$AAs?$AA?9?$AAw?$AAi?$AAn?$AA?9?$AAc?$AAo?$AAr?$AAe@ 10011540     libucrt:winapi_thunks.obj
 0002:00001588       ??_C@_1FK@FPHCKFIE@?$AAa?$AAp?$AAi?$AA?9?$AAm?$AAs?$AA?9?$AAw?$AAi?$AAn?$AA?9?$AAc?$AAo?$AAr?$AAe@ 10011588     libucrt:winapi_thunks.obj
 0002:000015e8       ??_C@_1EM@DILCGIIO@?$AAa?$AAp?$AAi?$AA?9?$AAm?$AAs?$AA?9?$AAw?$AAi?$AAn?$AA?9?$AAc?$AAo?$AAr?$AAe@ 100115e8     libucrt:winapi_thunks.obj
 0002:00001634       ??_C@_1DM@LNCGDDPN@?$AAa?$AAp?$AAi?$AA?9?$AAm?$AAs?$AA?9?$AAw?$AAi?$AAn?$AA?9?$AAc?$AAo?$AAr?$AAe@ 10011634     libucrt:winapi_thunks.obj
 0002:00001670       ??_C@_1DO@FPAPJEMD@?$AAa?$AAp?$AAi?$AA?9?$AAm?$AAs?$AA?9?$AAw?$AAi?$AAn?$AA?9?$AAc?$AAo?$AAr?$AAe@ 10011670     libucrt:winapi_thunks.obj
 0002:000016b0       ??_C@_1DK@NDHNAHIO@?$AAa?$AAp?$AAi?$AA?9?$AAm?$AAs?$AA?9?$AAw?$AAi?$AAn?$AA?9?$AAc?$AAo?$AAr?$AAe@ 100116b0     libucrt:winapi_thunks.obj
 0002:000016ec       ??_C@_1DM@KGHDGBCM@?$AAa?$AAp?$AAi?$AA?9?$AAm?$AAs?$AA?9?$AAw?$AAi?$AAn?$AA?9?$AAc?$AAo?$AAr?$AAe@ 100116ec     libucrt:winapi_thunks.obj
 0002:00001728       ??_C@_1EO@IJIOEFOH@?$AAa?$AAp?$AAi?$AA?9?$AAm?$AAs?$AA?9?$AAw?$AAi?$AAn?$AA?9?$AAr?$AAt?$AAc?$AAo@ 10011728     libucrt:winapi_thunks.obj
 0002:00001778       ??_C@_1FG@HHGEKANL@?$AAa?$AAp?$AAi?$AA?9?$AAm?$AAs?$AA?9?$AAw?$AAi?$AAn?$AA?9?$AAs?$AAe?$AAc?$AAu@ 10011778     libucrt:winapi_thunks.obj
 0002:000017d0       ??_C@_1EG@DBIOJECG@?$AAe?$AAx?$AAt?$AA?9?$AAm?$AAs?$AA?9?$AAw?$AAi?$AAn?$AA?9?$AAn?$AAt?$AAu?$AAs@ 100117d0     libucrt:winapi_thunks.obj
 0002:00001818       ??_C@_1EO@FIHMJCLF@?$AAe?$AAx?$AAt?$AA?9?$AAm?$AAs?$AA?9?$AAw?$AAi?$AAn?$AA?9?$AAn?$AAt?$AAu?$AAs@ 10011818     libucrt:winapi_thunks.obj
 0002:00001868       ??_C@_1BC@DNHGCMLG@?$AAa?$AAd?$AAv?$AAa?$AAp?$AAi?$AA3?$AA2@ 10011868     libucrt:winapi_thunks.obj
 0002:0000187c       ??_C@_1M@OAIMIKLP@?$AAn?$AAt?$AAd?$AAl?$AAl@ 1001187c     libucrt:winapi_thunks.obj
 0002:00001888       ??_C@_1EG@DPGNFKGC@?$AAa?$AAp?$AAi?$AA?9?$AAm?$AAs?$AA?9?$AAw?$AAi?$AAn?$AA?9?$AAa?$AAp?$AAp?$AAm@ 10011888     libucrt:winapi_thunks.obj
 0002:000018d0       ??_C@_1O@BCCLBEOE@?$AAu?$AAs?$AAe?$AAr?$AA3?$AA2@ 100118d0     libucrt:winapi_thunks.obj
 0002:000018e0       ??_C@_1BA@IAIFMGEF@?$AAe?$AAx?$AAt?$AA?9?$AAm?$AAs?$AA?9@ 100118e0     libucrt:winapi_thunks.obj
 0002:000018f4       ??_C@_0BA@FHFNEAED@AreFileApisANSI@ 100118f4     libucrt:winapi_thunks.obj
 0002:00001934       ??_C@_0O@KKBNKAPF@LCMapStringEx@ 10011934     libucrt:winapi_thunks.obj
 0002:0000194c       ??_C@_0BB@HBDEELFH@LocaleNameToLCID@ 1001194c     libucrt:winapi_thunks.obj
 0002:00001964       ??_C@_0CF@OJOFEIGO@AppPolicyGetProcessTerminationM@ 10011964     libucrt:winapi_thunks.obj
 0002:00001990       ___newctype                10011990     libucrt:ctype.obj
 0002:00001c90       ___newclmap                10011c90     libucrt:ctype.obj
 0002:00001e10       ___newcumap                10011e10     libucrt:ctype.obj
 0002:00001f90       __wctype                   10011f90     libucrt:ctype.obj
 0002:00002194       ??_C@_15PJPFLCCM@?$AAu?$AAk@ 10012194     libucrt:get_qualified_locale.obj
 0002:000028c0       ??_C@_15EMKDOKLE@?$AAa?$AAr@ 100128c0     libucrt:lcidtoname_downlevel.obj
 0002:000028c8       ??_C@_15KNPADPLH@?$AAb?$AAg@ 100128c8     libucrt:lcidtoname_downlevel.obj
 0002:000028d0       ??_C@_15EDMHLDMO@?$AAc?$AAa@ 100128d0     libucrt:lcidtoname_downlevel.obj
 0002:000028d8       ??_C@_1O@BPEAJADD@?$AAz?$AAh?$AA?9?$AAC?$AAH?$AAS@ 100128d8     libucrt:lcidtoname_downlevel.obj
 0002:000028e8       ??_C@_15LJNHCMNK@?$AAc?$AAs@ 100128e8     libucrt:lcidtoname_downlevel.obj
 0002:000028f0       ??_C@_15FOMCIDHG@?$AAd?$AAa@ 100128f0     libucrt:lcidtoname_downlevel.obj
 0002:000028f8       ??_C@_15NBKABECB@?$AAd?$AAe@ 100128f8     libucrt:lcidtoname_downlevel.obj
 0002:00002900       ??_C@_15GHPEIIAO@?$AAe?$AAl@ 10012900     libucrt:lcidtoname_downlevel.obj
 0002:00002908       ??_C@_15MNPNEAIF@?$AAe?$AAn@ 10012908     libucrt:lcidtoname_downlevel.obj
 0002:00002910       ??_C@_15GPIOMPMH@?$AAe?$AAs@ 10012910     libucrt:lcidtoname_downlevel.obj
 0002:00002918       ??_C@_15NGLOAKJC@?$AAf?$AAi@ 10012918     libucrt:lcidtoname_downlevel.obj
 0002:00002920       ??_C@_15FBKGNKAM@?$AAf?$AAr@ 10012920     libucrt:lcidtoname_downlevel.obj
 0002:00002928       ??_C@_15KGGCNEFK@?$AAh?$AAe@ 10012928     libucrt:lcidtoname_downlevel.obj
 0002:00002930       ??_C@_15PGHLIDMF@?$AAh?$AAu@ 10012930     libucrt:lcidtoname_downlevel.obj
 0002:00002938       ??_C@_15BIEMAPLM@?$AAi?$AAs@ 10012938     libucrt:lcidtoname_downlevel.obj
 0002:00002940       ??_C@_15IFJLDHAF@?$AAi?$AAt@ 10012940     libucrt:lcidtoname_downlevel.obj
 0002:00002948       ??_C@_15GEMIOCAG@?$AAj?$AAa@ 10012948     libucrt:lcidtoname_downlevel.obj
 0002:00002950       ??_C@_15EPELEGJA@?$AAk?$AAo@ 10012950     libucrt:lcidtoname_downlevel.obj
 0002:00002958       ??_C@_15NDDHIMN@?$AAn?$AAl@ 10012958     libucrt:lcidtoname_downlevel.obj
 0002:00002960       ??_C@_15BPIGNHCD@?$AAn?$AAo@ 10012960     libucrt:lcidtoname_downlevel.obj
 0002:00002968       ??_C@_15DEOPBLCG@?$AAp?$AAl@ 10012968     libucrt:lcidtoname_downlevel.obj
 0002:00002970       ??_C@_15KBECGEFG@?$AAp?$AAt@ 10012970     libucrt:lcidtoname_downlevel.obj
 0002:00002978       ??_C@_15GLJCBFMD@?$AAr?$AAo@ 10012978     libucrt:lcidtoname_downlevel.obj
 0002:00002980       ??_C@_15FEDGKCDI@?$AAr?$AAu@ 10012980     libucrt:lcidtoname_downlevel.obj
 0002:00002988       ??_C@_15GLKMLLHM@?$AAh?$AAr@ 10012988     libucrt:lcidtoname_downlevel.obj
 0002:00002990       ??_C@_15CPKMFBDB@?$AAs?$AAk@ 10012990     libucrt:lcidtoname_downlevel.obj
 0002:00002998       ??_C@_15BAAIOGMK@?$AAs?$AAq@ 10012998     libucrt:lcidtoname_downlevel.obj
 0002:000029a0       ??_C@_15INNPNOHD@?$AAs?$AAv@ 100129a0     libucrt:lcidtoname_downlevel.obj
 0002:000029a8       ??_C@_15CABMMOGH@?$AAt?$AAh@ 100129a8     libucrt:lcidtoname_downlevel.obj
 0002:000029b0       ??_C@_15BPLIHJJM@?$AAt?$AAr@ 100129b0     libucrt:lcidtoname_downlevel.obj
 0002:000029b8       ??_C@_15NEOEKKDJ@?$AAu?$AAr@ 100129b8     libucrt:lcidtoname_downlevel.obj
 0002:000029c0       ??_C@_15NFICGAJK@?$AAi?$AAd@ 100129c0     libucrt:lcidtoname_downlevel.obj
 0002:000029c8       ??_C@_15HPJPHDM@?$AAb?$AAe@ 100129c8     libucrt:lcidtoname_downlevel.obj
[...]
 0002:000043fe       One                        100143fe     libucrt:87disp.obj
 0002:00004406       Three                      10014406     libucrt:87disp.obj
 0002:0000440e       XAMtoTagTab                1001440e     libucrt:87disp.obj
 0002:00004420       One                        10014420     libucrt:common.obj
 0002:00004434       DblMax                     10014434     libucrt:common.obj
 0002:0000443c       DblMin                     1001443c     libucrt:common.obj
 0002:00004444       IeeeAdjO                   10014444     libucrt:common.obj
 0002:0000444c       IeeeAdjU                   1001444c     libucrt:common.obj
 0002:00004454       _infinity                  10014454     libucrt:common.obj
 0002:0000445c       _zero                      1001445c     libucrt:common.obj
 0002:00004498       _over                      10014498     libucrt:fpctrl.obj
 0002:000044a4       _under                     100144a4     libucrt:fpctrl.obj
 0002:00004cd8       ?_names@?1??_get_fname@@9@9 10014cd8     libucrt:fpexcept.obj
 0002:00004e80       two32                      10014e80     LIBCMT:ftol2.obj
 0002:00004e84       two63                      10014e84     LIBCMT:ftol2.obj
 0002:00004e88       _NaN                       10014e88     LIBCMT:ftol2.obj
 0002:00005124       ?ntdll@modules@@3QB_WB     10015124     vc_crt_fix_impl.obj
 0002:00005130       ?kernel32@modules@@3QB_WB  10015130     vc_crt_fix_impl.obj
 0002:00005820       __unwindtable$_SetStartupInfoW@4 10015820     AutoWrap.obj
 0002:00005828       __ehfuncinfo$_SetStartupInfoW@4 10015828     AutoWrap.obj
 0002:0000584c       __unwindtable$_OpenW@4     1001584c     AutoWrap.obj
 0002:0000585c       __ehfuncinfo$_OpenW@4      1001585c     AutoWrap.obj
 0002:00005880       __sehtable$___scrt_is_nonwritable_in_current_image 10015880     LIBCMT:utility.obj
 0002:000058a0       __sehtable$?dllmain_crt_process_attach@@YAHQAUHINSTANCE__@@QAX@Z 100158a0     LIBCMT:dll_dllmain.obj
 0002:000058c0       __sehtable$?dllmain_crt_process_detach@@YAH_N@Z 100158c0     LIBCMT:dll_dllmain.obj
 0002:000058e8       __sehtable$?dllmain_dispatch@@YAHQAUHINSTANCE__@@KQAX@Z 100158e8     LIBCMT:dll_dllmain.obj
 0002:00005998       __sehtable$___DestructExceptionObject 10015998     libvcruntime:ehhelpers.obj
 0002:000059b8       __sehtable$?FrameUnwindToState@__FrameHandler3@@SAXPAUEHRegistrationNode@@PAXPBU_s_FuncInfo@@H@Z 100159b8     libvcruntime:frame.obj
 0002:000059e0       __sehtable$?CallCatchBlock@@YAPAXPAUEHExceptionRecord@@PAUEHRegistrationNode@@PAU_CONTEXT@@PBU_s_FuncInfo@@PAXHK@Z 100159e0     libvcruntime:frame.obj
 0002:00005a08       __catchsym$?CallUnexpected@@YAXPBU_s_ESTypeList@@@Z$2 10015a08     libvcruntime:frame.obj
 0002:00005a18       __unwindtable$?CallUnexpected@@YAXPBU_s_ESTypeList@@@Z 10015a18     libvcruntime:frame.obj
 0002:00005a28       __tryblocktable$?CallUnexpected@@YAXPBU_s_ESTypeList@@@Z 10015a28     libvcruntime:frame.obj
 0002:00005a3c       __ehfuncinfo$?CallUnexpected@@YAXPBU_s_ESTypeList@@@Z 10015a3c     libvcruntime:frame.obj
 0002:00005a60       __sehtable$??$BuildCatchObjectHelperInternal@V__FrameHandler3@@@@YAHPAUEHExceptionRecord@@PAXPBU_s_HandlerType@@PBU_s_CatchableType@@@Z 10015a60     libvcruntime:frame.obj
 0002:00005a80       __sehtable$??$BuildCatchObjectInternal@V__FrameHandler3@@@@YAXPAUEHExceptionRecord@@PAXPBU_s_HandlerType@@PBU_s_CatchableType@@@Z 10015a80     libvcruntime:frame.obj
 0002:00005ad8       __sehtable$__query_new_handler 10015ad8     libucrt:new_handler.obj
 0002:00005af8       __sehtable$??R<lambda_6e4b09c48022b2350581041d5f6b0c4c>@@QBE@XZ 10015af8     libucrt:exit.obj
 0002:00005b18       __sehtable$??$?RV<lambda_03b1d95aef87969028cfba75ccab2455>@@AAV<lambda_6e4b09c48022b2350581041d5f6b0c4c>@@V<lambda_22bdf7517842c4b3e53723af5aa32b9e>@@@?$__crt_seh_guarded_call@X@@QAEX$$QAV<lambda_03b1d95aef87969028cfba75ccab2455>@@AAV<lambda_6e4b09c48022b2350581041d5f6b0c4c>@@$$QAV<lambda_22bdf7517842c4b3e53723af5aa32b9e>@@@Z 10015b18     libucrt:exit.obj
 0002:00005b38       __sehtable$??$?RV<lambda_8e746cf0007f6ed984d6f78af1fec997>@@AAV<lambda_22ebabd17bc4fa466a2aca6d8deb888d>@@V<lambda_18ed0c0b38a6dc0daf1e7ac6d6adf05e>@@@?$__crt_seh_guarded_call@H@@QAEH$$QAV<lambda_8e746cf0007f6ed984d6f78af1fec997>@@AAV<lambda_22ebabd17bc4fa466a2aca6d8deb888d>@@$$QAV<lambda_18ed0c0b38a6dc0daf1e7ac6d6adf05e>@@@Z 10015b38     libucrt:onexit.obj
 0002:00005b58       __sehtable$??$?RV<lambda_69a2805e680e0e292e8ba93315fe43a8>@@AAV<lambda_f03950bc5685219e0bcd2087efbe011e>@@V<lambda_03fcd07e894ec930e3f35da366ca99d6>@@@?$__crt_seh_guarded_call@H@@QAEH$$QAV<lambda_69a2805e680e0e292e8ba93315fe43a8>@@AAV<lambda_f03950bc5685219e0bcd2087efbe011e>@@$$QAV<lambda_03fcd07e894ec930e3f35da366ca99d6>@@@Z 10015b58     libucrt:onexit.obj
 0002:00005b78       __sehtable$_terminate      10015b78     libucrt:terminate.obj
 0002:00005b98       __sehtable$??$?RV<lambda_15ade71b0218206bbe3333a0c9b79046>@@AAV<lambda_da44e0f8b0f19ba52fefafb335991732>@@V<lambda_207f2d024fc103971653565357d6cd41>@@@?$__crt_seh_guarded_call@X@@QAEX$$QAV<lambda_15ade71b0218206bbe3333a0c9b79046>@@AAV<lambda_da44e0f8b0f19ba52fefafb335991732>@@$$QAV<lambda_207f2d024fc103971653565357d6cd41>@@@Z 10015b98     libucrt:per_thread_data.obj
 0002:00005bb8       __sehtable$??$?RV<lambda_a7e850c220f1c8d1e6efeecdedd162c6>@@AAV<lambda_46720907175c18b6c9d2717bc0d2d362>@@V<lambda_9048902d66e8d99359bc9897bbb930a8>@@@?$__crt_seh_guarded_call@X@@QAEX$$QAV<lambda_a7e850c220f1c8d1e6efeecdedd162c6>@@AAV<lambda_46720907175c18b6c9d2717bc0d2d362>@@$$QAV<lambda_9048902d66e8d99359bc9897bbb930a8>@@@Z 10015bb8     libucrt:per_thread_data.obj
 0002:00005bd8       __sehtable$??$?RV<lambda_38edbb1296d33220d7e4dd0ed76b244a>@@AAV<lambda_5ce1d447e08cb34b2473517608e21441>@@V<lambda_fb385d3da700c9147fc39e65dd577a8c>@@@?$__crt_seh_guarded_call@X@@QAEX$$QAV<lambda_38edbb1296d33220d7e4dd0ed76b244a>@@AAV<lambda_5ce1d447e08cb34b2473517608e21441>@@$$QAV<lambda_fb385d3da700c9147fc39e65dd577a8c>@@@Z 10015bd8     libucrt:per_thread_data.obj
 0002:00005bf8       __sehtable$??$?RV<lambda_6affb1475c98b40b75cdec977db92e3c>@@AAV<lambda_b8d4b9c228a6ecc3f80208dbb4b4a104>@@V<lambda_608742c3c92a14382c1684fc64f96c88>@@@?$__crt_seh_guarded_call@X@@QAEX$$QAV<lambda_6affb1475c98b40b75cdec977db92e3c>@@AAV<lambda_b8d4b9c228a6ecc3f80208dbb4b4a104>@@$$QAV<lambda_608742c3c92a14382c1684fc64f96c88>@@@Z 10015bf8     libucrt:per_thread_data.obj
 0002:00005c18       __sehtable$??$?RV<lambda_e5124f882df8998aaf41531e079ba474>@@AAV<lambda_3e16ef9562a7dcce91392c22ab16ea36>@@V<lambda_e25ca0880e6ef98be67edffd8c599615>@@@?$__crt_seh_guarded_call@X@@QAEX$$QAV<lambda_e5124f882df8998aaf41531e079ba474>@@AAV<lambda_3e16ef9562a7dcce91392c22ab16ea36>@@$$QAV<lambda_e25ca0880e6ef98be67edffd8c599615>@@@Z 10015c18     libucrt:wsetlocale.obj
 0002:00005c38       __sehtable$?update_thread_multibyte_data_internal@@YAPAU__crt_multibyte_data@@QAU__acrt_ptd@@QAPAU1@@Z 10015c38     libucrt:mbctype.obj
 0002:00005c58       __sehtable$??$?RV<lambda_ceb1ee4838e85a9d631eb091e2fbe199>@@AAV<lambda_ae742caa10f662c28703da3d2ea5e57e>@@V<lambda_cd08b5d6af4937fe54fc07d0c9bf6b37>@@@?$__crt_seh_guarded_call@X@@QAEX$$QAV<lambda_ceb1ee4838e85a9d631eb091e2fbe199>@@AAV<lambda_ae742caa10f662c28703da3d2ea5e57e>@@$$QAV<lambda_cd08b5d6af4937fe54fc07d0c9bf6b37>@@@Z 10015c58     libucrt:mbctype.obj
 0002:00005c78       __sehtable$___acrt_initialize_lowio 10015c78     libucrt:ioinit.obj
 0002:00005c98       __sehtable$_raise          10015c98     libucrt:signal.obj
 0002:00005cb8       __sehtable$??$?RV<lambda_cbab9ec6f41b0180b23cc171c22676b0>@@AAV<lambda_44731a7d0e6d81c3e6aa82d741081786>@@V<lambda_4b292cb8dd18144e164572427af410ab>@@@?$__crt_seh_guarded_call@P6AXH@Z@@QAEP6AXH@Z$$QAV<lambda_cbab9ec6f41b0180b23cc171c22676b0>@@AAV<lambda_44731a7d0e6d81c3e6aa82d741081786>@@$$QAV<lambda_4b292cb8dd18144e164572427af410ab>@@@Z 10015cb8     libucrt:signal.obj
 0002:00005cd8       __sehtable$??$?RV<lambda_2866be3712abc81a800a822484c830d8>@@AAV<lambda_39ca0ed439415581b5b15c265174cece>@@V<lambda_2b24c74d71094a6cd0cb82e44167d71b>@@@?$__crt_seh_guarded_call@X@@QAEX$$QAV<lambda_2866be3712abc81a800a822484c830d8>@@AAV<lambda_39ca0ed439415581b5b15c265174cece>@@$$QAV<lambda_2b24c74d71094a6cd0cb82e44167d71b>@@@Z 10015cd8     libucrt:fflush.obj
 0002:00005cf8       __sehtable$??$?RV<lambda_2cc53f568c5a2bb6f192f930a45d44ea>@@AAV<lambda_ab61a845afdef5b7c387490eaf3616ee>@@V<lambda_c2ffc0b7726aa6be21d5f0026187e748>@@@?$__crt_seh_guarded_call@X@@QAEX$$QAV<lambda_2cc53f568c5a2bb6f192f930a45d44ea>@@AAV<lambda_ab61a845afdef5b7c387490eaf3616ee>@@$$QAV<lambda_c2ffc0b7726aa6be21d5f0026187e748>@@@Z 10015cf8     libucrt:fflush.obj
 0002:00005d18       __sehtable$___acrt_update_thread_locale_data 10015d18     libucrt:locale_refcounting.obj
 0002:00005d38       __sehtable$___acrt_lowio_ensure_fh_exists 10015d38     libucrt:osfinfo.obj
 0002:00005d58       __sehtable$??$?RV<lambda_9e9de3de5fa147e2223d7db92bc10aa6>@@AAV<lambda_38ce7e780aa69e748d6df282ebc68efe>@@V<lambda_8ca6da459f0f6780f1cff60fdc3d00e5>@@@?$__crt_seh_guarded_call@H@@QAEH$$QAV<lambda_9e9de3de5fa147e2223d7db92bc10aa6>@@AAV<lambda_38ce7e780aa69e748d6df282ebc68efe>@@$$QAV<lambda_8ca6da459f0f6780f1cff60fdc3d00e5>@@@Z 10015d58     libucrt:commit.obj
 0002:00005d78       __sehtable$__write         10015d78     libucrt:write.obj
 0002:00005d98       __sehtable$__fcloseall     10015d98     libucrt:closeall.obj
 0002:00005db8       __sehtable$_fclose         10015db8     libucrt:fclose.obj
 0002:00005dd8       __sehtable$??$?RV<lambda_218ce3db14220d0be481dae8ef3383b6>@@AAV<lambda_628dfdc04ba53c8bfc02c9951375f3f5>@@V<lambda_57dc472bd5c9d5f3b2cbca59b8a843ae>@@@?$__crt_seh_guarded_call@H@@QAEH$$QAV<lambda_218ce3db14220d0be481dae8ef3383b6>@@AAV<lambda_628dfdc04ba53c8bfc02c9951375f3f5>@@$$QAV<lambda_57dc472bd5c9d5f3b2cbca59b8a843ae>@@@Z 10015dd8     libucrt:close.obj
 0002:00005df8       __sehtable$__IsNonwritableInCurrentImage 10015df8     LIBCMT:pesect.obj
 0002:00005e20       .edata                     10015e20     AutoWrap.exp
 0002:00005e48       rgpv                       10015e48     AutoWrap.exp
 0002:00005e5c       rgszName                   10015e5c     AutoWrap.exp
 0002:00005e70       rgwOrd                     10015e70     AutoWrap.exp
 0002:00005e7a       szName                     10015e7a     AutoWrap.exp
 0002:00005e87       $N00001                    10015e87     AutoWrap.exp
 0002:00005e96       $N00002                    10015e96     AutoWrap.exp
 0002:00005ea5       $N00003                    10015ea5     AutoWrap.exp
 0002:00005eab       $N00004                    10015eab     AutoWrap.exp
 0002:00005ebf       $N00005                    10015ebf     AutoWrap.exp
 0002:0000613c       .idata$6                   1001613c     kernel32:KERNEL32.dll
 0003:00000010       ?__vcrt_flsindex@@3KA      10017010     libvcruntime:per_thread_data.obj
 0003:00000040       ?__acrt_flsindex@@3KA      10017040     libucrt:per_thread_data.obj
 0003:0000010c       ?errno_no_memory@@3HA      1001710c     libucrt:errno.obj
 0003:00000110       ?doserrno_no_memory@@3KA   10017110     libucrt:errno.obj
 0003:00000338       __mbctypes                 10017338     libucrt:mbctype.obj
 0003:00000440       __mbcasemaps               10017440     libucrt:mbctype.obj
 0003:00000540       ?__rgctypeflag@@3PADA      10017540     libucrt:mbctype.obj
 0003:00000548       ?__rgcode_page_info@@3PAUcode_page_info@@A 10017548     libucrt:mbctype.obj
 0003:00000840       ?__dcrt_lowio_console_output_handle@@3PAXA 10017840     libucrt:initcon.obj
 0003:00000998       ?is_initialized_as_dll@@3_NA 10017998     LIBCMT:utility.obj
 0003:00000999       ?module_local_atexit_table_initialized@@3_NA 10017999     LIBCMT:utility.obj
 0003:0000099c       ?module_local_atexit_table@@3U_onexit_table_t@@A 1001799c     LIBCMT:utility.obj
 0003:000009a8       ?module_local_at_quick_exit_table@@3U_onexit_table_t@@A 100179a8     LIBCMT:utility.obj
 0003:000009b4       ?__proc_attached@@3HA      100179b4     LIBCMT:dll_dllmain.obj
 0003:000009b8       _GS_ExceptionRecord        100179b8     LIBCMT:gs_report.obj
 0003:00000a08       _GS_ContextRecord          10017a08     LIBCMT:gs_report.obj
 0003:00000cfc       ?__vcrt_startup_thread_ptd@@3U__vcrt_ptd@@A 10017cfc     libvcruntime:per_thread_data.obj
 0003:00000d28       ___vcrt_lock_table         10017d28     libvcruntime:locks.obj
 0003:00000d40       ___vcrt_locks_initialized  10017d40     libvcruntime:locks.obj
 0003:00000d6c       ?heap@@3V_HeapManager@@A   10017d6c     libvcruntime:undname.obj
 0003:00000d80       ?module_handles@@3PAPAUHINSTANCE__@@A 10017d80     libvcruntime:winapi_downlevel.obj
 0003:00000d8c       ?function_pointers@@3PAPAXA 10017d8c     libvcruntime:winapi_downlevel.obj
 0003:00000da0       ?__acrt_new_handler@@3V?$dual_state_global@P6AHI@Z@__crt_state_management@@A 10017da0     libucrt:new_handler.obj
 0003:00000da4       ?c_termination_complete@@3JA 10017da4     libucrt:exit.obj
 0003:00000da8       ?thread_local_exit_callback_func@@3P6GXPAXK0@ZA 10017da8     libucrt:exit.obj
 0003:00000db0       ?program_name@?1???$common_configure_argv@D@@YAHW4_crt_argv_mode@@@Z@4PADA 10017db0     libucrt:argv_parsing.obj
 0003:00000ee8       ?__acrt_lock_table@@3PAU_RTL_CRITICAL_SECTION@@A 10017ee8     libucrt:locks.obj
 0003:00001038       ?__acrt_locks_initialized@@3IA 10018038     libucrt:locks.obj
 0003:0000103c       ?__acrt_invalid_parameter_handler@@3V?$dual_state_global@P6AXPB_W00II@Z@__crt_state_management@@A 1001803c     libucrt:invalid_parameter.obj
 0003:0000104c       ?fSystemSet@@3HA           1001804c     libucrt:mbctype.obj
 0003:00001050       ?initialized@?1??__acrt_initialize_multibyte@@9@4_NA 10018050     libucrt:mbctype.obj
 0003:00001070       ?module_handles@@3PAPAUHINSTANCE__@@A 10018070     libucrt:winapi_thunks.obj
 0003:000010c0       ?encoded_function_pointers@@3PAPAXA 100180c0     libucrt:winapi_thunks.obj
 0003:00001354       ?ctrlc_action@@3V?$dual_state_global@P6AXH@Z@__crt_state_management@@A 10018354     libucrt:signal.obj
 0003:00001358       ?ctrlbreak_action@@3V?$dual_state_global@P6AXH@Z@__crt_state_management@@A 10018358     libucrt:signal.obj
 0003:0000135c       ?abort_action@@3V?$dual_state_global@P6AXH@Z@__crt_state_management@@A 1001835c     libucrt:signal.obj
 0003:00001360       ?term_action@@3V?$dual_state_global@P6AXH@Z@__crt_state_management@@A 10018360     libucrt:signal.obj
 0003:00001364       ?user_matherr@@3V?$dual_state_global@P6AHPAU_exception@@@Z@__crt_state_management@@A 10018364     libucrt:matherr.obj
 0003:00001378       ?internal_state@?1??_mbtowc_l@@9@4U_Mbstatet@@A 10018378     libucrt:mbtowc.obj
 0003:00001388       ?__acrt_global_new_mode@@3V?$dual_state_global@J@__crt_state_management@@A 10018388     libucrt:new_mode.obj
 0003:0000138c       ?__acrt_app_type@@3W4_crt_app_type@@A 1001838c     libucrt:report_runtime_error.obj
 0003:00001390       ?internal_pst@?1??__mbrtoc32_utf8@__crt_mbstring@@YAIPA_UPBDIPAU_Mbstatet@@@Z@4U3@A 10018390     libucrt:mbrtoc32.obj
 0003:0000139c       __pmatherr_set             1001839c     libucrt:libm_error.obj
 0003:000013a0       ?Reenter@?1??ProcessEditorInputW@@9@4@4HA 100183a0     AutoWrap.obj
 0003:000013b0       ?FSF@@3UFarStandardFunctions@@A 100183b0     AutoWrap.obj
 0003:00001478       ?PsInfo@@3UPluginStartupInfo@@A 10018478     AutoWrap.obj
 0003:00001510       ?Opt@@3UOptions@@A         10018510     AutoWrap.obj
 0003:00001d18       ?PluginMenuStrings@?1??GetPluginInfoW@@9@4@4PAPB_WA 10018d18     AutoWrap.obj
 0003:00001d1c       ?Function@?1??RtlFirstEntrySListWrapper@@9@4@4Q6GPAU_SINGLE_LIST_ENTRY@@PAT_SLIST_HEADER@@@ZA 10018d1c     vc_crt_fix_impl.obj
 0003:00001d20       ?$S17@?1??CompareStringExWrapper@@9@36@4IA 10018d20     vc_crt_fix_impl.obj
 0003:00001d24       ?Cookie@?1??XorPointer@@YAPAXPAX@Z@4IB 10018d24     vc_crt_fix_impl.obj
 0003:00001d28       ?$S1@?1??XorPointer@@YAPAXPAX@Z@4IA 10018d28     vc_crt_fix_impl.obj
 0003:00001d2c       ?Function@?1??CompareStringExWrapper@@9@36@4Q6GHPB_WK0H0HPAU_nlsversioninfo@@PAXJ@ZA 10018d2c     vc_crt_fix_impl.obj
 0003:00001d30       ?Function@?1??InterlockedPushEntrySListWrapper@@9@8@4Q6GPAU_SINGLE_LIST_ENTRY@@PAT_SLIST_HEADER@@PAU2@@ZA 10018d30     vc_crt_fix_impl.obj
 0003:00001d34       ?Function@?1??EncodePointerWrapper@@9@4@4Q6GPAXPAX@ZA 10018d34     vc_crt_fix_impl.obj
 0003:00001d38       ?Function@?1??DecodePointerWrapper@@9@4@4Q6GPAXPAX@ZA 10018d38     vc_crt_fix_impl.obj
 0003:00001d3c       ?Function@?1??QueryDepthSListWrapper@@9@4@4Q6GGPAT_SLIST_HEADER@@@ZA 10018d3c     vc_crt_fix_impl.obj
 0003:00001d40       ?$S9@?1??InterlockedPushEntrySListWrapper@@9@8@4IA 10018d40     vc_crt_fix_impl.obj
 0003:00001d44       ?$S11@?1??RtlFirstEntrySListWrapper@@9@4@4IA 10018d44     vc_crt_fix_impl.obj
 0003:00001d48       ?$S12@?1??QueryDepthSListWrapper@@9@4@4IA 10018d48     vc_crt_fix_impl.obj
 0003:00001d50       ?Deleter@?1??InitializeSListHead@implementation@slist@@YGXPAT_SLIST_HEADER@@@Z@4Vservice_deleter@23@A 10018d50     vc_crt_fix_impl.obj
 0003:00001d70       ?$S15@?1??SetThreadStackGuaranteeWrapper@@9@4@4IA 10018d70     vc_crt_fix_impl.obj
 0003:00001d74       ?Function@?1??SetThreadStackGuaranteeWrapper@@9@4@4Q6GHPAK@ZA 10018d74     vc_crt_fix_impl.obj
 0003:00001d78       ?Function@?1??LCMapStringExWrapper@@9@36@4Q6GHPB_WK0HPA_WHPAU_nlsversioninfo@@PAXJ@ZA 10018d78     vc_crt_fix_impl.obj
 0003:00001d7c       ?$S3@?1??DecodePointerWrapper@@9@4@4IA 10018d7c     vc_crt_fix_impl.obj
 0003:00001d80       ?Function@?1??InterlockedPushListSListExWrapper@@9@16@4Q6GPAU_SINGLE_LIST_ENTRY@@PAT_SLIST_HEADER@@PAU2@1K@ZA 10018d80     vc_crt_fix_impl.obj
 0003:00001d84       ?Function@?1??GetModuleHandleExWWrapper@@9@12@4Q6GHKPB_WPAPAUHINSTANCE__@@@ZA 10018d84     vc_crt_fix_impl.obj
 0003:00001d88       ?$S2@?1??EncodePointerWrapper@@9@4@4IA 10018d88     vc_crt_fix_impl.obj
 0003:00001d8c       ?Function@?1??GetLogicalProcessorInformationWrapper@@9@8@4Q6GHPAU_SYSTEM_LOGICAL_PROCESSOR_INFORMATION@@PAK@ZA 10018d8c     vc_crt_fix_impl.obj
 0003:00001d90       ?$S18@?1??LCMapStringExWrapper@@9@36@4IA 10018d90     vc_crt_fix_impl.obj
 0003:00001d94       ?$S6@?1??InitializeSListHeadWrapper@@9@4@4IA 10018d94     vc_crt_fix_impl.obj
 0003:00001d98       ?Function@?1??InitializeCriticalSectionExWrapper@@9@12@4Q6GHPAU_RTL_CRITICAL_SECTION@@KK@ZA 10018d98     vc_crt_fix_impl.obj
 0003:00001d9c       ?Function@?1??InterlockedFlushSListWrapper@@9@4@4Q6GPAU_SINGLE_LIST_ENTRY@@PAT_SLIST_HEADER@@@ZA 10018d9c     vc_crt_fix_impl.obj
 0003:00001da0       ?$S14@?1??GetLogicalProcessorInformationWrapper@@9@8@4IA 10018da0     vc_crt_fix_impl.obj
 0003:00001da4       ?$S13@?1??GetNumaHighestNodeNumberWrapper@@9@4@4IA 10018da4     vc_crt_fix_impl.obj
 0003:00001da8       ?Function@?1??InterlockedPopEntrySListWrapper@@9@4@4Q6GPAU_SINGLE_LIST_ENTRY@@PAT_SLIST_HEADER@@@ZA 10018da8     vc_crt_fix_impl.obj
 0003:00001dac       ?Function@?1??InitializeSListHeadWrapper@@9@4@4Q6GXPAT_SLIST_HEADER@@@ZA 10018dac     vc_crt_fix_impl.obj
 0003:00001db0       ?$S8@?1??InterlockedPopEntrySListWrapper@@9@4@4IA 10018db0     vc_crt_fix_impl.obj
 0003:00001db4       ?$S5@?1??InitializeSListHead@implementation@slist@@YGXPAT_SLIST_HEADER@@@Z@4IA 10018db4     vc_crt_fix_impl.obj
 0003:00001db8       ?$S7@?1??InterlockedFlushSListWrapper@@9@4@4IA 10018db8     vc_crt_fix_impl.obj
 0003:00001dbc       ?$S10@?1??InterlockedPushListSListExWrapper@@9@16@4IA 10018dbc     vc_crt_fix_impl.obj
 0003:00001dc0       ?$S16@?1??InitializeCriticalSectionExWrapper@@9@12@4IA 10018dc0     vc_crt_fix_impl.obj
 0003:00001dc4       ?$S4@?1??GetModuleHandleExWWrapper@@9@12@4IA 10018dc4     vc_crt_fix_impl.obj
 0003:00001dcc       ?Function@?1??GetNumaHighestNodeNumberWrapper@@9@4@4Q6GHPAK@ZA 10018dcc     vc_crt_fix_impl.obj
 0004:00000060       $R000000                   10019060     AutoWrap.res
